08-02 16:06:03.388  1544  1630 V vold    : Copying 8 blocks at offset 3758489600
08-02 16:06:03.388  1544  1630 V vold    : Copying 8 blocks at offset 3758522368
08-02 16:06:03.388  1544  1630 V vold    : Copying 8 blocks at offset 3758555136
08-02 16:06:03.389  1544  1630 V vold    : Copying 8 blocks at offset 3758587904
08-02 16:06:03.389  1544  1630 V vold    : Copying 8 blocks at offset 3758620672
08-02 16:06:03.389  1544  1630 V vold    : Copying 8 blocks at offset 3758653440
08-02 16:06:03.389  1544  1630 V vold    : Copying 8 blocks at offset 3758686208
08-02 16:06:03.389  1544  1630 V vold    : Copying 8 blocks at offset 3758718976
08-02 16:06:03.390  1544  1630 V vold    : Copying 8 blocks at offset 3758751744
08-02 16:06:03.390  1544  1630 V vold    : Copying 8 blocks at offset 3758784512
08-02 16:06:03.390  1544  1630 V vold    : Copying 8 blocks at offset 3758817280
08-02 16:06:03.390  1544  1630 V vold    : Copying 8 blocks at offset 3758850048
08-02 16:06:03.391  1544  1630 V vold    : Copying 8 blocks at offset 3758882816
08-02 16:06:03.391  1544  1630 V vold    : Copying 8 blocks at offset 3758915584
08-02 16:06:03.391  1544  1630 V vold    : Copying 8 blocks at offset 3758948352
08-02 16:06:03.391  1544  1630 V vold    : Copying 8 blocks at offset 3758981120
08-02 16:06:03.392  1544  1630 V vold    : Copying 8 blocks at offset 3759013888
08-02 16:06:03.392  1544  1630 V vold    : Copying 8 blocks at offset 3759046656
08-02 16:06:03.392  1544  1630 V vold    : Copying 8 blocks at offset 3759079424
08-02 16:06:03.393  1544  1630 V vold    : Copying 8 blocks at offset 3759112192
08-02 16:06:03.393  1544  1630 V vold    : Copying 8 blocks at offset 3759144960
08-02 16:06:03.393  1544  1630 V vold    : Copying 8 blocks at offset 3759177728
08-02 16:06:03.393  1544  1630 V vold    : Copying 8 blocks at offset 3759210496
08-02 16:06:03.393  1544  1630 V vold    : Copying 8 blocks at offset 3759243264
08-02 16:06:03.394  1544  1630 V vold    : Copying 8 blocks at offset 3759276032
08-02 16:06:03.394  1544  1630 V vold    : Copying 8 blocks at offset 3759308800
08-02 16:06:03.394  1544  1630 V vold    : Copying 8 blocks at offset 3759341568
08-02 16:06:03.394  1544  1630 V vold    : Copying 8 blocks at offset 3759374336
08-02 16:06:03.394  1544  1630 V vold    : Copying 8 blocks at offset 3759407104
08-02 16:06:03.395  1544  1630 V vold    : Copying 8 blocks at offset 3759439872
08-02 16:06:03.395  1544  1630 V vold    : Copying 8 blocks at offset 3759472640
08-02 16:06:03.395  1544  1630 V vold    : Copying 8 blocks at offset 3759505408
08-02 16:06:03.395  1544  1630 V vold    : Copying 8 blocks at offset 3759538176
08-02 16:06:03.395  1544  1630 V vold    : Copying 8 blocks at offset 3759570944
08-02 16:06:03.395  1544  1630 V vold    : Copying 8 blocks at offset 3759603712
08-02 16:06:03.396  1544  1630 V vold    : Copying 8 blocks at offset 3759636480
08-02 16:06:03.396  1544  1630 V vold    : Copying 8 blocks at offset 3759669248
08-02 16:06:03.396  1544  1630 V vold    : Copying 8 blocks at offset 3759702016
08-02 16:06:03.396  1544  1630 V vold    : Copying 8 blocks at offset 3759734784
08-02 16:06:03.397  1544  1630 V vold    : Copying 8 blocks at offset 3759767552
08-02 16:06:03.397  1544  1630 V vold    : Copying 8 blocks at offset 3759800320
08-02 16:06:03.397  1544  1630 V vold    : Copying 8 blocks at offset 3759833088
08-02 16:06:03.397  1544  1630 V vold    : Copying 8 blocks at offset 3759865856
08-02 16:06:03.397  1544  1630 V vold    : Copying 8 blocks at offset 3759898624
08-02 16:06:03.398  1544  1630 V vold    : Copying 8 blocks at offset 3759931392
08-02 16:06:03.398  1544  1630 V vold    : Copying 8 blocks at offset 3759964160
08-02 16:06:03.398  1544  1630 V vold    : Copying 8 blocks at offset 3759996928
08-02 16:06:03.398  1544  1630 V vold    : Copying 8 blocks at offset 3760029696
08-02 16:06:03.398  1544  1630 V vold    : Copying 8 blocks at offset 3760062464
08-02 16:06:03.398  1544  1630 V vold    : Copying 8 blocks at offset 3760095232
08-02 16:06:03.398  1544  1630 V vold    : Copying 8 blocks at offset 3760128000
08-02 16:06:03.399  1544  1630 V vold    : Copying 8 blocks at offset 3760160768
08-02 16:06:03.399  1544  1630 V vold    : Copying 2 blocks at offset 3760193536
08-02 16:06:03.401  1544  1630 I vold    : Encrypting group 29
08-02 16:06:03.401  1544  1630 V vold    : Copying 8 blocks at offset 3892314112
08-02 16:06:03.402  1544  1630 I vold    : Encrypted to sector 470025216
08-02 16:06:03.402  1544  1630 I vold    : Encrypting from sector 486539264
08-02 16:06:03.402  1544  1630 V vold    : Copying 8 blocks at offset 3892346880
08-02 16:06:03.402  1544  1630 V vold    : Copying 8 blocks at offset 3892379648
08-02 16:06:03.403  1544  1630 V vold    : Copying 8 blocks at offset 3892412416
08-02 16:06:03.403  1544  1630 V vold    : Copying 8 blocks at offset 3892445184
08-02 16:06:03.403  1544  1630 V vold    : Copying 8 blocks at offset 3892477952
08-02 16:06:03.404  1544  1630 V vold    : Copying 8 blocks at offset 3892510720
08-02 16:06:03.405  1544  1630 V vold    : Copying 8 blocks at offset 3892543488
08-02 16:06:03.405  1544  1630 V vold    : Copying 8 blocks at offset 3892576256
08-02 16:06:03.405  1544  1630 V vold    : Copying 8 blocks at offset 3892609024
08-02 16:06:03.406  1544  1630 V vold    : Copying 8 blocks at offset 3892641792
08-02 16:06:03.406  1544  1630 V vold    : Copying 8 blocks at offset 3892674560
08-02 16:06:03.407  1544  1630 V vold    : Copying 8 blocks at offset 3892707328
08-02 16:06:03.407  1544  1630 V vold    : Copying 8 blocks at offset 3892740096
08-02 16:06:03.407  1544  1630 V vold    : Copying 8 blocks at offset 3892772864
08-02 16:06:03.408  1544  1630 V vold    : Copying 8 blocks at offset 3892805632
08-02 16:06:03.408  1544  1630 V vold    : Copying 8 blocks at offset 3892838400
08-02 16:06:03.408  1544  1630 V vold    : Copying 8 blocks at offset 3892871168
08-02 16:06:03.409  1544  1630 V vold    : Copying 8 blocks at offset 3892903936
08-02 16:06:03.409  1544  1630 V vold    : Copying 8 blocks at offset 3892936704
08-02 16:06:03.409  1544  1630 V vold    : Copying 8 blocks at offset 3892969472
08-02 16:06:03.410  1544  1630 V vold    : Copying 8 blocks at offset 3893002240
08-02 16:06:03.410  1544  1630 V vold    : Copying 8 blocks at offset 3893035008
08-02 16:06:03.411  1544  1630 V vold    : Copying 8 blocks at offset 3893067776
08-02 16:06:03.411  1544  1630 V vold    : Copying 8 blocks at offset 3893100544
08-02 16:06:03.411  1544  1630 V vold    : Copying 8 blocks at offset 3893133312
08-02 16:06:03.411  1544  1630 V vold    : Copying 8 blocks at offset 3893166080
08-02 16:06:03.412  1544  1630 V vold    : Copying 8 blocks at offset 3893198848
08-02 16:06:03.412  1544  1630 V vold    : Copying 8 blocks at offset 3893231616
08-02 16:06:03.412  1544  1630 V vold    : Copying 8 blocks at offset 3893264384
08-02 16:06:03.412  1544  1630 V vold    : Copying 8 blocks at offset 3893297152
08-02 16:06:03.413  1544  1630 V vold    : Copying 8 blocks at offset 3893329920
08-02 16:06:03.413  1544  1630 V vold    : Copying 8 blocks at offset 3893362688
08-02 16:06:03.413  1544  1630 V vold    : Copying 8 blocks at offset 3893395456
08-02 16:06:03.414  1544  1630 V vold    : Copying 8 blocks at offset 3893428224
08-02 16:06:03.414  1544  1630 V vold    : Copying 8 blocks at offset 3893460992
08-02 16:06:03.414  1544  1630 V vold    : Copying 8 blocks at offset 3893493760
08-02 16:06:03.415  1544  1630 V vold    : Copying 8 blocks at offset 3893526528
08-02 16:06:03.415  1544  1630 V vold    : Copying 8 blocks at offset 3893559296
08-02 16:06:03.415  1544  1630 V vold    : Copying 8 blocks at offset 3893592064
08-02 16:06:03.416  1544  1630 V vold    : Copying 8 blocks at offset 3893624832
08-02 16:06:03.416  1544  1630 V vold    : Copying 8 blocks at offset 3893657600
08-02 16:06:03.416  1544  1630 V vold    : Copying 8 blocks at offset 3893690368
08-02 16:06:03.416  1544  1630 V vold    : Copying 8 blocks at offset 3893723136
08-02 16:06:03.416  1544  1630 V vold    : Copying 8 blocks at offset 3893755904
08-02 16:06:03.416  1544  1630 V vold    : Copying 8 blocks at offset 3893788672
08-02 16:06:03.417  1544  1630 V vold    : Copying 8 blocks at offset 3893821440
08-02 16:06:03.417  1544  1630 V vold    : Copying 8 blocks at offset 3893854208
08-02 16:06:03.417  1544  1630 V vold    : Copying 8 blocks at offset 3893886976
08-02 16:06:03.417  1544  1630 V vold    : Copying 8 blocks at offset 3893919744
08-02 16:06:03.418  1544  1630 V vold    : Copying 8 blocks at offset 3893952512
08-02 16:06:03.418  1544  1630 V vold    : Copying 8 blocks at offset 3893985280
08-02 16:06:03.418  1544  1630 V vold    : Copying 8 blocks at offset 3894018048
08-02 16:06:03.418  1544  1630 V vold    : Copying 8 blocks at offset 3894050816
08-02 16:06:03.419  1544  1630 V vold    : Copying 8 blocks at offset 3894083584
08-02 16:06:03.419  1544  1630 V vold    : Copying 8 blocks at offset 3894116352
08-02 16:06:03.419  1544  1630 V vold    : Copying 8 blocks at offset 3894149120
08-02 16:06:03.419  1544  1630 V vold    : Copying 8 blocks at offset 3894181888
08-02 16:06:03.420  1544  1630 V vold    : Copying 8 blocks at offset 3894214656
08-02 16:06:03.420  1544  1630 V vold    : Copying 8 blocks at offset 3894247424
08-02 16:06:03.420  1544  1630 V vold    : Copying 8 blocks at offset 3894280192
08-02 16:06:03.420  1544  1630 V vold    : Copying 8 blocks at offset 3894312960
08-02 16:06:03.421  1544  1630 V vold    : Copying 8 blocks at offset 3894345728
08-02 16:06:03.421  1544  1630 V vold    : Copying 8 blocks at offset 3894378496
08-02 16:06:03.421  1544  1630 V vold    : Copying 2 blocks at offset 3894411264
08-02 16:06:03.423  1544  1630 I vold    : Encrypting group 30
08-02 16:06:03.423  1544  1630 V vold    : Copying 8 blocks at offset 4026531840
08-02 16:06:03.424  1544  1630 I vold    : Encrypted to sector 486802432
08-02 16:06:03.424  1544  1630 I vold    : Encrypting from sector 503316480
08-02 16:06:03.424  1544  1630 V vold    : Copying 8 blocks at offset 4026564608
08-02 16:06:03.425  1544  1630 V vold    : Copying 8 blocks at offset 4026597376
08-02 16:06:03.425  1544  1630 V vold    : Copying 8 blocks at offset 4026630144
08-02 16:06:03.425  1544  1630 V vold    : Copying 8 blocks at offset 4026662912
08-02 16:06:03.426  1544  1630 V vold    : Copying 8 blocks at offset 4026695680
08-02 16:06:03.426  1544  1630 V vold    : Copying 8 blocks at offset 4026728448
08-02 16:06:03.426  1544  1630 V vold    : Copying 8 blocks at offset 4026761216
08-02 16:06:03.426  1544  1630 V vold    : Copying 8 blocks at offset 4026793984
08-02 16:06:03.426  1544  1630 V vold    : Copying 8 blocks at offset 4026826752
08-02 16:06:03.427  1544  1630 V vold    : Copying 8 blocks at offset 4026859520
08-02 16:06:03.427  1544  1630 V vold    : Copying 8 blocks at offset 4026892288
08-02 16:06:03.427  1544  1630 V vold    : Copying 8 blocks at offset 4026925056
08-02 16:06:03.428  1544  1630 V vold    : Copying 8 blocks at offset 4026957824
08-02 16:06:03.428  1544  1630 V vold    : Copying 8 blocks at offset 4026990592
08-02 16:06:03.428  1544  1630 V vold    : Copying 8 blocks at offset 4027023360
08-02 16:06:03.428  1544  1630 V vold    : Copying 8 blocks at offset 4027056128
08-02 16:06:03.429  1544  1630 V vold    : Copying 8 blocks at offset 4027088896
08-02 16:06:03.429  1544  1630 V vold    : Copying 8 blocks at offset 4027121664
08-02 16:06:03.429  1544  1630 V vold    : Copying 8 blocks at offset 4027154432
08-02 16:06:03.429  1544  1630 V vold    : Copying 8 blocks at offset 4027187200
08-02 16:06:03.430  1544  1630 V vold    : Copying 8 blocks at offset 4027219968
08-02 16:06:03.430  1544  1630 V vold    : Copying 8 blocks at offset 4027252736
08-02 16:06:03.430  1544  1630 V vold    : Copying 8 blocks at offset 4027285504
08-02 16:06:03.430  1544  1630 V vold    : Copying 8 blocks at offset 4027318272
08-02 16:06:03.430  1544  1630 V vold    : Copying 8 blocks at offset 4027351040
08-02 16:06:03.431  1544  1630 V vold    : Copying 8 blocks at offset 4027383808
08-02 16:06:03.431  1544  1630 V vold    : Copying 8 blocks at offset 4027416576
08-02 16:06:03.431  1544  1630 V vold    : Copying 8 blocks at offset 4027449344
08-02 16:06:03.431  1544  1630 V vold    : Copying 8 blocks at offset 4027482112
08-02 16:06:03.432  1544  1630 V vold    : Copying 8 blocks at offset 4027514880
08-02 16:06:03.432  1544  1630 V vold    : Copying 8 blocks at offset 4027547648
08-02 16:06:03.432  1544  1630 V vold    : Copying 8 blocks at offset 4027580416
08-02 16:06:03.433  1544  1630 V vold    : Copying 8 blocks at offset 4027613184
08-02 16:06:03.433  1544  1630 V vold    : Copying 8 blocks at offset 4027645952
08-02 16:06:03.433  1544  1630 V vold    : Copying 8 blocks at offset 4027678720
08-02 16:06:03.433  1544  1630 V vold    : Copying 8 blocks at offset 4027711488
08-02 16:06:03.433  1544  1630 V vold    : Copying 8 blocks at offset 4027744256
08-02 16:06:03.434  1544  1630 V vold    : Copying 8 blocks at offset 4027777024
08-02 16:06:03.434  1544  1630 V vold    : Copying 8 blocks at offset 4027809792
08-02 16:06:03.434  1544  1630 V vold    : Copying 8 blocks at offset 4027842560
08-02 16:06:03.434  1544  1630 V vold    : Copying 8 blocks at offset 4027875328
08-02 16:06:03.434  1544  1630 V vold    : Copying 8 blocks at offset 4027908096
08-02 16:06:03.435  1544  1630 V vold    : Copying 8 blocks at offset 4027940864
08-02 16:06:03.435  1544  1630 V vold    : Copying 8 blocks at offset 4027973632
08-02 16:06:03.435  1544  1630 V vold    : Copying 8 blocks at offset 4028006400
08-02 16:06:03.435  1544  1630 V vold    : Copying 8 blocks at offset 4028039168
08-02 16:06:03.436  1544  1630 V vold    : Copying 8 blocks at offset 4028071936
08-02 16:06:03.436  1544  1630 V vold    : Copying 8 blocks at offset 4028104704
08-02 16:06:03.436  1544  1630 V vold    : Copying 8 blocks at offset 4028137472
08-02 16:06:03.436  1544  1630 V vold    : Copying 8 blocks at offset 4028170240
08-02 16:06:03.437  1544  1630 V vold    : Copying 8 blocks at offset 4028203008
08-02 16:06:03.437  1544  1630 V vold    : Copying 8 blocks at offset 4028235776
08-02 16:06:03.437  1544  1630 V vold    : Copying 8 blocks at offset 4028268544
08-02 16:06:03.437  1544  1630 V vold    : Copying 8 blocks at offset 4028301312
08-02 16:06:03.438  1544  1630 V vold    : Copying 8 blocks at offset 4028334080
08-02 16:06:03.438  1544  1630 V vold    : Copying 8 blocks at offset 4028366848
08-02 16:06:03.438  1544  1630 V vold    : Copying 8 blocks at offset 4028399616
08-02 16:06:03.438  1544  1630 V vold    : Copying 8 blocks at offset 4028432384
08-02 16:06:03.438  1544  1630 V vold    : Copying 8 blocks at offset 4028465152
08-02 16:06:03.439  1544  1630 V vold    : Copying 8 blocks at offset 4028497920
08-02 16:06:03.439  1544  1630 V vold    : Copying 8 blocks at offset 4028530688
08-02 16:06:03.439  1544  1630 V vold    : Copying 8 blocks at offset 4028563456
08-02 16:06:03.439  1544  1630 V vold    : Copying 8 blocks at offset 4028596224
08-02 16:06:03.440  1544  1630 V vold    : Copying 2 blocks at offset 4028628992
08-02 16:06:03.441  1544  1630 I vold    : Encrypting group 31
08-02 16:06:03.442  1544  1630 V vold    : Copying 8 blocks at offset 4160749568
08-02 16:06:03.442  1544  1630 I vold    : Encrypted to sector 503579648
08-02 16:06:03.442  1544  1630 I vold    : Encrypting from sector 520093696
08-02 16:06:03.442  1544  1630 V vold    : Copying 8 blocks at offset 4160782336
08-02 16:06:03.443  1544  1630 V vold    : Copying 8 blocks at offset 4160815104
08-02 16:06:03.443  1544  1630 V vold    : Copying 8 blocks at offset 4160847872
08-02 16:06:03.443  1544  1630 V vold    : Copying 8 blocks at offset 4160880640
08-02 16:06:03.443  1544  1630 V vold    : Copying 8 blocks at offset 4160913408
08-02 16:06:03.443  1544  1630 V vold    : Copying 8 blocks at offset 4160946176
08-02 16:06:03.444  1544  1630 V vold    : Copying 8 blocks at offset 4160978944
08-02 16:06:03.444  1544  1630 V vold    : Copying 8 blocks at offset 4161011712
08-02 16:06:03.444  1544  1630 V vold    : Copying 8 blocks at offset 4161044480
08-02 16:06:03.445  1544  1630 V vold    : Copying 8 blocks at offset 4161077248
08-02 16:06:03.445  1544  1630 V vold    : Copying 8 blocks at offset 4161110016
08-02 16:06:03.445  1544  1630 V vold    : Copying 8 blocks at offset 4161142784
08-02 16:06:03.445  1544  1630 V vold    : Copying 8 blocks at offset 4161175552
08-02 16:06:03.446  1544  1630 V vold    : Copying 8 blocks at offset 4161208320
08-02 16:06:03.446  1544  1630 V vold    : Copying 8 blocks at offset 4161241088
08-02 16:06:03.446  1544  1630 V vold    : Copying 8 blocks at offset 4161273856
08-02 16:06:03.446  1544  1630 V vold    : Copying 8 blocks at offset 4161306624
08-02 16:06:03.446  1544  1630 V vold    : Copying 8 blocks at offset 4161339392
08-02 16:06:03.447  1544  1630 V vold    : Copying 8 blocks at offset 4161372160
08-02 16:06:03.447  1544  1630 V vold    : Copying 8 blocks at offset 4161404928
08-02 16:06:03.447  1544  1630 V vold    : Copying 8 blocks at offset 4161437696
08-02 16:06:03.447  1544  1630 V vold    : Copying 8 blocks at offset 4161470464
08-02 16:06:03.448  1544  1630 V vold    : Copying 8 blocks at offset 4161503232
08-02 16:06:03.448  1544  1630 V vold    : Copying 8 blocks at offset 4161536000
08-02 16:06:03.448  1544  1630 V vold    : Copying 8 blocks at offset 4161568768
08-02 16:06:03.448  1544  1630 V vold    : Copying 8 blocks at offset 4161601536
08-02 16:06:03.448  1544  1630 V vold    : Copying 8 blocks at offset 4161634304
08-02 16:06:03.449  1544  1630 V vold    : Copying 8 blocks at offset 4161667072
08-02 16:06:03.449  1544  1630 V vold    : Copying 8 blocks at offset 4161699840
08-02 16:06:03.449  1544  1630 V vold    : Copying 8 blocks at offset 4161732608
08-02 16:06:03.450  1544  1630 V vold    : Copying 8 blocks at offset 4161765376
08-02 16:06:03.450  1544  1630 V vold    : Copying 8 blocks at offset 4161798144
08-02 16:06:03.450  1544  1630 V vold    : Copying 8 blocks at offset 4161830912
08-02 16:06:03.450  1544  1630 V vold    : Copying 8 blocks at offset 4161863680
08-02 16:06:03.451  1544  1630 V vold    : Copying 8 blocks at offset 4161896448
08-02 16:06:03.451  1544  1630 V vold    : Copying 8 blocks at offset 4161929216
08-02 16:06:03.451  1544  1630 V vold    : Copying 8 blocks at offset 4161961984
08-02 16:06:03.451  1544  1630 V vold    : Copying 8 blocks at offset 4161994752
08-02 16:06:03.451  1544  1630 V vold    : Copying 8 blocks at offset 4162027520
08-02 16:06:03.452  1544  1630 V vold    : Copying 8 blocks at offset 4162060288
08-02 16:06:03.452  1544  1630 V vold    : Copying 8 blocks at offset 4162093056
08-02 16:06:03.452  1544  1630 V vold    : Copying 8 blocks at offset 4162125824
08-02 16:06:03.452  1544  1630 V vold    : Copying 8 blocks at offset 4162158592
08-02 16:06:03.452  1544  1630 V vold    : Copying 8 blocks at offset 4162191360
08-02 16:06:03.453  1544  1630 V vold    : Copying 8 blocks at offset 4162224128
08-02 16:06:03.453  1544  1630 V vold    : Copying 8 blocks at offset 4162256896
08-02 16:06:03.453  1544  1630 V vold    : Copying 8 blocks at offset 4162289664
08-02 16:06:03.453  1544  1630 V vold    : Copying 8 blocks at offset 4162322432
08-02 16:06:03.453  1544  1630 V vold    : Copying 8 blocks at offset 4162355200
08-02 16:06:03.454  1544  1630 V vold    : Copying 8 blocks at offset 4162387968
08-02 16:06:03.454  1544  1630 V vold    : Copying 8 blocks at offset 4162420736
08-02 16:06:03.454  1544  1630 V vold    : Copying 8 blocks at offset 4162453504
08-02 16:06:03.455  1544  1630 V vold    : Copying 8 blocks at offset 4162486272
08-02 16:06:03.455  1544  1630 V vold    : Copying 8 blocks at offset 4162519040
08-02 16:06:03.455  1544  1630 V vold    : Copying 8 blocks at offset 4162551808
08-02 16:06:03.455  1544  1630 V vold    : Copying 8 blocks at offset 4162584576
08-02 16:06:03.456  1544  1630 V vold    : Copying 8 blocks at offset 4162617344
08-02 16:06:03.456  1544  1630 V vold    : Copying 8 blocks at offset 4162650112
08-02 16:06:03.456  1544  1630 V vold    : Copying 8 blocks at offset 4162682880
08-02 16:06:03.456  1544  1630 V vold    : Copying 8 blocks at offset 4162715648
08-02 16:06:03.456  1544  1630 V vold    : Copying 8 blocks at offset 4162748416
08-02 16:06:03.456  1544  1630 V vold    : Copying 8 blocks at offset 4162781184
08-02 16:06:03.457  1544  1630 V vold    : Copying 8 blocks at offset 4162813952
08-02 16:06:03.457  1544  1630 V vold    : Copying 2 blocks at offset 4162846720
08-02 16:06:03.459  1544  1630 I vold    : Encrypted to sector 520356864
08-02 16:06:03.888  1544  1630 D vold    : cryptfs_enable_inplace_ext4 success
08-02 16:06:03.922  1544  1630 I Cryptfs : cryptfs_check_passwd
08-02 16:06:03.922  1544  1630 D Cryptfs : crypt_ftr->fs_size = 8388608
08-02 16:06:03.922  1544  1630 I Cryptfs : Using scrypt for cryptfs KDF
08-02 16:06:04.052  1544  1630 I Cryptfs : Extra parameters for dm_crypt: 1 allow_discards
08-02 16:06:04.090  1544  1549 D vold    : Disk at 252:1 changed
08-02 16:06:04.210  1544  1630 I Cryptfs : Password matches
08-02 16:06:04.210  1544  1630 D Cryptfs : test_mount_encrypted_fs(): Master key saved
08-02 16:06:04.212  1544  1630 I vold    : List of Keymaster HALs found:
08-02 16:06:04.213  1544  1630 I vold    : Keymaster HAL #1: SoftwareKeymasterDevice from Google SecurityLevel: SOFTWARE HAL: android.hardware.keymaster@3.0::IKeymasterDevice/default
08-02 16:06:04.213  1544  1630 I vold    : Using SoftwareKeymasterDevice from Google for encryption.  Security level: SOFTWARE, HAL: android.hardware.keymaster@3.0::IKeymasterDevice/default
08-02 16:06:04.214  1544  1630 D Cryptfs : Just asked init to shut down class main
08-02 16:06:06.241  1544  1630 D Cryptfs : unmounting /data succeeded
08-02 16:06:06.253  1544  1630 I vold    : [libfs_mgr]superblock s_max_mnt_count:65535,/dev/block/dm-1
08-02 16:06:06.263  1544  1630 I vold    : [libfs_mgr]check_fs(): mount(/dev/block/dm-1,/data,ext4)=0: Success
08-02 16:06:06.294  1544  1630 I vold    : [libfs_mgr]check_fs(): unmount(/data) succeeded
08-02 16:06:06.294  1544  1630 I vold    : [libfs_mgr]Running /system/bin/e2fsck on /dev/block/dm-1
08-02 16:06:06.308  1544  1630 I vold    : [libfs_mgr]superblock s_max_mnt_count:65535,/dev/block/dm-1
08-02 16:06:06.308  1544  1630 W vold    : [libfs_mgr]Reserved blocks 32768 is too large; capping to 20971
08-02 16:06:06.315  1544  1630 I vold    : [libfs_mgr]__mount(source=/dev/block/dm-1,target=/data,type=ext4)=0: Success
08-02 16:06:06.316  1544  1630 D Cryptfs : Just triggered post_fs_data
08-02 16:06:06.344  1544  1550 D vold    : e4crypt_init_user0
08-02 16:06:06.344  1544  1550 D vold    : e4crypt_prepare_user_storage for volume null, user 0, serial 0, flags 1
08-02 16:06:06.344  1544  1550 D vold    : Preparing: /data/system/users/0
08-02 16:06:06.344  1544  1550 D vold    : Preparing: /data/misc/profiles/cur/0
08-02 16:06:06.344  1544  1550 D vold    : Preparing: /data/system_de/0
08-02 16:06:06.344  1544  1550 D vold    : Preparing: /data/misc_de/0
08-02 16:06:06.344  1544  1550 D vold    : Preparing: /data/vendor_de/0
08-02 16:06:06.344  1544  1550 D vold    : Preparing: /data/user_de/0
08-02 16:06:06.344  1544  1550 V vold    : /system/bin/vold_prepare_subdirs
08-02 16:06:06.344  1544  1550 V vold    :     prepare
08-02 16:06:06.344  1544  1550 V vold    :     
08-02 16:06:06.344  1544  1550 V vold    :     0
08-02 16:06:06.344  1544  1550 V vold    :     1
08-02 16:06:04.211  1536  1536 W hwservicemanager: getTransport: Cannot find entry android.hardware.keymaster@4.0::IKeymasterDevice/default in either framework or device manifest.
08-02 16:06:06.350  1544  1550 I vold_prepare_subdirs: SELinux: Loaded file_contexts
08-02 16:06:06.350  1728  1728 D vold_prepare_subdirs: Setting up mode 700 uid 0 gid 0 context u:object_r:vold_data_file:s0 on path: /data/misc_de/0/vold
08-02 16:06:06.350  1728  1728 D vold_prepare_subdirs: Setting up mode 700 uid 0 gid 0 context u:object_r:storaged_data_file:s0 on path: /data/misc_de/0/storaged
08-02 16:06:06.351  1728  1728 D vold_prepare_subdirs: Setting up mode 700 uid 1000 gid 1000 context u:object_r:fingerprint_vendor_data_file:s0 on path: /data/vendor_de/0/fpdata
08-02 16:06:06.351  1544  1550 D vold    : e4crypt_unlock_user_key 0 serial=0 token_present=0
08-02 16:06:06.351  1544  1550 E vold    : Failed to chmod /data/system_ce/0: No such file or directory
08-02 16:06:06.351  1544  1550 E vold    : Failed to chmod /data/misc_ce/0: No such file or directory
08-02 16:06:06.351  1544  1550 E vold    : Failed to chmod /data/media/0: No such file or directory
08-02 16:06:06.346     1     1 W init    : type=1400 audit(0.0:6): avc: denied { read } for name="nativetest" dev="dm-1" ino=20 scontext=u:r:init:s0 tcontext=u:object_r:nativetest_data_file:s0 tclass=dir permissive=0 b/77873135
08-02 16:06:06.371  1730  1730 I /system/bin/tzdatacheck: timezone distro dir /data/misc/zoneinfo/current does not exist. No action required.
08-02 16:06:06.377  1544  1630 D Cryptfs : post_fs_data done
08-02 16:06:06.379  1544  1630 D Cryptfs : Just triggered restart_framework
08-02 16:06:06.393  1600  1666 D ComposerHal: destroying composer client
08-02 16:06:06.393  1600  1666 I HWC2On1Adapter: unregisterCallback(Hotplug)
08-02 16:06:06.393  1600  1666 I HWC2On1Adapter: unregisterCallback(Refresh)
08-02 16:06:06.393  1600  1666 I HWC2On1Adapter: unregisterCallback(Vsync)
08-02 16:06:06.393  1600  1666 W ComposerHal: destroying client resources for display 1
08-02 16:06:06.394  1600  1666 W ComposerHal: performing a final presentDisplay
08-02 16:06:06.394  1600  1666 D ComposerHal: removed composer client
08-02 16:06:06.394  1535  1535 I ServiceManager: service 'SurfaceFlinger' died
08-02 16:06:06.394  1535  1535 I ServiceManager: service 'gpu' died
08-02 16:06:06.500  1737  1737 I installd: installd firing up
08-02 16:06:06.500  1737  1737 E cutils  : Failed to read /data/.layout_version: No such file or directory
08-02 16:06:06.500  1737  1737 D installd: Assuming that device has multi-user storage layout; upgrade no longer supported
08-02 16:06:06.500  1737  1737 D installd: Upgrading to /data/misc/user directories
08-02 16:06:06.501  1733  1733 D AndroidRuntime: >>>>>> START com.android.internal.os.ZygoteInit uid 0 <<<<<<
08-02 16:06:06.502  1732  1732 I ConfigStore: android::hardware::configstore::V1_0::ISurfaceFlingerConfigs::startGraphicsAllocatorService retrieved: 0
08-02 16:06:06.502  1732  1732 I SurfaceFlinger: Using HWComposer service: 'default'
08-02 16:06:06.502  1732  1732 I SurfaceFlinger: SurfaceFlinger is starting
08-02 16:06:06.503  1732  1732 I ConfigStore: android::hardware::configstore::V1_0::ISurfaceFlingerConfigs::vsyncEventPhaseOffsetNs retrieved: 1000000 (default)
08-02 16:06:06.503  1732  1732 I ConfigStore: android::hardware::configstore::V1_0::ISurfaceFlingerConfigs::vsyncSfEventPhaseOffsetNs retrieved: 1000000 (default)
08-02 16:06:06.503  1732  1732 I ConfigStore: android::hardware::configstore::V1_0::ISurfaceFlingerConfigs::hasSyncFramework retrieved: 1
08-02 16:06:06.503  1732  1732 I ConfigStore: android::hardware::configstore::V1_0::ISurfaceFlingerConfigs::presentTimeOffsetFromVSyncNs retrieved: 0
08-02 16:06:06.503  1732  1732 I ConfigStore: android::hardware::configstore::V1_0::ISurfaceFlingerConfigs::useHwcForRGBtoYUV retrieved: 0
08-02 16:06:06.503  1732  1732 I ConfigStore: android::hardware::configstore::V1_0::ISurfaceFlingerConfigs::maxVirtualDisplaySize retrieved: 0 (default)
08-02 16:06:06.503  1732  1732 I ConfigStore: android::hardware::configstore::V1_0::ISurfaceFlingerConfigs::useVrFlinger retrieved: 0 (default)
08-02 16:06:06.503  1732  1732 I ConfigStore: android::hardware::configstore::V1_0::ISurfaceFlingerConfigs::maxFrameBufferAcquiredBuffers retrieved: 3
08-02 16:06:06.503  1732  1732 I ConfigStore: android::hardware::configstore::V1_0::ISurfaceFlingerConfigs::hasWideColorDisplay retrieved: 0
08-02 16:06:06.503  1536  1536 W hwservicemanager: getTransport: Cannot find entry android.hardware.configstore@1.1::ISurfaceFlingerConfigs/default in either framework or device manifest.
08-02 16:06:06.503  1732  1732 I ConfigStore: android::hardware::configstore::V1_1::ISurfaceFlingerConfigs::primaryDisplayOrientation retrieved: ORIENTATION_0 (default)
08-02 16:06:06.539  1732  1732 I SurfaceFlinger: Enabling HWC virtual displays
08-02 16:06:06.539  1732  1732 I SurfaceFlinger: Disabling Triple Buffering
08-02 16:06:06.539  1732  1732 I SurfaceFlinger: Treble testing override: 'false'
08-02 16:06:06.541  1733  1733 I zygote  : option[0]=-Xzygote
08-02 16:06:06.541  1733  1733 I zygote  : option[1]=-Xusetombstonedtraces
08-02 16:06:06.541  1733  1733 I zygote  : option[2]=exit
08-02 16:06:06.541  1733  1733 I zygote  : option[3]=vfprintf
08-02 16:06:06.541  1733  1733 I zygote  : option[4]=sensitiveThread
08-02 16:06:06.541  1733  1733 I zygote  : option[5]=-verbose:gc
08-02 16:06:06.541  1733  1733 I zygote  : option[6]=-Xms4m
08-02 16:06:06.541  1733  1733 I zygote  : option[7]=-Xmx512m
08-02 16:06:06.541  1733  1733 I zygote  : option[8]=-Xusejit:true
08-02 16:06:06.541  1733  1733 I zygote  : option[9]=-Xjitsaveprofilinginfo
08-02 16:06:06.541  1733  1733 I zygote  : option[10]=-XjdwpOptions:suspend=n,server=y
08-02 16:06:06.541  1733  1733 I zygote  : option[11]=-XjdwpProvider:default
08-02 16:06:06.541  1733  1733 I zygote  : option[12]=-Xlockprofthreshold:500
08-02 16:06:06.541  1733  1733 I zygote  : option[13]=-Ximage-compiler-option
08-02 16:06:06.541  1733  1733 I zygote  : option[14]=--runtime-arg
08-02 16:06:06.541  1733  1733 I zygote  : option[15]=-Ximage-compiler-option
08-02 16:06:06.541  1733  1733 I zygote  : option[16]=-Xms64m
08-02 16:06:06.541  1733  1733 I zygote  : option[17]=-Ximage-compiler-option
08-02 16:06:06.541  1733  1733 I zygote  : option[18]=--runtime-arg
08-02 16:06:06.541  1733  1733 I zygote  : option[19]=-Ximage-compiler-option
08-02 16:06:06.541  1733  1733 I zygote  : option[20]=-Xmx64m
08-02 16:06:06.541  1733  1733 I zygote  : option[21]=-Ximage-compiler-option
08-02 16:06:06.541  1733  1733 I zygote  : option[22]=--profile-file=/system/etc/boot-image.prof
08-02 16:06:06.541  1733  1733 I zygote  : option[23]=-Ximage-compiler-option
08-02 16:06:06.541  1733  1733 I zygote  : option[24]=--compiler-filter=speed-profile
08-02 16:06:06.541  1733  1733 I zygote  : option[25]=-Xcompiler-option
08-02 16:06:06.541  1733  1733 I zygote  : option[26]=--runtime-arg
08-02 16:06:06.541  1733  1733 I zygote  : option[27]=-Xcompiler-option
08-02 16:06:06.541  1733  1733 I zygote  : option[28]=-Xms64m
08-02 16:06:06.541  1733  1733 I zygote  : option[29]=-Xcompiler-option
08-02 16:06:06.541  1733  1733 I zygote  : option[30]=--runtime-arg
08-02 16:06:06.541  1733  1733 I zygote  : option[31]=-Xcompiler-option
08-02 16:06:06.541  1733  1733 I zygote  : option[32]=-Xmx512m
08-02 16:06:06.541  1733  1733 I zygote  : option[33]=-Ximage-compiler-option
08-02 16:06:06.541  1733  1733 I zygote  : option[34]=--instruction-set-variant=x86
08-02 16:06:06.541  1733  1733 I zygote  : option[35]=-Xcompiler-option
08-02 16:06:06.541  1733  1733 I zygote  : option[36]=--instruction-set-variant=x86
08-02 16:06:06.541  1733  1733 I zygote  : option[37]=-Ximage-compiler-option
08-02 16:06:06.541  1733  1733 I zygote  : option[38]=--instruction-set-features=default
08-02 16:06:06.541  1733  1733 I zygote  : option[39]=-Xcompiler-option
08-02 16:06:06.541  1733  1733 I zygote  : option[40]=--instruction-set-features=default
08-02 16:06:06.541  1733  1733 I zygote  : option[41]=-Duser.locale=en-US
08-02 16:06:06.541  1733  1733 I zygote  : option[42]=-XX:NativeBridge=libndk_translation.so
08-02 16:06:06.541  1733  1733 I zygote  : option[43]=--cpu-abilist=x86,armeabi-v7a,armeabi
08-02 16:06:06.541  1733  1733 I zygote  : option[44]=-Xfingerprint:google/sdk_gphone_x86_arm/generic_x86_arm:9/PSR1.180720.122/6736742:userdebug/dev-keys
08-02 16:06:06.552  1732  1732 I SurfaceFlinger: SurfaceFlinger's main thread ready to run. Initializing graphics H/W...
08-02 16:06:06.552  1732  1732 I SurfaceFlinger: Phase offest NS: 1000000
08-02 16:06:06.552  1732  1732 D libEGL  : Emulator has host GPU support, qemu.gles is set to 1.
08-02 16:06:06.561  1536  1536 W hwservicemanager: getTransport: Cannot find entry android.hardware.keymaster@4.0::IKeymasterDevice/default in either framework or device manifest.
08-02 16:06:06.561  1738  1738 I keystore: found android.hardware.keymaster@3.0::IKeymasterDevice with interface name default and seclevel SOFTWARE
08-02 16:06:06.561  1738  1738 W keystore: No secure Keymaster implementation found, but device offers insecure Keymaster HAL. Using as default.
08-02 16:06:06.599  1732  1732 E vndksupport: Could not load /vendor/lib/egl/libGLES_emulation.so from sphal namespace: dlopen failed: library "/vendor/lib/egl/libGLES_emulation.so" not found.
08-02 16:06:06.599  1732  1732 E libEGL  : load_driver(/vendor/lib/egl/libGLES_emulation.so): unknown
08-02 16:06:06.602  1732  1732 D libEGL  : loaded /vendor/lib/egl/libEGL_emulation.so
08-02 16:06:06.602  1732  1732 D libEGL  : loaded /vendor/lib/egl/libGLESv1_CM_emulation.so
08-02 16:06:06.609  1732  1732 D libEGL  : loaded /vendor/lib/egl/libGLESv2_emulation.so
08-02 16:06:06.623  1732  1732 D HostConnection: HostConnection::get() New Host Connection established 0xeb3a4410, tid 1732
08-02 16:06:06.625  1732  1732 D HostConnection: HostComposition ext ANDROID_EMU_CHECKSUM_HELPER_v1 ANDROID_EMU_native_sync_v2 ANDROID_EMU_native_sync_v3 ANDROID_EMU_native_sync_v4 ANDROID_EMU_dma_v1 ANDROID_EMU_YUV420_888_to_NV21 ANDROID_EMU_YUV_Cache ANDROID_EMU_sync_buffer_data GL_OES_EGL_image_external_essl3 GL_OES_vertex_array_object GL_KHR_texture_compression_astc_ldr ANDROID_EMU_host_side_tracing ANDROID_EMU_gles_max_version_3_0 
08-02 16:06:06.625  1758  1758 I /system/bin/tombstoned: tombstoned successfully initialized
08-02 16:06:06.628  1732  1732 I ConfigStore: android::hardware::configstore::V1_0::ISurfaceFlingerConfigs::hasWideColorDisplay retrieved: 0
08-02 16:06:06.628  1732  1732 I ConfigStore: android::hardware::configstore::V1_0::ISurfaceFlingerConfigs::hasHDRDisplay retrieved: 0
08-02 16:06:06.628  1732  1732 I SurfaceFlinger: EGL information:
08-02 16:06:06.628  1732  1732 I SurfaceFlinger: vendor    : Android
08-02 16:06:06.628  1732  1732 I SurfaceFlinger: version   : 1.4 Android META-EGL
08-02 16:06:06.628  1732  1732 I SurfaceFlinger: extensions: EGL_KHR_get_all_proc_addresses EGL_ANDROID_presentation_time EGL_KHR_swap_buffers_with_damage EGL_ANDROID_get_native_client_buffer EGL_ANDROID_front_buffer_auto_refresh EGL_ANDROID_get_frame_timestamps EGL_EXT_surface_SMPTE2086_metadata EGL_EXT_surface_CTA861_3_metadata EGL_KHR_image EGL_KHR_image_base EGL_KHR_gl_texture_2D_image EGL_KHR_fence_sync EGL_KHR_create_context EGL_ANDROID_image_native_buffer EGL_KHR_wait_sync EGL_ANDROID_recordable 
08-02 16:06:06.628  1732  1732 I SurfaceFlinger: Client API: OpenGL_ES
08-02 16:06:06.628  1732  1732 I SurfaceFlinger: EGLSurface: 8-8-8-8, config=0x2
08-02 16:06:06.632  1732  1732 D eglCodecCommon: setVertexArrayObject: set vao to 0 (0) 0 0
08-02 16:06:06.632  1732  1732 D EGL_emulation: eglCreateContext: 0xeb3a0ae0: maj 3 min 0 rcv 3
08-02 16:06:06.632  1732  1732 D EGL_emulation: eglMakeCurrent: 0xeb3a0ae0: ver 3 0 (tinfo 0xeb39c310)
08-02 16:06:06.634  1732  1732 I SurfaceFlinger: OpenGL ES informations:
08-02 16:06:06.634  1732  1732 I SurfaceFlinger: vendor    : Google (ATI Technologies Inc.)
08-02 16:06:06.634  1732  1732 I SurfaceFlinger: renderer  : Android Emulator OpenGL ES Translator (AMD Radeon Pro 5300M OpenGL Engine)
08-02 16:06:06.634  1732  1732 I SurfaceFlinger: version   : OpenGL ES 3.0 (4.1 ATI-4.8.101)
08-02 16:06:06.634  1732  1732 I SurfaceFlinger: extensions: GL_EXT_debug_marker GL_EXT_robustness GL_OES_EGL_sync GL_OES_EGL_image GL_OES_EGL_image_external GL_OES_depth24 GL_OES_depth32 GL_OES_element_index_uint GL_OES_texture_float GL_OES_texture_float_linear GL_OES_compressed_paletted_texture GL_OES_compressed_ETC1_RGB8_texture GL_OES_depth_texture GL_OES_texture_npot GL_OES_rgb8_rgba8 GL_EXT_color_buffer_float GL_EXT_color_buffer_half_float GL_EXT_texture_format_BGRA8888 GL_APPLE_texture_format_BGRA8888 ANDROID_EMU_CHECKSUM_HELPER_v1 ANDROID_EMU_native_sync_v2 ANDROID_EMU_native_sync_v3 ANDROID_EMU_native_sync_v4 ANDROID_EMU_dma_v1 ANDROID_EMU_YUV420_888_to_NV21 ANDROID_EMU_YUV_Cache ANDROID_EMU_sync_buffer_data GL_OES_EGL_image_external_essl3 GL_OES_vertex_array_object GL_KHR_texture_compression_astc_ldr ANDROID_EMU_host_side_tracing ANDROID_EMU_gles_max_version_3_0 
08-02 16:06:06.634  1732  1732 I SurfaceFlinger: GL_MAX_TEXTURE_SIZE = 16384
08-02 16:06:06.634  1732  1732 I SurfaceFlinger: GL_MAX_VIEWPORT_DIMS = 16384
08-02 16:06:06.635  1756  1756 I gatekeeperd: Starting gatekeeperd...
08-02 16:06:06.636  1732  1732 I ServiceManagement: getService: Trying again for android.hardware.graphics.composer@2.1::IComposer/default...
08-02 16:06:06.646  1746  1746 I wificond: wificond is starting up...
08-02 16:06:06.663  1536  1536 W hwservicemanager: getTransport: Cannot find entry android.hardware.usb.gadget@1.0::IUsbGadget/default in either framework or device manifest.
08-02 16:06:06.664  1744  1744 W statsd  : statscompanion service unavailable!
08-02 16:06:06.664  1744  1744 I statsd  : using statsd socket
08-02 16:06:06.669  1762  1762 D android.hardware.biometrics.fingerprint@2.1-service: Opening fingerprint hal library...
08-02 16:06:06.669  1759  1759 I usbd    : Usb HAL not found
08-02 16:06:06.675  1733  1733 I zygote  : VerifyImage: /system/bin/patchoat --input-image-location=/system/framework/boot.art --output-image-directory=/data/dalvik-cache/x86 --instruction-set=x86 --verify
08-02 16:06:06.676  1762  1762 D FingerprintHal: ----------------> fingerprint_open ----------------->
08-02 16:06:06.676  1762  1762 D FingerprintHal: ----------------> set_notify_callback ----------------->
08-02 16:06:06.676  1762  1762 D FingerprintHal: fingerprint callback notification set
08-02 16:06:06.676  1762  1762 I ServiceManagement: Removing namespace from process name android.hardware.biometrics.fingerprint@2.1-service to fingerprint@2.1-service.
08-02 16:06:06.687  1766  1766 D HostConnection: createUnique: call
08-02 16:06:06.688  1766  1766 D HostConnection: HostConnection::get() New Host Connection established 0xf00a4140, tid 1766
08-02 16:06:06.692  1766  1766 D HostConnection: HostComposition ext ANDROID_EMU_CHECKSUM_HELPER_v1 ANDROID_EMU_native_sync_v2 ANDROID_EMU_native_sync_v3 ANDROID_EMU_native_sync_v4 ANDROID_EMU_dma_v1 ANDROID_EMU_YUV420_888_to_NV21 ANDROID_EMU_YUV_Cache ANDROID_EMU_sync_buffer_data GL_OES_EGL_image_external_essl3 GL_OES_vertex_array_object GL_KHR_texture_compression_astc_ldr ANDROID_EMU_host_side_tracing ANDROID_EMU_gles_max_version_3_0 
08-02 16:06:06.692  1766  1766 E hwcomposer: unknown display attribute 6
08-02 16:06:06.693  1766  1766 I ServiceManagement: Removing namespace from process name android.hardware.graphics.composer@2.1-service to composer@2.1-service.
08-02 16:06:06.698  1762  1775 D FingerprintHal: ----------------> listenerFunction ----------------->
08-02 16:06:06.701  1766  1766 I android.hardware.graphics.composer@2.1-service: Registration complete for android.hardware.graphics.composer@2.1::IComposer/default.
08-02 16:06:06.707  1739  1739 I mediaserver: ServiceManager: 0xf3a9a720
08-02 16:06:06.710  1741  1741 I mediametrics: ServiceManager: 0xf4b9a6e0
08-02 16:06:06.710  1741  1741 D MediaAnalyticsService: MediaAnalyticsService created
08-02 16:06:06.717  1743  1743 I Netd    : Netd 1.0 starting
08-02 16:06:06.720  1743  1743 D TetherController: Setting IP forward enable = 0
08-02 16:06:06.724  1740  1740 V MediaUtils: physMem: 2096123904
08-02 16:06:06.724  1740  1740 V MediaUtils: requested limit: 419224780
08-02 16:06:06.724  1740  1740 V MediaUtils: cfi shadow size: 32768
08-02 16:06:06.724  1740  1740 V MediaUtils: actual limit: 419257548
08-02 16:06:06.724  1740  1740 V MediaUtils: original limits: 4294967295/4294967295
08-02 16:06:06.724  1740  1740 V MediaUtils: new limits: 419257548/4294967295
08-02 16:06:06.727  1599  1599 D gralloc_ranchu: gralloc_alloc: Creating ashmem region of size 8298496
08-02 16:06:06.727  1732  1732 D HostConnection: createUnique: call
08-02 16:06:06.727  1732  1732 D HostConnection: HostConnection::get() New Host Connection established 0xeb3a5b80, tid 1732
08-02 16:06:06.737  1732  1732 D HostConnection: HostComposition ext ANDROID_EMU_CHECKSUM_HELPER_v1 ANDROID_EMU_native_sync_v2 ANDROID_EMU_native_sync_v3 ANDROID_EMU_native_sync_v4 ANDROID_EMU_dma_v1 ANDROID_EMU_YUV420_888_to_NV21 ANDROID_EMU_YUV_Cache ANDROID_EMU_sync_buffer_data GL_OES_EGL_image_external_essl3 GL_OES_vertex_array_object GL_KHR_texture_compression_astc_ldr ANDROID_EMU_host_side_tracing ANDROID_EMU_gles_max_version_3_0 
08-02 16:06:06.737  1732  1732 E eglCodecCommon: GoldfishAddressSpaceHostMemoryAllocator: ioctl_ping failed for device_type=5, ret=-1
08-02 16:06:06.737  1732  1732 E HWComposer: getSupportedPerFrameMetadata: getSupportedPerFrameMetadata failed for display 0: Unsupported (8)
08-02 16:06:06.737  1599  1661 D gralloc_ranchu: gralloc_alloc: Creating ashmem region of size 8298496
08-02 16:06:06.738  1599  1660 D gralloc_ranchu: gralloc_alloc: Creating ashmem region of size 8298496
08-02 16:06:06.738  1732  1732 D EGL_emulation: eglMakeCurrent: 0xeb3a0ae0: ver 3 0 (tinfo 0xeb39c310)
08-02 16:06:06.771  1740  1740 W /system/bin/mediaextractor: Could not read additional policy file '/vendor/etc/seccomp_policy/mediaextractor.policy'
08-02 16:06:06.771  1740  1740 W mediaextractor: libminijail[1740]: failed to get path of fd 5: No such file or directory
08-02 16:06:06.771  1740  1740 W mediaextractor: libminijail[1740]: allowing syscall: socketcall
08-02 16:06:06.771  1740  1740 W mediaextractor: libminijail[1740]: allowing syscall: writev
08-02 16:06:06.771  1740  1740 W mediaextractor: libminijail[1740]: allowing syscall: fcntl64
08-02 16:06:06.771  1740  1740 W mediaextractor: libminijail[1740]: allowing syscall: clock_gettime
08-02 16:06:06.790  1732  1732 D SurfaceFlinger: shader cache generated - 24 shaders in 51.166325 ms
08-02 16:06:06.791  1732  1732 D SurfaceFlinger: Set power mode=2, type=0 flinger=0xeb3c6000
08-02 16:06:06.791  1732  1732 D SurfaceFlinger: Finished set power mode=2, type=0
08-02 16:06:06.799  1740  1740 W mediaextractor: libminijail[1740]: logging seccomp filter failures
08-02 16:06:06.801  1743  1743 I Netd    : Creating child chains: 77.6ms
08-02 16:06:06.801  1743  1743 I Netd    : Setting up OEM hooks: 0.0ms
08-02 16:06:06.802  1743  1743 I Netd    : Setting up FirewallController hooks: 0.7ms
08-02 16:06:06.803  1743  1743 I Netd    : Setting up TetherController hooks: 0.4ms
08-02 16:06:06.803  1743  1743 I Netd    : Setting up BandwidthController hooks: 0.4ms
08-02 16:06:06.803  1743  1743 I Netd    : Setting up IdletimerController hooks: 0.0ms
08-02 16:06:06.803  1743  1743 I Netd    : initializing traffic control: 0.0ms
08-02 16:06:06.804  1743  1743 I Netd    : Disabling bandwidth control: 0.9ms
08-02 16:06:06.804  1743  1743 E Netd    : cannot find interface dummy0
08-02 16:06:06.804  1743  1743 I Netd    : Initializing RouteController: 0.2ms
08-02 16:06:06.804  1743  1743 D XfrmController: Sending Netlink XFRM Message: XFRM_MSG_FLUSHSA
08-02 16:06:06.804  1743  1743 D XfrmController: Sending Netlink XFRM Message: XFRM_MSG_FLUSHPOLICY
08-02 16:06:06.804  1743  1743 I Netd    : Initializing XfrmController: 0.1ms
08-02 16:06:06.804  1743  1743 E Netd    : Unable to create netlink socket: Protocol not supported
08-02 16:06:06.804  1743  1743 W Netd    : Unable to open qlog quota socket, check if xt_quota2 can send via UeventHandler
08-02 16:06:06.811  1748  1748 I media.codec: mediacodecservice starting
08-02 16:06:06.812  1748  1748 W media.codec: Could not read additional policy file '/vendor/etc/seccomp_policy/mediacodec.policy'
08-02 16:06:06.812  1748  1748 W media.codec: libminijail[1748]: failed to get path of fd 5: No such file or directory
08-02 16:06:06.812  1748  1748 W media.codec: libminijail[1748]: allowing syscall: socketcall
08-02 16:06:06.812  1748  1748 W media.codec: libminijail[1748]: allowing syscall: writev
08-02 16:06:06.812  1748  1748 W media.codec: libminijail[1748]: allowing syscall: fcntl64
08-02 16:06:06.812  1748  1748 W media.codec: libminijail[1748]: allowing syscall: clock_gettime
08-02 16:06:06.812  1748  1748 W media.codec: libminijail[1748]: logging seccomp filter failures
08-02 16:06:06.817  1743  1743 D MDnsDS  : MDnsSdListener::Hander starting up
08-02 16:06:06.817  1743  1743 I Netd    : Registering NetdNativeService: 0.2ms
08-02 16:06:06.817  1743  1743 I Netd    : Starting CommandListener: 0.0ms
08-02 16:06:06.819  1748  1748 W MediaCodecsXmlParser: unable to open media codecs configuration xml file: /data/misc/media/media_codecs_profiling_results.xml
08-02 16:06:06.819  1748  1748 W MediaCodecsXmlParser: parseTopLevelXMLFile(/data/misc/media/media_codecs_profiling_results.xml) failed
08-02 16:06:06.820  1743  1743 I Netd    : Registering NetdHwService: 2.7ms
08-02 16:06:06.820  1743  1743 I Netd    : Netd started in 103ms
08-02 16:06:06.820  1748  1748 I ServiceManagement: Removing namespace from process name android.hardware.media.omx@1.0-service to omx@1.0-service.
08-02 16:06:06.821  1748  1748 E vndksupport: Could not load libstagefrighthw.so from default namespace: dlopen failed: library "libstagefrighthw.so" not found.
08-02 16:06:06.821  1748  1748 W MediaCodecsXmlParser: unable to open media codecs configuration xml file: /data/misc/media/media_codecs_profiling_results.xml
08-02 16:06:06.821  1748  1748 W MediaCodecsXmlParser: parseTopLevelXMLFile(/data/misc/media/media_codecs_profiling_results.xml) failed
08-02 16:06:06.821  1748  1748 I ServiceManagement: Removing namespace from process name android.hardware.media.omx@1.0-service to omx@1.0-service.
08-02 16:06:06.821  1748  1748 I media.codec: IOmx HAL service created.
08-02 16:06:06.829  1743  1825 D MDnsDS  : MDnsSdListener starting to monitor
08-02 16:06:06.829  1743  1825 D MDnsDS  : Going to poll with pollCount 1
08-02 16:06:06.838  1734  1734 I cameraserver: ServiceManager: 0xea49a700
08-02 16:06:06.838  1734  1734 I CameraService: CameraService started (pid=1734)
08-02 16:06:06.838  1734  1734 I CameraService: CameraService process starting
08-02 16:06:06.839  1734  1734 W BatteryNotifier: batterystats service unavailable!
08-02 16:06:06.841  1734  1734 W BatteryNotifier: batterystats service unavailable!
08-02 16:06:06.842  1734  1734 I CameraProviderManager: Connecting to new camera provider: legacy/0, isRemote? 1
08-02 16:06:06.842  1734  1734 I CameraProviderManager: Enumerating new camera device: device@3.3/legacy/0
08-02 16:06:06.842  1734  1734 I CameraProviderManager: Camera provider legacy/0 ready with 1 camera devices
08-02 16:06:06.842  1536  1536 W hwservicemanager: getTransport: Cannot find entry android.hardware.camera.provider@2.4::ICameraProvider/external/0 in either framework or device manifest.
08-02 16:06:06.844  1734  1734 I CameraHardwareInterface: Opening camera 0
08-02 16:06:06.844  1734  1734 E CameraHardwareInterface: initialize: openSession failed! No such file or directory (-2)
08-02 16:06:06.844  1734  1734 E CameraFlashlight: connectCameraDevice: initializing camera 0 failed
08-02 16:06:06.844  1734  1734 I CameraHardwareInterface: Destroying camera 0
08-02 16:06:06.844  1734  1734 E CameraFlashlight: findFlashUnits: failed to check if camera 0 has a flash unit. No such file or directory (-2)
08-02 16:06:06.844  1734  1734 I CameraService: onDeviceStatusChanged: Status changed for cameraId=0, newStatus=1
08-02 16:06:06.844  1734  1734 I CameraService: onDeviceStatusChanged: Unknown camera ID 0, a new camera is added
08-02 16:06:06.851  1734  1734 I         : Waiting for activity service
08-02 16:06:06.853  1734  1835 W CameraProviderManager: addProviderLocked: Camera provider HAL with name 'legacy/0' already registered
08-02 16:06:06.853  1734  1835 I CameraService: onDeviceStatusChanged: Status changed for cameraId=0, newStatus=1
08-02 16:06:06.853  1734  1835 E CameraService: onDeviceStatusChanged: State transition to the same status 0x1 not allowed
08-02 16:06:06.872  1742  1742 I mediaserver: ServiceManager: 0xf111ab60
08-02 16:06:06.875  1742  1742 W BatteryNotifier: batterystats service unavailable!
08-02 16:06:06.925  1814  1814 I BootAnimation: boot animation disabled
08-02 16:06:06.938  1776  1776 E patchoat: Unable to open relocated image file  /data/dalvik-cache/x86/system@framework@boot.art
08-02 16:06:06.940  1733  1733 W zygote  : Failed execv(/system/bin/patchoat --input-image-location=/system/framework/boot.art --output-image-directory=/data/dalvik-cache/x86 --instruction-set=x86 --verify) because non-0 exit status Preemptively pruning the dalvik cache.
08-02 16:06:06.940  1733  1733 I zygote  : Pruning dalvik-cache since we are relocating an image and will need to recompile
08-02 16:06:06.940  1733  1733 I zygote  : RelocateImage: /system/bin/patchoat --input-image-location=/system/framework/boot.art --output-image-directory=/data/dalvik-cache/x86 --instruction-set=x86 --base-offset-delta=13320192
08-02 16:06:06.944  1843  1843 E netmgr  : Failed to open QEMU pipe 'qemud:network': Invalid argument
08-02 16:06:06.944  1843  1843 E netmgr  : WifiForwarder unable to open QEMU pipe: Invalid argument
08-02 16:06:07.268  1877  1877 E hostapd : Configuration file: /data/vendor/wifi/hostapd/hostapd.conf
