08-02 16:06:12.522  1890  1990 D WifiController: WifiController msg { when=-19ms what=155656 target=com.android.internal.util.StateMachine$SmHandler } deferred for 500ms
08-02 16:06:12.522  1890  1991 D WifiStateMachinePrime: received a message in WifiDisabledState: { when=0 what=3 target=com.android.internal.util.StateMachine$SmHandler }
08-02 16:06:12.522  1890  1991 D WifiStateMachinePrime: Switching from WifiDisabledState to WifiDisabled
08-02 16:06:12.522  1890  1991 D WifiStateMachinePrime: Entering WifiDisabledState
08-02 16:06:12.522  1890  1991 D ActiveModeManager: sending scan available broadcast: false
08-02 16:06:12.525  1890  1890 D SystemServerTiming: MakePowerManagerServiceReady took to complete: 4ms
08-02 16:06:12.525  1890  1890 I SystemServer: MakePackageManagerServiceReady
08-02 16:06:12.526  1890  1890 I DefaultPermGrantPolicy: Granting permissions to platform components for user 0
08-02 16:06:12.526  1544  1550 D vold    : Remounting 1001 as mode none
08-02 16:06:12.527  1544  1550 D vold    : Found matching PID 1753
08-02 16:06:12.527  1544  1550 W vold    : Skipping due to root namespace
08-02 16:06:12.528  1544  1548 D vold    : Remounting 1001 as mode none
08-02 16:06:12.528  1544  1548 D vold    : Found matching PID 1753
08-02 16:06:12.528  1544  1548 W vold    : Skipping due to root namespace
08-02 16:06:12.529  1544  1548 D vold    : Remounting 1027 as mode none
08-02 16:06:12.532  1890  1923 W KeyguardServiceDelegate: onScreenTurningOn(): no keyguard service!
08-02 16:06:12.532  1544  1548 D vold    : Remounting 1027 as mode none
08-02 16:06:12.533  1544  1548 D vold    : Remounting 1000 as mode none
08-02 16:06:12.533  1544  1548 D vold    : Found matching PID 1535
08-02 16:06:12.533  1544  1548 W vold    : Skipping due to root namespace
08-02 16:06:12.533  1544  1548 D vold    : Found matching PID 1536
08-02 16:06:12.533  1544  1548 W vold    : Skipping due to root namespace
08-02 16:06:12.533  1544  1548 D vold    : Found matching PID 1537
08-02 16:06:12.533  1544  1548 W vold    : Skipping due to root namespace
08-02 16:06:12.533  1544  1548 D vold    : Found matching PID 1543
08-02 16:06:12.533  1544  1548 W vold    : Skipping due to root namespace
08-02 16:06:12.533  1544  1548 D vold    : Found matching PID 1586
08-02 16:06:12.533  1544  1548 W vold    : Skipping due to root namespace
08-02 16:06:12.533  1544  1548 D vold    : Found matching PID 1588
08-02 16:06:12.533  1544  1548 W vold    : Skipping due to root namespace
08-02 16:06:12.533  1544  1548 D vold    : Found matching PID 1593
08-02 16:06:12.533  1544  1548 W vold    : Skipping due to root namespace
08-02 16:06:12.533  1544  1548 D vold    : Found matching PID 1597
08-02 16:06:12.533  1544  1548 W vold    : Skipping due to root namespace
08-02 16:06:12.533  1544  1548 D vold    : Found matching PID 1599
08-02 16:06:12.533  1544  1548 W vold    : Skipping due to root namespace
08-02 16:06:12.533  1544  1548 D vold    : Found matching PID 1601
08-02 16:06:12.533  1544  1548 W vold    : Skipping due to root namespace
08-02 16:06:12.533  1544  1548 D vold    : Found matching PID 1602
08-02 16:06:12.533  1544  1548 W vold    : Skipping due to root namespace
08-02 16:06:12.533  1544  1548 D vold    : Found matching PID 1603
08-02 16:06:12.533  1544  1548 W vold    : Skipping due to root namespace
08-02 16:06:12.533  1544  1548 D vold    : Found matching PID 1613
08-02 16:06:12.533  1544  1548 W vold    : Skipping due to root namespace
08-02 16:06:12.533  1544  1548 D vold    : Found matching PID 1732
08-02 16:06:12.533  1544  1548 W vold    : Skipping due to root namespace
08-02 16:06:12.533  1544  1548 D vold    : Found matching PID 1756
08-02 16:06:12.533  1544  1548 W vold    : Skipping due to root namespace
08-02 16:06:12.533  1544  1548 D vold    : Found matching PID 1762
08-02 16:06:12.533  1544  1548 W vold    : Skipping due to root namespace
08-02 16:06:12.533  1544  1548 D vold    : Found matching PID 1766
08-02 16:06:12.533  1544  1548 W vold    : Skipping due to root namespace
08-02 16:06:12.533  1544  1548 D vold    : Found matching PID 1890
08-02 16:06:12.612  1544  1548 D vold    : Remounting 1000 as mode none
08-02 16:06:12.613  1544  1548 D vold    : Found matching PID 1535
08-02 16:06:12.613  1544  1548 W vold    : Skipping due to root namespace
08-02 16:06:12.613  1544  1548 D vold    : Found matching PID 1536
08-02 16:06:12.613  1544  1548 W vold    : Skipping due to root namespace
08-02 16:06:12.613  1544  1548 D vold    : Found matching PID 1537
08-02 16:06:12.613  1544  1548 W vold    : Skipping due to root namespace
08-02 16:06:12.613  1544  1548 D vold    : Found matching PID 1543
08-02 16:06:12.613  1544  1548 W vold    : Skipping due to root namespace
08-02 16:06:12.613  1544  1548 D vold    : Found matching PID 1586
08-02 16:06:12.613  1544  1548 W vold    : Skipping due to root namespace
08-02 16:06:12.613  1544  1548 D vold    : Found matching PID 1588
08-02 16:06:12.613  1544  1548 W vold    : Skipping due to root namespace
08-02 16:06:12.613  1544  1548 D vold    : Found matching PID 1593
08-02 16:06:12.613  1544  1548 W vold    : Skipping due to root namespace
08-02 16:06:12.613  1544  1548 D vold    : Found matching PID 1597
08-02 16:06:12.613  1544  1548 W vold    : Skipping due to root namespace
08-02 16:06:12.613  1544  1548 D vold    : Found matching PID 1599
08-02 16:06:12.613  1544  1548 W vold    : Skipping due to root namespace
08-02 16:06:12.613  1544  1548 D vold    : Found matching PID 1601
08-02 16:06:12.613  1544  1548 W vold    : Skipping due to root namespace
08-02 16:06:12.613  1544  1548 D vold    : Found matching PID 1602
08-02 16:06:12.613  1544  1548 W vold    : Skipping due to root namespace
08-02 16:06:12.613  1544  1548 D vold    : Found matching PID 1603
08-02 16:06:12.613  1544  1548 W vold    : Skipping due to root namespace
08-02 16:06:12.613  1544  1548 D vold    : Found matching PID 1613
08-02 16:06:12.613  1544  1548 W vold    : Skipping due to root namespace
08-02 16:06:12.613  1544  1548 D vold    : Found matching PID 1732
08-02 16:06:12.613  1544  1548 W vold    : Skipping due to root namespace
08-02 16:06:12.613  1544  1548 D vold    : Found matching PID 1756
08-02 16:06:12.613  1544  1548 W vold    : Skipping due to root namespace
08-02 16:06:12.613  1544  1548 D vold    : Found matching PID 1762
08-02 16:06:12.613  1544  1548 W vold    : Skipping due to root namespace
08-02 16:06:12.613  1544  1548 D vold    : Found matching PID 1766
08-02 16:06:12.613  1544  1548 W vold    : Skipping due to root namespace
08-02 16:06:12.613  1544  1548 D vold    : Found matching PID 1890
08-02 16:06:12.618  1544  1550 D vold    : Remounting 2000 as mode none
08-02 16:06:12.618  1544  1550 D vold    : Found matching PID 1622
08-02 16:06:12.618  1544  1550 W vold    : Skipping due to root namespace
08-02 16:06:12.618  1544  1550 D vold    : Found matching PID 1624
08-02 16:06:12.618  1544  1550 W vold    : Skipping due to root namespace
08-02 16:06:12.618  1544  1550 D vold    : Found matching PID 1646
08-02 16:06:12.618  1544  1550 W vold    : Skipping due to root namespace
08-02 16:06:12.619  1544  1550 D vold    : Remounting 2000 as mode none
08-02 16:06:12.619  1544  1550 D vold    : Found matching PID 1622
08-02 16:06:12.619  1544  1550 W vold    : Skipping due to root namespace
08-02 16:06:12.619  1544  1550 D vold    : Found matching PID 1624
08-02 16:06:12.619  1544  1550 W vold    : Skipping due to root namespace
08-02 16:06:12.619  1544  1550 D vold    : Found matching PID 1646
08-02 16:06:12.619  1544  1550 W vold    : Skipping due to root namespace
08-02 16:06:12.619  1544  1548 D vold    : Remounting 10038 as mode none
08-02 16:06:12.620  1544  1550 D vold    : Remounting 10038 as mode none
08-02 16:06:12.622  1544  1548 D vold    : Remounting 1002 as mode none
08-02 16:06:12.623  1890  1890 I DefaultPermGrantPolicy: Granting permissions to default platform handlers for user 0
08-02 16:06:12.622  1544  1548 D vold    : Remounting 1002 as mode none
08-02 16:06:12.631  1890  1890 I SyncManager: No initial accounts
08-02 16:06:12.631  1890  1890 I SyncManager: No initial status
08-02 16:06:12.631  1890  1890 I SyncManager: No initial statistics
08-02 16:06:12.669  1544  1550 D vold    : Remounting 10029 as mode none
08-02 16:06:12.670  1544  1550 D vold    : Remounting 10057 as mode none
08-02 16:06:12.672  1544  1550 D vold    : Remounting 10057 as mode none
08-02 16:06:12.673  1544  1550 D vold    : Remounting 10005 as mode none
08-02 16:06:12.673  1544  1548 D vold    : Remounting 10005 as mode none
08-02 16:06:12.674  1544  1548 D vold    : Remounting 10019 as mode none
08-02 16:06:12.674  1544  1548 D vold    : Remounting 10019 as mode none
08-02 16:06:12.677  1544  1548 D vold    : Remounting 10014 as mode none
08-02 16:06:12.677  1544  1548 D vold    : Remounting 10014 as mode none
08-02 16:06:12.680  1544  1548 D vold    : Remounting 10082 as mode none
08-02 16:06:12.680  1544  1550 D vold    : Remounting 10082 as mode none
08-02 16:06:12.682  1544  1550 D vold    : Remounting 10035 as mode none
08-02 16:06:12.682  1544  1550 D vold    : Remounting 10035 as mode none
08-02 16:06:12.684  1544  1550 D vold    : Remounting 10052 as mode none
08-02 16:06:12.684  1544  1548 D vold    : Remounting 10052 as mode none
08-02 16:06:12.686  1544  1548 D vold    : Remounting 10012 as mode none
08-02 16:06:12.687  1544  1548 D vold    : Remounting 10012 as mode none
08-02 16:06:12.688  1544  1548 D vold    : Remounting 10073 as mode none
08-02 16:06:12.689  1544  1550 D vold    : Remounting 10073 as mode none
08-02 16:06:12.690  1544  1548 D vold    : Remounting 10039 as mode none
08-02 16:06:12.691  1544  1548 D vold    : Remounting 10039 as mode none
08-02 16:06:12.692  1544  1548 D vold    : Remounting 10017 as mode none
08-02 16:06:12.692  1544  1550 D vold    : Remounting 10017 as mode none
08-02 16:06:12.696  1890  1890 V UserDataPreparer: Found /data/user_de/0 with serial number -1
08-02 16:06:12.696  1890  1890 D UserDataPreparer: Serial number missing on /data/user_de/0; assuming current is valid
08-02 16:06:12.696  1890  1890 V UserDataPreparer: Found /data/user/0 with serial number -1
08-02 16:06:12.696  1890  1890 D UserDataPreparer: Serial number missing on /data/user/0; assuming current is valid
08-02 16:06:12.696  1890  1890 V UserDataPreparer: Found /data/system_de/0 with serial number -1
08-02 16:06:12.696  1890  1890 D UserDataPreparer: Serial number missing on /data/system_de/0; assuming current is valid
08-02 16:06:12.696  1890  1890 D SystemServerTiming: MakePackageManagerServiceReady took to complete: 170ms
08-02 16:06:12.696  1890  1890 I SystemServer: MakeDisplayManagerServiceReady
08-02 16:06:12.696  1890  1890 D SystemServerTiming: MakeDisplayManagerServiceReady took to complete: 0ms
08-02 16:06:12.696  1890  1890 I SystemServer: StartDeviceSpecificServices
08-02 16:06:12.696  1890  1890 D SystemServerTiming: StartDeviceSpecificServices took to complete: 0ms
08-02 16:06:12.696  1890  1890 I SystemServer: StartBootPhaseDeviceSpecificServicesReady
08-02 16:06:12.696  1890  1890 I SystemServiceManager: Starting phase 520
08-02 16:06:12.696  1890  1890 D SystemServerTiming: StartBootPhaseDeviceSpecificServicesReady took to complete: 0ms
08-02 16:06:12.696  1890  1890 W UsageStatsService: Event reported without a package name
08-02 16:06:12.697  1890  1890 I ActivityManager: System now ready
08-02 16:06:12.698  1890  1890 I SystemServer: Making services ready
08-02 16:06:12.698  1890  1890 I SystemServer: StartActivityManagerReadyPhase
08-02 16:06:12.698  1890  1890 I SystemServiceManager: Starting phase 550
08-02 16:06:12.698  1890  1890 W ActivityManager: Too early to start/bind service in system_server: Phase=550 ComponentInfo{com.android.server.telecom/com.android.server.telecom.components.TelecomService}
08-02 16:06:12.698  1890  1890 W ActivityManager: Too early to start/bind service in system_server: Phase=550 ComponentInfo{com.android.server.telecom/com.android.server.telecom.components.TelecomService}
08-02 16:06:12.711  1890  1890 D PackageManager: Instant App installer not found with android.intent.action.INSTALL_INSTANT_APP_PACKAGE
08-02 16:06:12.711  1890  1890 D PackageManager: Clear ephemeral installer activity
08-02 16:06:12.711  1890  1890 D PackageManager: Instant App installer not found with android.intent.action.INSTALL_INSTANT_APP_PACKAGE
08-02 16:06:12.711  1890  1890 D PackageManager: Clear ephemeral installer activity
08-02 16:06:12.716  1890  1973 D StorageManagerService: Thinking about init, mSystemReady=true, mDaemonConnected=true
08-02 16:06:12.716  1890  1973 D StorageManagerService: Setting up emulation state, initlocked=false
08-02 16:06:12.716  1544  1550 D vold    : e4crypt_unlock_user_key 0 serial=0 token_present=0
08-02 16:06:12.716  1544  1550 E vold    : Failed to chmod /data/system_ce/0: No such file or directory
08-02 16:06:12.716  1544  1550 E vold    : Failed to chmod /data/misc_ce/0: No such file or directory
08-02 16:06:12.716  1544  1550 E vold    : Failed to chmod /data/media/0: No such file or directory
08-02 16:06:12.716  1890  1973 D StorageManagerService: Thinking about reset, mSystemReady=true, mDaemonConnected=true
08-02 16:06:12.716  1890  1913 I ActivityManager: Force stopping com.android.providers.media appid=10005 user=-1: vold reset
08-02 16:06:12.717  1890  1949 V StorageManagerService: Found primary storage at VolumeInfo{emulated}:
08-02 16:06:12.717  1890  1949 V StorageManagerService:     type=EMULATED diskId=null partGuid= mountFlags=0 mountUserId=-1 
08-02 16:06:12.717  1890  1949 V StorageManagerService:     state=UNMOUNTED 
08-02 16:06:12.717  1890  1949 V StorageManagerService:     fsType=null fsUuid=null fsLabel=null 
08-02 16:06:12.717  1890  1949 V StorageManagerService:     path=null internalPath=null 
08-02 16:06:12.718  1890  1912 E AutofillManagerServiceImpl: Bad AutofillService name: com.google.android.gms/.autofill.service.AutofillService
08-02 16:06:12.718  1890  1912 D AutofillManagerServiceImpl: Reset component for user 0 (com.google.android.gms/.autofill.service.AutofillService)
08-02 16:06:12.718  1890  1914 D AutofillUI: destroySaveUiUiThread(): already destroyed
08-02 16:06:12.719  1890  1912 E AutofillManagerServiceImpl: Bad AutofillService name: com.google.android.gms/.autofill.service.AutofillService
08-02 16:06:12.719  1890  1912 D AutofillManagerServiceImpl: Reset component for user 0 (com.google.android.gms/.autofill.service.AutofillService)
08-02 16:06:12.719  1890  1912 D FieldClassificationStrategy: reset(): service is not bound. Do nothing.
08-02 16:06:12.720  1544  1550 V vold    : Waiting for FUSE to spin up...
08-02 16:06:12.720  1890  1890 I LockSettingsService: Migrated migrated_frp.
08-02 16:06:12.720  1890  1890 I WallpaperManagerService: No static wallpaper imagery; defaults will be shown
08-02 16:06:12.720  1890  1890 W WallpaperManagerService: no current wallpaper -- first boot?
08-02 16:06:12.720  1890  1890 D SystemServerTiming: StartActivityManagerReadyPhase took to complete: 22ms
08-02 16:06:12.720  1890  1890 I SystemServer: StartObservingNativeCrashes
08-02 16:06:12.721  1890  2002 I AudioService: setBluetoothScoOnInt: false resetBluetoothSco
08-02 16:06:12.721  1890  2002 E BluetoothAdapter: Bluetooth binder is null
08-02 16:06:12.721  1890  1890 D SystemServerTiming: StartObservingNativeCrashes took to complete: 1ms
08-02 16:06:12.721  1890  1890 I SystemServer: StartSystemUI
08-02 16:06:12.722  1890  1945 D SystemServerInitThreadPool: Started executing WebViewFactoryPreparation
08-02 16:06:12.722  1890  1945 I SystemServer: WebViewFactoryPreparation
08-02 16:06:12.722  1890  1890 D SystemServerTiming: StartSystemUI took to complete: 1ms
08-02 16:06:12.722  1890  1890 I SystemServer: MakeNetworkManagementServiceReady
08-02 16:06:12.721  1890  2002 E BluetoothAdapter: Bluetooth binder is null
08-02 16:06:12.722  1609  1609 I AudioFlinger: systemReady
08-02 16:06:12.723  1890  1890 D NetworkManagement: enabling bandwidth control
08-02 16:06:12.725  1890  1915 I ActivityManager: Start proc 2018:com.google.android.inputmethod.latin/u0a84 for service com.google.android.inputmethod.latin/com.android.inputmethod.latin.LatinIME
08-02 16:06:12.726  1890  1890 W NetworkManagement: setDataSaverMode(): already false
08-02 16:06:12.727  1890  1945 D PackageManager: Instant App installer not found with android.intent.action.INSTALL_INSTANT_APP_PACKAGE
08-02 16:06:12.727  1890  1945 D PackageManager: Clear ephemeral installer activity
08-02 16:06:12.729  1890  1890 D SystemServerTiming: MakeNetworkManagementServiceReady took to complete: 7ms
08-02 16:06:12.729  1890  1890 I SystemServer: MakeIpSecServiceReady
08-02 16:06:12.729  1890  1890 D IpSecService: IpSecService is ready
08-02 16:06:12.729  1890  1890 D SystemServerTiming: MakeIpSecServiceReady took to complete: 0ms
08-02 16:06:12.729  1890  1890 I SystemServer: MakeNetworkStatsServiceReady
08-02 16:06:12.732  1890  1945 D WebViewLibraryLoader: Setting new address space to 141300560
08-02 16:06:12.734  2018  2018 W putmethod.lati: Unexpected CPU variant for X86 using defaults: x86
08-02 16:06:12.737  1890  1988 W NetworkPolicy: setRestrictBackgroundUL: already false
08-02 16:06:12.741  1890  1890 W BestClock: java.time.DateTimeException: Missing NTP fix
08-02 16:06:12.744  1890  1917 E BatteryExternalStatsWorker: no controller energy info supplied for wifi
08-02 16:06:12.744  1890  1917 E BatteryExternalStatsWorker: no controller energy info supplied for telephony
08-02 16:06:12.748  1890  1988 W BestClock: java.time.DateTimeException: Missing NTP fix
08-02 16:06:12.751  1890  1945 D SystemServerTimingAsync: WebViewFactoryPreparation took to complete: 29ms
08-02 16:06:12.751  1890  1945 D SystemServerInitThreadPool: Finished executing WebViewFactoryPreparation
08-02 16:06:12.751  1890  1915 I ActivityManager: Start proc 2030:com.google.android.gms.persistent/u0a12 for broadcast com.google.android.gms/.chimera.GmsIntentOperationService$PersistentTrustedReceiver
08-02 16:06:12.755  2024  2024 W sdcard  : Device explicitly enabled sdcardfs
08-02 16:06:12.761  2030  2030 W .gms.persisten: Unexpected CPU variant for X86 using defaults: x86
08-02 16:06:12.764  2018  2018 I putmethod.lati: The ClassLoaderContext is a special shared library.
08-02 16:06:12.765  2018  2018 I putmethod.lati: The ClassLoaderContext is a special shared library.
08-02 16:06:12.768  1740  1833 W MediaExtractorFactory: couldn't dlopen(/system/lib/extractors/.) Is a directory
08-02 16:06:12.769  1740  1833 E linker  : library "/system/lib/extractors/.." ("/system/lib") needed or dlopened by "/system/lib/libstagefright.so" is not accessible for the namespace: [name="(default)", ld_library_paths="", default_library_paths="/system/lib", permitted_paths="/system/lib/drm:/system/lib/extractors:/system/lib/hw:/system/product/lib:/system/framework:/system/app:/system/priv-app:/vendor/framework:/vendor/app:/vendor/priv-app:/odm/framework:/odm/app:/odm/priv-app:/oem/app:/system/product/framework:/system/product/app:/system/product/priv-app:/data:/mnt/expand"]
08-02 16:06:12.770  1740  1833 W MediaExtractorFactory: couldn't dlopen(/system/lib/extractors/..) Is a directory
08-02 16:06:12.770  1544  1550 V vold    : Waiting for FUSE to spin up...
08-02 16:06:12.774  2048  2048 W ndroid.systemu: Unexpected CPU variant for X86 using defaults: x86
08-02 16:06:12.781  1890  2044 W ZygoteProcess: Got error connecting to zygote, retrying. msg= Connection refused
08-02 16:06:12.791  1740  1833 E MediaExtractorFactory: couldn't opendir(/vendor/lib/extractors)
08-02 16:06:12.795  2056  2056 I WebViewZygoteInit: Starting WebViewZygoteInit
08-02 16:06:12.795  2056  2056 I WebViewZygoteInit: --zygote-socket=com.android.internal.os.WebViewZygoteInit/0c7d31aa-08fa-43f6-ad42-411df15fd49c
08-02 16:06:12.799  1890  1915 W ActivityManager: Slow operation: 76ms so far, now at startProcess: done updating battery stats
08-02 16:06:12.799  1890  1915 W ActivityManager: Slow operation: 77ms so far, now at startProcess: building log message
08-02 16:06:12.799  1890  1915 I ActivityManager: Start proc 2048:com.android.systemui/u0a38 for service com.android.systemui/.SystemUIService
08-02 16:06:12.799  1890  1915 W ActivityManager: Slow operation: 77ms so far, now at startProcess: starting to update pids map
08-02 16:06:12.799  1890  1915 W ActivityManager: Slow operation: 77ms so far, now at startProcess: done updating pids map
08-02 16:06:12.803  1742  1839 D StagefrightPluginLoader: Failed to load library: libstagefright_ccodec.so (dlopen failed: library "libstagefright_ccodec.so" not found)
08-02 16:06:12.803  1742  1839 D StagefrightPluginLoader: Handle or CreateInputSurface symbol is null
08-02 16:06:12.803  1742  1839 D StagefrightPluginLoader: Handle or CreateBuilder symbol is null
08-02 16:06:12.806  1890  1890 D SystemServerTiming: MakeNetworkStatsServiceReady took to complete: 76ms
08-02 16:06:12.806  1890  1890 I SystemServer: MakeConnectivityServiceReady
08-02 16:06:12.806  1890  1890 D PermissionMonitor: Monitoring
08-02 16:06:12.809  1890  1890 D PermissionMonitor: Users: 1, Apps: 91
08-02 16:06:12.814  2030  2030 I .gms.persisten: The ClassLoaderContext is a special shared library.
08-02 16:06:12.817  1890  1912 E AutofillManagerServiceImpl: Bad AutofillService name: com.google.android.gms/.autofill.service.AutofillService
08-02 16:06:12.817  1890  1912 D AutofillManagerServiceImpl: Reset component for user 0 (com.google.android.gms/.autofill.service.AutofillService)
08-02 16:06:12.817  1890  1914 D AutofillUI: destroySaveUiUiThread(): already destroyed
08-02 16:06:12.814  2030  2030 I chatty  : uid=10012 com.google.android.gms.persistent identical 1 line
08-02 16:06:12.815  2030  2030 I .gms.persisten: The ClassLoaderContext is a special shared library.
08-02 16:06:12.817  1742  1839 I OMXClient: IOmx service obtained
08-02 16:06:12.817  1890  1912 E AutofillManagerServiceImpl: Bad AutofillService name: com.google.android.gms/.autofill.service.AutofillService
08-02 16:06:12.817  1890  1912 D AutofillManagerServiceImpl: Reset component for user 0 (com.google.android.gms/.autofill.service.AutofillService)
08-02 16:06:12.817  1890  1912 D FieldClassificationStrategy: reset(): service is not bound. Do nothing.
08-02 16:06:12.817  1748  1831 I OMXMaster: makeComponentInstance(OMX.google.aac.decoder) in omx@1.0-service process
08-02 16:06:12.818  2030  2030 I .gms.persisten: The ClassLoaderContext is a special shared library.
08-02 16:06:12.825  1890  1915 W ActivityManager: Slow operation: 74ms so far, now at startProcess: returned from zygote!
08-02 16:06:12.825  1890  1915 W ActivityManager: Slow operation: 74ms so far, now at startProcess: done updating battery stats
08-02 16:06:12.825  1890  1915 W ActivityManager: Slow operation: 74ms so far, now at startProcess: building log message
08-02 16:06:12.825  1890  1915 I ActivityManager: Start proc 2085:WebViewLoader-x86/1037 [android.webkit.WebViewLibraryLoader$RelroFileCreator] for 
08-02 16:06:12.825  1890  1915 W ActivityManager: Slow operation: 74ms so far, now at startProcess: starting to update pids map
08-02 16:06:12.826  1890  1915 W ActivityManager: Slow operation: 75ms so far, now at startProcess: done updating pids map
08-02 16:06:12.839  2048  2048 I ndroid.systemu: The ClassLoaderContext is a special shared library.
08-02 16:06:12.843  1742  1839 I OMXClient: IOmx service obtained
08-02 16:06:12.843  1748  1831 I OMXMaster: makeComponentInstance(OMX.google.amrnb.decoder) in omx@1.0-service process
08-02 16:06:12.845  2085  2085 W WebViewLoader-: Unexpected CPU variant for X86 using defaults: x86
08-02 16:06:12.857  1890  1890 D SystemServerTiming: MakeConnectivityServiceReady took to complete: 51ms
08-02 16:06:12.858  1890  1890 I SystemServer: MakeNetworkPolicyServiceReady
08-02 16:06:12.858  1890  1890 D SystemServerTiming: MakeNetworkPolicyServiceReady took to complete: 0ms
08-02 16:06:12.858  1890  1890 I SystemServer: StartWatchdog
08-02 16:06:12.858  1890  1890 D SystemServerTiming: StartWatchdog took to complete: 0ms
08-02 16:06:12.858  1890  1890 I SystemServer: PhaseThirdPartyAppsCanStart
08-02 16:06:12.858  1890  1890 I SystemServiceManager: Starting phase 600
08-02 16:06:12.859  1890  1890 V WallpaperManagerService: bindWallpaperComponentLocked: componentName=null
08-02 16:06:12.859  1890  1890 V WallpaperManagerService: No default component; using image wallpaper
08-02 16:06:12.863  1742  1839 I OMXClient: IOmx service obtained
08-02 16:06:12.863  1748  1831 I OMXMaster: makeComponentInstance(OMX.google.amrwb.decoder) in omx@1.0-service process
08-02 16:06:12.868  1742  1839 I OMXClient: IOmx service obtained
08-02 16:06:12.868  1748  1831 I OMXMaster: makeComponentInstance(OMX.google.flac.decoder) in omx@1.0-service process
08-02 16:06:12.887  1890  1900 I system_server: Background concurrent copying GC freed 35123(2MB) AllocSpace objects, 20(560KB) LOS objects, 42% free, 7MB/12MB, paused 49us total 160.209ms
08-02 16:06:12.902  2085  2085 V WebViewLibraryLoader: RelroFileCreator (64bit = false), lib: /system/app/Chrome/Chrome.apk!/lib/x86/libmonochrome.so
08-02 16:06:12.902  1890  1912 E AutofillManagerServiceImpl: Bad AutofillService name: com.google.android.gms/.autofill.service.AutofillService
08-02 16:06:12.902  1890  1912 D AutofillManagerServiceImpl: Reset component for user 0 (com.google.android.gms/.autofill.service.AutofillService)
08-02 16:06:12.902  1890  1914 D AutofillUI: destroySaveUiUiThread(): already destroyed
08-02 16:06:12.902  1890  1912 E AutofillManagerServiceImpl: Bad AutofillService name: com.google.android.gms/.autofill.service.AutofillService
08-02 16:06:12.902  1890  1912 D AutofillManagerServiceImpl: Reset component for user 0 (com.google.android.gms/.autofill.service.AutofillService)
08-02 16:06:12.902  1890  1912 D FieldClassificationStrategy: reset(): service is not bound. Do nothing.
08-02 16:06:12.912  1890  1890 I StatsCompanionService: Told statsd that StatsCompanionService is alive.
08-02 16:06:12.913  1890  1890 D SystemServerTiming: PhaseThirdPartyAppsCanStart took to complete: 55ms
08-02 16:06:12.913  1890  1890 I SystemServer: MakeLocationServiceReady
08-02 16:06:12.914  1536  1536 W hwservicemanager: getTransport: Cannot find entry android.hardware.gnss@1.1::IGnss/default in either framework or device manifest.
08-02 16:06:12.914  1890  1890 D GnssLocationProvider: gnssHal 1.1 was null, trying 1.0
08-02 16:06:12.920  1890  1890 I GnssLocationProvider: WakeLock acquired by sendMessage(INITIALIZE_HANDLER, 0, null)
08-02 16:06:12.921  1890  1890 W LocationProviderProxy-network: Odd, no component found for service com.android.location.service.v3.NetworkLocationProvider
08-02 16:06:12.922  1890  1890 W GeocoderProxy: Odd, no component found for service com.android.location.service.GeocodeProvider
08-02 16:06:12.923  1890  1890 W GeofenceProxy: Odd, no component found for service com.android.location.service.GeofenceProvider
08-02 16:06:12.924  1890  1890 E ActivityRecognitionHardware: activity_recognition HAL is deprecated. is_supported is effectively a no-op
08-02 16:06:12.924  1890  1890 D LocationManagerService: Hardware Activity-Recognition not supported.
08-02 16:06:12.924  1890  1890 W ActivityRecognitionProxy: Odd, no component found for service com.android.location.service.ActivityRecognitionProvider
08-02 16:06:12.924  1890  1890 I GnssLocationProvider: WakeLock acquired by sendMessage(ENABLE, 1, null)
08-02 16:06:12.928  1890  1890 D SystemServerTiming: MakeLocationServiceReady took to complete: 15ms
08-02 16:06:12.928  1890  1890 I SystemServer: MakeCountryDetectionServiceReady
08-02 16:06:12.928  1890  1890 D SystemServerTiming: MakeCountryDetectionServiceReady took to complete: 0ms
08-02 16:06:12.928  1890  1890 I SystemServer: MakeNetworkTimeUpdateReady
08-02 16:06:12.936  1890  1890 D ConnectivityService: requestNetwork for uid/pid:1000/1890 NetworkRequest [ TRACK_DEFAULT id=6, [ Capabilities: INTERNET&NOT_RESTRICTED&TRUSTED Unwanted:  Uid: 1000] ]
08-02 16:06:12.936  1890  1890 D SystemServerTiming: MakeNetworkTimeUpdateReady took to complete: 8ms
08-02 16:06:12.936  1890  1890 I SystemServer: MakeCommonTimeManagementServiceReady
08-02 16:06:12.936  1890  1890 I CommonTimeManagementService: No common time service detected on this platform.  Common time services will be unavailable.
08-02 16:06:12.936  1890  1890 D SystemServerTiming: MakeCommonTimeManagementServiceReady took to complete: 0ms
08-02 16:06:12.937  1890  1890 I SystemServer: MakeInputManagerServiceReady
08-02 16:06:12.937  1742  1839 I OMXClient: IOmx service obtained
08-02 16:06:12.937  1748  1831 I OMXMaster: makeComponentInstance(OMX.google.g711.alaw.decoder) in omx@1.0-service process
08-02 16:06:12.937  1890  1890 D SystemServerTiming: MakeInputManagerServiceReady took to complete: 0ms
08-02 16:06:12.937  1890  1890 I SystemServer: MakeTelephonyRegistryReady
08-02 16:06:12.937  1890  1890 D SystemServerTiming: MakeTelephonyRegistryReady took to complete: 0ms
08-02 16:06:12.937  1890  1890 I SystemServer: MakeMediaRouterServiceReady
08-02 16:06:12.937  1890  1890 D SystemServerTiming: MakeMediaRouterServiceReady took to complete: 0ms
08-02 16:06:12.937  1890  1890 I SystemServer: MakeMmsServiceReady
08-02 16:06:12.937  1890  1890 I MmsServiceBroker: Delay connecting to MmsService until an API is called
08-02 16:06:12.937  1890  1890 D SystemServerTiming: MakeMmsServiceReady took to complete: 0ms
08-02 16:06:12.937  1890  1890 I SystemServer: IncidentDaemonReady
08-02 16:06:12.937  1890  1890 D SystemServerTiming: IncidentDaemonReady took to complete: 0ms
08-02 16:06:12.937  1890  1890 I SystemServiceManager: Calling onStartUser u0
08-02 16:06:12.939  1890  1971 I InputReader: Reconfiguring input devices.  changes=0x00000020
08-02 16:06:12.943  1890  1971 I InputReader: Reconfiguring input devices.  changes=0x00000010
08-02 16:06:12.950  1890  1890 I ActivityManager: START u0 {act=android.intent.action.MAIN cat=[android.intent.category.HOME] flg=0x10000100 cmp=com.android.settings/.CryptKeeper} from uid 0
08-02 16:06:12.960  1742  1839 I OMXClient: IOmx service obtained
08-02 16:06:12.960  1748  1748 I OMXMaster: makeComponentInstance(OMX.google.g711.mlaw.decoder) in omx@1.0-service process
08-02 16:06:12.961  1890  1890 I ActivityManager: Loaded persisted task ids for user 0
08-02 16:06:12.964  1742  1839 I OMXClient: IOmx service obtained
08-02 16:06:12.964  1748  1748 I OMXMaster: makeComponentInstance(OMX.google.gsm.decoder) in omx@1.0-service process
08-02 16:06:12.979  1742  1839 I OMXClient: IOmx service obtained
08-02 16:06:12.979  1748  1748 I OMXMaster: makeComponentInstance(OMX.google.mp3.decoder) in omx@1.0-service process
08-02 16:06:12.983  1890  1912 D GnssLocationProvider: Link to death notification successful
08-02 16:06:12.983  1598  1598 I GnssHAL_GnssInterface: getExtensionXtra: GnssXtra interface not implemented by HAL
08-02 16:06:12.983  1598  1598 I GnssHAL_GnssInterface: getExtensionAGnssRil: GnssRil interface not implemented by HAL
08-02 16:06:12.987  1598  1598 E GnssHAL_GnssInterface: getExtensionAGnss: AGnss interface not implemented by HAL
08-02 16:06:12.987  1598  1598 I GnssHAL_GnssInterface: getExtensionGnssNavigationMessage: GnssNavigationMessage interface not implemented by HAL
08-02 16:06:12.987  1598  1598 E GnssHAL_GnssInterface: getExtensionGnssMeasurement: GnssMeasurement interface not implemented by HAL
08-02 16:06:12.987  1598  1598 I GnssHAL_GnssInterface: getExtensionGnssDebug: GnssDebug interface not implemented by HAL
08-02 16:06:12.987  1598  1598 I GnssHAL_GnssInterface: getExtensionGnssNi: GnssNi interface not implemented by HAL
08-02 16:06:12.987  1598  1598 E GnssHAL_GnssInterface: getExtensionGnssConfiguration: GnssConfiguration interface not implemented by HAL
08-02 16:06:12.987  1598  1598 E GnssHAL_GnssInterface: getExtensionGnssGeofencing: GnssGeofencing interface not implemented by HAL
08-02 16:06:12.987  1598  1598 E GnssHAL_GnssInterface: gnss flp hw_get_module failed: -2
08-02 16:06:12.987  1598  1598 E GnssHAL_GnssInterface: getExtensionGnssBatching: GnssBatching interface is not implemented by HAL
08-02 16:06:12.994  1890  1912 D GnssLocationProvider: gnssSetCapabilitesCb: 0u
08-02 16:06:12.994  1890  1912 D GnssLocationProvider: gnssSetSystemInfoCb: yearOfHw=2015
08-02 16:06:12.994  1890  1912 E GnssLocationProvider: Unable to initialize GNSS Xtra interface
08-02 16:06:12.994  1890  1912 I GnssLocationProvider: Unable to Initialize AGnss interface
08-02 16:06:12.994  1890  1912 I GnssLocationProvider: Unable to initialize GNSS Geofencing interface
08-02 16:06:12.994  1890  1912 I GnssLocationProvider: Unable to initialize GNSS NI interface
08-02 16:06:12.994  1890  1912 I GnssLocationProvider: Unable to Initialize AGnss Ril interface
08-02 16:06:12.998  2018  2018 I TransientFileCleaner: Deleting 0 files
08-02 16:06:12.998  2018  2018 I TransientFileCleaner: Deleting 0 files
08-02 16:06:12.998  1890  2008 I GnssLocationProvider: WakeLock acquired by sendMessage(REPORT_SV_STATUS, 0, com.android.server.location.GnssLocationProvider$SvStatusInfo@ca2772d)
08-02 16:06:12.999  1890  1912 E GnssLocationProvider: no AGPS interface in set_agps_server
08-02 16:06:13.002  1890  1890 W system_server: Framework Matrix: Ignore file /system/etc/vintf/manifest.xml: 
08-02 16:06:13.002  1890  1890 W system_server: 
08-02 16:06:13.003  1742  1839 I OMXClient: IOmx service obtained
08-02 16:06:13.003  1748  1748 I OMXMaster: makeComponentInstance(OMX.google.opus.decoder) in omx@1.0-service process
08-02 16:06:13.012  1890  1890 D SystemServerTiming: ActivityManagerStartApps took to complete: 75ms
08-02 16:06:13.012  1890  1890 D SystemServerTiming: PhaseActivityManagerReady took to complete: 316ms
08-02 16:06:13.014  1890  1915 W ActivityManager: Slow operation: 76ms so far, now at startProcess: asking zygote to start proc
08-02 16:06:13.015  1890  1912 I GnssLocationProvider: WakeLock released by handleMessage(INITIALIZE_HANDLER, 0, null)
08-02 16:06:13.015  1598  1598 W GnssHAL_GnssInterface: setCallback called more than once. Unexpected unless test.
08-02 16:06:13.017  1890  1912 D GnssLocationProvider: gnssSetSystemInfoCb: yearOfHw=2015
08-02 16:06:13.017  1890  1912 D GnssLocationProvider: gnssSetCapabilitesCb: 0u
08-02 16:06:13.017  1890  1912 D GnssLocationProvider: gnssSetSystemInfoCb: yearOfHw=2015
08-02 16:06:13.017  1890  1912 E GnssLocationProvider: Unable to initialize GNSS Xtra interface
08-02 16:06:13.017  1890  1912 I GnssLocationProvider: Unable to Initialize AGnss interface
08-02 16:06:13.017  1890  1912 I GnssLocationProvider: Unable to initialize GNSS Geofencing interface
08-02 16:06:13.017  1890  1912 I GnssLocationProvider: Unable to initialize GNSS NI interface
08-02 16:06:13.017  1890  1912 I GnssLocationProvider: Unable to Initialize AGnss Ril interface
08-02 16:06:13.017  1890  1912 E GnssLocationProvider: no AGPS interface in set_agps_server
08-02 16:06:13.017  1890  1912 E GnssBatchingProvider: Failed to initialize GNSS batching
08-02 16:06:13.017  1890  1912 I GnssLocationProvider: WakeLock released by handleMessage(ENABLE, 1, null)
08-02 16:06:13.017  1890  1912 I GnssLocationProvider: restartRequests
08-02 16:06:13.017  1890  1912 I GnssLocationProvider: WakeLock released by handleMessage(REPORT_SV_STATUS, 0, com.android.server.location.GnssLocationProvider$SvStatusInfo@ca2772d)
08-02 16:06:13.017  1890  1912 W LocationProviderProxy-network: Odd, no component found for service com.android.location.service.v3.NetworkLocationProvider
08-02 16:06:13.018  1890  1912 W GeocoderProxy: Odd, no component found for service com.android.location.service.GeocodeProvider
08-02 16:06:13.018  1890  1912 W GeofenceProxy: Odd, no component found for service com.android.location.service.GeofenceProvider
08-02 16:06:13.018  1890  1912 W ActivityRecognitionProxy: Odd, no component found for service com.android.location.service.ActivityRecognitionProvider
08-02 16:06:13.018  1890  1912 I GnssLocationProvider: No GNSS Satellite Blacklist interface available
08-02 16:06:13.018  1890  1912 I GnssLocationProvider: restartRequests
08-02 16:06:13.018  2048  2048 W AlarmManager: Unrecognized alarm listener com.android.systemui.keyguard.-$$Lambda$KeyguardSliceProvider$IhzByd8TsqFuOrSyuGurVskyPLo@412d537
08-02 16:06:13.024  1890  1890 D SystemServerInitThreadPool: Shutdown successful
08-02 16:06:13.024  1890  1890 D SystemServerTiming: StartServices took to complete: 4377ms
08-02 16:06:13.025  1890  1915 W ActivityManager: Slow operation: 87ms so far, now at startProcess: returned from zygote!
08-02 16:06:13.025  1890  1915 W ActivityManager: Slow operation: 87ms so far, now at startProcess: done updating battery stats
08-02 16:06:13.026  1890  1890 W Looper  : Slow delivery took 3010ms main h=android.os.Handler c=com.android.server.BatteryService$8@17f3c47 m=0
08-02 16:06:13.026  1890  1915 W ActivityManager: Slow operation: 87ms so far, now at startProcess: building log message
08-02 16:06:13.026  1890  1915 I ActivityManager: Start proc 2147:com.android.phone/1001 for added application com.android.phone
08-02 16:06:13.026  1890  1915 W ActivityManager: Slow operation: 88ms so far, now at startProcess: starting to update pids map
08-02 16:06:13.026  1890  1915 W ActivityManager: Slow operation: 88ms so far, now at startProcess: done updating pids map
08-02 16:06:13.026  1890  1915 W ActivityManager: Slow operation: 59ms so far, now at startProcess: asking zygote to start proc
08-02 16:06:13.027  1890  1890 V SettingsProvider: Notifying for 0: content://settings/global/network_watchlist_last_report_time
08-02 16:06:13.027  2018  2018 I ModuleManager: Key 'module:com.google.android.apps.inputmethod.libs.search.IUniversalMediaExtension' has value 'res/xml/extension_universal_media.xml'
08-02 16:06:13.028  1890  1990 D WifiController: DEFERRED_TOGGLE handled
08-02 16:06:13.028  1890  1990 D WifiController: StaEnabledState.enter()
08-02 16:06:13.028  1890  1991 D WifiStateMachinePrime: received a message in WifiDisabledState: { when=0 what=0 target=com.android.internal.util.StateMachine$SmHandler }
08-02 16:06:13.028  1890  1991 D WifiStateMachinePrime: Switching from WifiDisabledState to ClientMode
08-02 16:06:13.028  1890  1991 D WifiStateMachinePrime: Entering ClientModeActiveState
08-02 16:06:13.028  1890  1991 D WifiClientModeManager: entering IdleState
08-02 16:06:13.028  1890  1991 D WifiStateMachinePrime: State changed from client mode. state = 2
08-02 16:06:13.030  1604  1604 I android.hardware.wifi@1.0-service: Wifi HAL started
08-02 16:06:13.030  1890  1890 D ConditionProviders.SCP: onConnected
08-02 16:06:13.030  1890  1890 V SettingsProvider: Notifying for 0: content://settings/global/zen_mode
08-02 16:06:13.030  1890  1991 I WifiVendorHal: Vendor Hal started successfully
08-02 16:06:13.030  1890  1993 I WifiP2pNative: Registering for interface available listener
08-02 16:06:13.032  1890  1993 D WifiP2pNative: P2P InterfaceAvailableListener true
08-02 16:06:13.032  1890  1993 D WifiP2pService: Wifi enabled=false, P2P Interface availability=true, Number of clients=0
08-02 16:06:13.032  1890  1993 D WifiP2pService: Wifi enabled=false, P2P Interface availability=true
08-02 16:06:13.037  1890  1991 I android_os_HwBinder: HwBinder: Starting thread pool for default::android.hidl.manager@1.0::IServiceManager
08-02 16:06:13.037  1890  1890 V SettingsProvider: Notifying for 0: content://settings/system/mode_ringer_streams_affected
08-02 16:06:13.037  1890  1890 V FingerprintService: Done with client: android
08-02 16:06:13.037  1890  1890 V FingerprintService: clearEnumerateState()
08-02 16:06:13.037  1890  1890 V SettingsProvider: Notifying for 0: content://settings/secure/lock_screen_owner_info_enabled
08-02 16:06:13.038  1890  1992 I WifiScanningService: wifi driver unloaded
08-02 16:06:13.038  1890  1890 V SettingsProvider: Notifying for 0: content://settings/global/zen_mode_ringer_level
08-02 16:06:13.038  1890  1890 D ZenLog  : set_zen_mode: off,cleanUpZenRules
08-02 16:06:13.038  1890  1890 D ConditionProviders: Subscribing to condition://android/event?userId=-10000&calendar=&reply=1 with ComponentInfo{android/com.android.server.notification.EventConditionProvider}
08-02 16:06:13.038  1890  1890 D ZenLog  : subscribe: condition://android/event?userId=-10000&calendar=&reply=1,ok
08-02 16:06:13.038  1890  1890 D ConditionProviders: Subscribing to condition://android/schedule?days=1.2.3.4.5.6.7&start=22.0&end=7.0&exitAtAlarm=true with ComponentInfo{android/com.android.server.notification.ScheduleConditionProvider}
08-02 16:06:13.038  1890  1890 D ZenLog  : subscribe: condition://android/schedule?days=1.2.3.4.5.6.7&start=22.0&end=7.0&exitAtAlarm=true,ok
08-02 16:06:13.042  1890  1890 V SettingsProvider: Notifying for 0: content://settings/secure/location_providers_allowed
08-02 16:06:13.042  1890  1890 V SettingsProvider: Notifying for 0: content://settings/global/location_global_kill_switch
08-02 16:06:13.038  1890  1992 I WifiScanningService: wifi driver unloaded
08-02 16:06:13.051  1742  1839 I OMXClient: IOmx service obtained
08-02 16:06:13.051  1748  1748 I OMXMaster: makeComponentInstance(OMX.google.raw.decoder) in omx@1.0-service process
08-02 16:06:13.055  1742  1839 I OMXClient: IOmx service obtained
08-02 16:06:13.055  1748  1831 I OMXMaster: makeComponentInstance(OMX.google.vorbis.decoder) in omx@1.0-service process
08-02 16:06:13.067  2147  2147 W m.android.phon: Unexpected CPU variant for X86 using defaults: x86
08-02 16:06:13.067  1890  1915 W ActivityManager: Slow operation: 100ms so far, now at startProcess: returned from zygote!
08-02 16:06:13.067  1890  1915 W ActivityManager: Slow operation: 100ms so far, now at startProcess: done updating battery stats
08-02 16:06:13.067  1890  1915 W ActivityManager: Slow operation: 100ms so far, now at startProcess: building log message
08-02 16:06:13.067  1890  1915 I ActivityManager: Start proc 2159:com.android.settings:CryptKeeper/1000 for activity com.android.settings/.CryptKeeper
08-02 16:06:13.067  1890  1915 W ActivityManager: Slow operation: 100ms so far, now at startProcess: starting to update pids map
08-02 16:06:13.067  1890  1915 W ActivityManager: Slow operation: 100ms so far, now at startProcess: done updating pids map
08-02 16:06:13.070  2048  2048 W AlarmManager: Unrecognized alarm listener com.android.systemui.keyguard.-$$Lambda$KeyguardSliceProvider$IhzByd8TsqFuOrSyuGurVskyPLo@6422d79
08-02 16:06:13.075  2159  2159 W ngs:CryptKeepe: Unexpected CPU variant for X86 using defaults: x86
08-02 16:06:13.082  2048  2048 D ProtoStore: no cached data
08-02 16:06:13.083  2048  2048 D ProtoStore: no cached data
08-02 16:06:13.089  1742  1839 I OMXClient: IOmx service obtained
08-02 16:06:13.089  1748  1831 I OMXMaster: makeComponentInstance(OMX.google.aac.encoder) in omx@1.0-service process
08-02 16:06:13.093  1890  2008 I GnssLocationProvider: WakeLock acquired by sendMessage(REPORT_SV_STATUS, 0, com.android.server.location.GnssLocationProvider$SvStatusInfo@f167a21)
08-02 16:06:13.093  1890  1912 I GnssLocationProvider: WakeLock released by handleMessage(REPORT_SV_STATUS, 0, com.android.server.location.GnssLocationProvider$SvStatusInfo@f167a21)
08-02 16:06:13.095  2048  2048 V SystemUIService: Starting SystemUI services for user 0.
08-02 16:06:13.107  1890  1890 I AccountsDb: Creating DE database for user 0
08-02 16:06:13.112  1890  1890 V SettingsProvider: Notifying for 0: content://settings/secure/voice_interaction_service
08-02 16:06:13.112  1890  1890 V SettingsProvider: Notifying for 0: content://settings/secure/voice_recognition_service
08-02 16:06:13.112  1890  1890 W ContextImpl: Calling a method in the system process without a qualified user: android.app.ContextImpl.startService:1531 com.android.server.content.SyncManager$14.run:756 android.os.Handler.handleCallback:873 android.os.Handler.dispatchMessage:99 android.os.Looper.loop:193 
08-02 16:06:13.118  1890  1890 I system_server: The ClassLoaderContext is a special shared library.
08-02 16:06:13.135  2048  2048 D SystemUIBootTiming: StartServicescom.android.systemui.Dependency took to complete: 40ms
08-02 16:06:13.140  2147  2147 I m.android.phon: The ClassLoaderContext is a special shared library.
08-02 16:06:13.141  2147  2147 I m.android.phon: The ClassLoaderContext is a special shared library.
08-02 16:06:13.143  1742  1839 I OMXClient: IOmx service obtained
08-02 16:06:13.143  1748  2133 I OMXMaster: makeComponentInstance(OMX.google.amrnb.encoder) in omx@1.0-service process
08-02 16:06:13.155  2048  2048 D SystemUIBootTiming: StartServicescom.android.systemui.util.NotificationChannels took to complete: 20ms
08-02 16:06:13.157  2159  2159 I ngs:CryptKeepe: The ClassLoaderContext is a special shared library.
08-02 16:06:13.162  2048  2048 D SystemUIBootTiming: StartServicescom.android.systemui.statusbar.CommandQueue$CommandQueueStart took to complete: 7ms
08-02 16:06:13.159  2159  2159 I ngs:CryptKeepe: The ClassLoaderContext is a special shared library.
08-02 16:06:13.169  1742  1839 I OMXClient: IOmx service obtained
08-02 16:06:13.169  1748  2133 I OMXMaster: makeComponentInstance(OMX.google.amrwb.encoder) in omx@1.0-service process
08-02 16:06:13.171  2048  2048 V MediaRouter: Adding route: RouteInfo{ name=Phone, description=null, status=null, category=RouteCategory{ name=System types=ROUTE_TYPE_LIVE_AUDIO ROUTE_TYPE_LIVE_VIDEO  groupable=false }, supportedTypes=ROUTE_TYPE_LIVE_AUDIO ROUTE_TYPE_LIVE_VIDEO , presentationDisplay=null }
08-02 16:06:13.172  2048  2048 V MediaRouter: Selecting route: RouteInfo{ name=Phone, description=null, status=null, category=RouteCategory{ name=System types=ROUTE_TYPE_LIVE_AUDIO ROUTE_TYPE_LIVE_VIDEO  groupable=false }, supportedTypes=ROUTE_TYPE_LIVE_AUDIO ROUTE_TYPE_LIVE_VIDEO , presentationDisplay=null }
08-02 16:06:13.180  2085  2085 I WebViewLoader-: System.exit called, status: 0
08-02 16:06:13.180  2085  2085 I AndroidRuntime: VM exiting with result code 0, cleanup skipped.
08-02 16:06:13.185  1733  1733 I Zygote  : Process 2085 exited cleanly (0)
08-02 16:06:13.185  1890  2023 I ActivityManager: Process WebViewLoader-x86 (pid 2085) has died: psvc PER 
08-02 16:06:13.186  1890  1916 W libprocessgroup: kill(-2085, 9) failed: No such process
08-02 16:06:13.186  1890  1916 I libprocessgroup: Successfully killed process cgroup uid 1037 pid 2085 in 0ms
08-02 16:06:13.197  2153  2153 I wpa_supplicant: Processing hidl events on FD 3
08-02 16:06:13.197  2153  2153 I wpa_supplicant: Successfully initialized wpa_supplicant
08-02 16:06:13.201  2018  2018 I ModuleManager: Adding [GIMS_UserUnlocked] NotificationListener for module com.google.android.apps.inputmethod.libs.search.universalmedia.UniversalMediaExtension
08-02 16:06:13.201  2018  2018 I ModuleManager: Unexpected key 'com.google.android.partnersetup.RLZ_BOUNTY_ACCESS_POINT' does not match 'module:'
08-02 16:06:13.201  2018  2018 I ModuleManager: Key 'module:com.google.android.apps.inputmethod.libs.search.IDoodleExtension' has value 'res/xml/extension_doodle.xml'
08-02 16:06:13.201  2153  2153 I wpa_supplicant: rfkill: Cannot open RFKILL control device
08-02 16:06:13.206  2018  2018 I ModuleManager: Adding [GIMS_UserUnlocked] NotificationListener for module com.google.android.apps.inputmethod.libs.search.doodle.DoodleExtension
08-02 16:06:13.206  2018  2018 I ModuleManager: Key 'module:com.google.android.apps.inputmethod.libs.translate.ITranslateUIExtension' has value 'res/xml/extension_def_translate.xml'
08-02 16:06:13.206  2018  2018 I ModuleManager: Adding [GIMS_UserUnlocked] NotificationListener for module com.google.android.apps.inputmethod.libs.translate.TranslateUIExtension
08-02 16:06:13.206  2018  2018 I ModuleManager: Key 'module:com.google.android.apps.inputmethod.libs.hmm.superpacks.IHmmModule' has value 'res/xml/module_hmm.xml'
08-02 16:06:13.209  1742  1839 I OMXClient: IOmx service obtained
08-02 16:06:13.209  1748  2133 I OMXMaster: makeComponentInstance(OMX.google.flac.encoder) in omx@1.0-service process
08-02 16:06:13.211  2018  2018 I ModuleManager: Adding [GIMS_UserUnlocked] NotificationListener for module com.google.android.apps.inputmethod.libs.hmm.superpacks.HmmModule
08-02 16:06:13.211  2018  2018 I ModuleManager: Key 'module:com.google.android.apps.inputmethod.libs.search.sense.IConversationToQueryExtension' has value 'res/xml/extension_conv2query.xml'
08-02 16:06:13.212  2018  2018 I ModuleManager: Adding [GIMS_UserUnlocked] NotificationListener for module com.google.android.apps.inputmethod.libs.search.sense.ConversationToQueryExtension
08-02 16:06:13.212  2018  2018 I ModuleManager: Key 'module:com.google.android.apps.inputmethod.libs.search.IDefaultStickerExtension' has value 'res/xml/extension_default_sticker.xml'
08-02 16:06:13.212  2018  2018 I ModuleManager: Adding [GIMS_UserUnlocked] NotificationListener for module com.google.android.apps.inputmethod.libs.search.sticker.DefaultStickerExtension
08-02 16:06:13.212  2018  2018 I ModuleManager: Key 'module:com.google.android.apps.inputmethod.libs.pill.IPillExtension' has value 'res/xml/extension_pill.xml'
08-02 16:06:13.212  2018  2018 I ModuleManager: Adding [GIMS_UserUnlocked] NotificationListener for module com.google.android.apps.inputmethod.libs.pill.PillExtension
08-02 16:06:13.212  2018  2018 I ModuleManager: Key 'module:com.google.android.apps.inputmethod.libs.search.IStickerExtension' has value 'res/xml/extension_sticker.xml'
08-02 16:06:13.213  2018  2018 I ModuleManager: Adding [GIMS_UserUnlocked] NotificationListener for module com.google.android.apps.inputmethod.libs.search.sticker.StickerExtension
