08-02 16:06:10.287  1890  1890 I ActivityManager: Override config changes=60007dfc {1.0 ?mcc?mnc [en_US] ldltr sw411dp w411dp h731dp 420dpi nrml long port ?uimode ?night -touch -keyb/h/h -nav/h winConfig={ mBounds=Rect(0, 0 - 1080, 1920) mAppBounds=Rect(0, 0 - 1080, 1920) mWindowingMode=fullscreen mActivityType=undefined} s.2} for displayId=0
08-02 16:06:10.294  1890  1890 W LocalDisplayAdapter: Unable to find color mode 0, ignoring request.
08-02 16:06:10.294  1890  1890 I ActivityManager: Config changes=20000500 {1.0 ?mcc?mnc [en_US] ldltr sw411dp w411dp h659dp 420dpi nrml port ?uimode ?night -touch -keyb/h/h -nav/h winConfig={ mBounds=Rect(0, 0 - 0, 0) mAppBounds=Rect(0, 0 - 1080, 1794) mWindowingMode=fullscreen mActivityType=undefined} s.3}
08-02 16:06:10.297  1890  1890 I ActivityManager: Override config changes=20000500 {1.0 ?mcc?mnc [en_US] ldltr sw411dp w411dp h659dp 420dpi nrml port ?uimode ?night -touch -keyb/h/h -nav/h winConfig={ mBounds=Rect(0, 0 - 1080, 1920) mAppBounds=Rect(0, 0 - 1080, 1794) mWindowingMode=fullscreen mActivityType=undefined} s.3} for displayId=0
08-02 16:06:10.298  1890  1890 W LocalDisplayAdapter: Unable to find color mode 0, ignoring request.
08-02 16:06:10.298  1890  1890 D SystemServerTiming: MakeDisplayReady took to complete: 15ms
08-02 16:06:10.298  1890  1890 I SystemServer: StartStorageManagerService
08-02 16:06:10.299  1890  1890 I SystemServiceManager: Starting com.android.server.StorageManagerService$Lifecycle
08-02 16:06:10.307  1890  1971 I InputReader: Device added: id=-1, name='Virtual', sources=0x00000301
08-02 16:06:10.308  1890  1971 I InputReader:   Touch device 'qwerty2' could not query the properties of its associated display.  The device will be inoperable until the display size becomes available.
08-02 16:06:10.308  1890  1971 I InputReader: Device added: id=0, name='qwerty2', sources=0x80005103
08-02 16:06:10.308  1890  1971 I InputReader: Device added: id=1, name='Power Button', sources=0x00000101
08-02 16:06:10.309  1890  1971 I InputReader: Reconfiguring input devices.  changes=0x00000004
08-02 16:06:10.309  1890  1971 I InputReader: Device reconfigured: id=0, name='qwerty2', size 1080x1920, orientation 0, mode 1, display id 0
08-02 16:06:10.309  1890  1970 I ActivityManager: Config changes=8 {1.0 ?mcc?mnc [en_US] ldltr sw411dp w411dp h659dp 420dpi nrml port ?uimode ?night finger -keyb/h/h -nav/h winConfig={ mBounds=Rect(0, 0 - 0, 0) mAppBounds=Rect(0, 0 - 1080, 1794) mWindowingMode=fullscreen mActivityType=undefined} s.4}
08-02 16:06:10.311  1890  1970 I ActivityManager: Override config changes=8 {1.0 ?mcc?mnc [en_US] ldltr sw411dp w411dp h659dp 420dpi nrml port ?uimode ?night finger -keyb/h/h -nav/h winConfig={ mBounds=Rect(0, 0 - 1080, 1920) mAppBounds=Rect(0, 0 - 1080, 1794) mWindowingMode=fullscreen mActivityType=undefined} s.4} for displayId=0
08-02 16:06:10.319  1890  1973 D StorageManagerService: Thinking about init, mSystemReady=false, mDaemonConnected=true
08-02 16:06:10.319  1890  1890 D SystemServerTiming: StartStorageManagerService took to complete: 21ms
08-02 16:06:10.319  1890  1973 D StorageManagerService: Thinking about reset, mSystemReady=false, mDaemonConnected=true
08-02 16:06:10.319  1890  1890 I SystemServer: StartStorageStatsService
08-02 16:06:10.319  1890  1890 I SystemServiceManager: Starting com.android.server.usage.StorageStatsService$Lifecycle
08-02 16:06:10.321  1737  1956 D installd: Found quota mount /dev/block/dm-1 at /data
08-02 16:06:10.322  1737  1943 D installd: Found quota mount /dev/block/dm-1 at /data
08-02 16:06:10.323  1890  1890 D SystemServerTiming: StartStorageStatsService took to complete: 4ms
08-02 16:06:10.323  1890  1890 I SystemServer: StartUiModeManager
08-02 16:06:10.323  1890  1890 I SystemServiceManager: Starting com.android.server.UiModeManagerService
08-02 16:06:10.324  1890  1911 D SystemServerInitThreadPool: Started executing UiModeManager.onStart
08-02 16:06:10.324  1890  1911 I ActivityManager: Config changes=200 {1.0 ?mcc?mnc [en_US] ldltr sw411dp w411dp h659dp 420dpi nrml port finger -keyb/h/h -nav/h winConfig={ mBounds=Rect(0, 0 - 0, 0) mAppBounds=Rect(0, 0 - 1080, 1794) mWindowingMode=fullscreen mActivityType=undefined} s.5}
08-02 16:06:10.326  1890  1890 D SystemServerTiming: StartUiModeManager took to complete: 3ms
08-02 16:06:10.326  1890  1890 I SystemServer: UpdatePackagesIfNeeded
08-02 16:06:10.326  1890  1911 I ActivityManager: Override config changes=200 {1.0 ?mcc?mnc [en_US] ldltr sw411dp w411dp h659dp 420dpi nrml port finger -keyb/h/h -nav/h winConfig={ mBounds=Rect(0, 0 - 1080, 1920) mAppBounds=Rect(0, 0 - 1080, 1794) mWindowingMode=fullscreen mActivityType=undefined} s.5} for displayId=0
08-02 16:06:10.327  1890  1911 D SystemServerInitThreadPool: Finished executing UiModeManager.onStart
08-02 16:06:10.330  1890  1890 I system_server: The ClassLoaderContext is a special shared library.
08-02 16:06:10.355  1737  1942 W installd: Requested default storage /data/user_de/0/com.android.cellbroadcastreceiver is not active; migrating from /data/data/com.android.cellbroadcastreceiver
08-02 16:06:10.359  1890  1890 I system_server: The ClassLoaderContext is a special shared library.
08-02 16:06:10.365  1890  1890 I chatty  : uid=1000 system_server identical 4 lines
08-02 16:06:10.368  1890  1890 I system_server: The ClassLoaderContext is a special shared library.
08-02 16:06:10.375  1890  1890 W system_server: ClassLoaderContext classpath size mismatch for position 0. expected=2, found=1 (PCL[/system/framework/org.apache.http.legacy.boot.jar*796383208:/system/framework/com.google.android.dialer.support.jar*2506097163] | PCL[/system/framework/com.google.android.dialer.support.jar*2506097163])
08-02 16:06:10.375  1890  1890 I PackageManager.DexOptimizer: Running dexopt (dexoptNeeded=1) on: /system/priv-app/GoogleDialer/GoogleDialer.apk pkg=com.google.android.dialer isa=x86 dexoptFlags=public,enable_hidden_api_checks targetFilter=quicken oatDir=null classLoaderContext=PCL[/system/framework/com.google.android.dialer.support.jar]
08-02 16:06:10.375  1737  1942 V installed: DexInv: --- BEGIN '/system/priv-app/GoogleDialer/GoogleDialer.apk' ---
08-02 16:06:10.409  1975  1975 W dex2oat : Unexpected CPU variant for X86 using defaults: x86
08-02 16:06:10.409  1975  1975 W dex2oat : Mismatch between dex2oat instruction set features (ISA: X86 Feature string: -ssse3,-sse4.1,-sse4.2,-avx,-avx2,-popcnt) and those of dex2oat executable (ISA: X86 Feature string: ssse3,-sse4.1,-sse4.2,-avx,-avx2,-popcnt) for the command line:
08-02 16:06:10.409  1975  1975 W dex2oat : /system/bin/dex2oat --zip-fd=8 --zip-location=GoogleDialer.apk --input-vdex-fd=-1 --output-vdex-fd=10 --oat-fd=9 --oat-location=/data/dalvik-cache/x86/system@priv-app@GoogleDialer@GoogleDialer.apk@classes.dex --instruction-set=x86 --instruction-set-variant=x86 --instruction-set-features=default --runtime-arg -Xms64m --runtime-arg -Xmx512m --compiler-filter=quicken --swap-fd=11 --classpath-dir=/system/priv-app/GoogleDialer --class-loader-context=PCL[/system/framework/com.google.android.dialer.support.jar] --generate-mini-debug-info --compact-dex-level=none --runtime-arg -Xtarget-sdk-version:28 --runtime-arg -Xhidden-api-checks --compilation-reason=first-boot
08-02 16:06:10.409  1975  1975 I dex2oat : /system/bin/dex2oat --input-vdex-fd=-1 --output-vdex-fd=10 --compiler-filter=quicken --classpath-dir=/system/priv-app/GoogleDialer --class-loader-context=PCL[/system/framework/com.google.android.dialer.support.jar] --generate-mini-debug-info --compact-dex-level=none --compilation-reason=first-boot
08-02 16:06:11.412  1975  1975 I dex2oat : dex2oat took 1.016s (1.404s cpu) (threads: 2) arena alloc=4KB (5008B) java alloc=5MB (5257480B) native alloc=7MB (7619144B) free=2MB (2866616B)
08-02 16:06:11.415  1737  1942 V installed: DexInv: --- END '/system/priv-app/GoogleDialer/GoogleDialer.apk' (success) ---
08-02 16:06:11.415  1890  1945 W system_server: Long monitor contention with owner main (1890) at int com.android.server.pm.PackageManagerService.performDexOptInternal(com.android.server.pm.dex.DexoptOptions)(PackageManagerService.java:9315) waiters=0 in void com.android.server.pm.PackageManagerService.lambda$new$0(com.android.server.pm.PackageManagerService, java.util.List, int) for 1.047s
08-02 16:06:11.422  1890  1890 I system_server: The ClassLoaderContext is a special shared library.
08-02 16:06:11.541  1890  1890 I chatty  : uid=1000 system_server identical 5 lines
08-02 16:06:11.545  1890  1890 I system_server: The ClassLoaderContext is a special shared library.
08-02 16:06:11.574  1737  1942 W installd: Requested default storage /data/user_de/0/com.android.providers.blockednumber is not active; migrating from /data/data/com.android.providers.blockednumber
08-02 16:06:11.581  1737  1942 W installd: Requested default storage /data/user_de/0/com.android.emergency is not active; migrating from /data/data/com.android.emergency
08-02 16:06:11.587  1890  1890 I system_server: The ClassLoaderContext is a special shared library.
08-02 16:06:11.594  1737  1942 W installd: Requested default storage /data/user_de/0/com.android.bluetooth is not active; migrating from /data/data/com.android.bluetooth
08-02 16:06:11.602  1890  1945 D SystemServerTimingAsync: AppDataPrepare took to complete: 1699ms
08-02 16:06:11.602  1890  1945 I PackageManager: Deferred reconcileAppsData finished 90 packages
08-02 16:06:11.602  1890  1945 D SystemServerInitThreadPool: Finished executing prepareAppData
08-02 16:06:11.606  1890  1890 I system_server: The ClassLoaderContext is a special shared library.
08-02 16:06:11.706  1890  1890 I chatty  : uid=1000 system_server identical 20 lines
08-02 16:06:11.710  1890  1890 I system_server: The ClassLoaderContext is a special shared library.
08-02 16:06:11.710  1890  1890 I PackageManager.DexOptimizer: Running dexopt (dexoptNeeded=1) on: /system/app/EasterEgg/EasterEgg.apk pkg=com.android.egg isa=x86 dexoptFlags=public targetFilter=quicken oatDir=null classLoaderContext=PCL[]
08-02 16:06:11.711  1737  1942 V installed: DexInv: --- BEGIN '/system/app/EasterEgg/EasterEgg.apk' ---
08-02 16:06:11.721  1979  1979 W dex2oat : Unexpected CPU variant for X86 using defaults: x86
08-02 16:06:11.721  1979  1979 W dex2oat : Mismatch between dex2oat instruction set features (ISA: X86 Feature string: -ssse3,-sse4.1,-sse4.2,-avx,-avx2,-popcnt) and those of dex2oat executable (ISA: X86 Feature string: ssse3,-sse4.1,-sse4.2,-avx,-avx2,-popcnt) for the command line:
08-02 16:06:11.721  1979  1979 W dex2oat : /system/bin/dex2oat --zip-fd=8 --zip-location=EasterEgg.apk --input-vdex-fd=-1 --output-vdex-fd=10 --oat-fd=9 --oat-location=/data/dalvik-cache/x86/system@app@EasterEgg@EasterEgg.apk@classes.dex --instruction-set=x86 --instruction-set-variant=x86 --instruction-set-features=default --runtime-arg -Xms64m --runtime-arg -Xmx512m --compiler-filter=quicken --swap-fd=11 --classpath-dir=/system/app/EasterEgg --class-loader-context=PCL[] --generate-mini-debug-info --compact-dex-level=none --runtime-arg -Xtarget-sdk-version:28 --compilation-reason=first-boot
08-02 16:06:11.721  1979  1979 I dex2oat : /system/bin/dex2oat --input-vdex-fd=-1 --output-vdex-fd=10 --compiler-filter=quicken --classpath-dir=/system/app/EasterEgg --class-loader-context=PCL[] --generate-mini-debug-info --compact-dex-level=none --compilation-reason=first-boot
08-02 16:06:11.862  1979  1979 I dex2oat : dex2oat took 141.242ms (123.200ms cpu) (threads: 2) arena alloc=1568B (1568B) java alloc=325KB (333640B) native alloc=1658KB (1698792B) free=1925KB (1971224B)
08-02 16:06:11.864  1737  1942 V installed: DexInv: --- END '/system/app/EasterEgg/EasterEgg.apk' (success) ---
08-02 16:06:11.868  1890  1890 I system_server: The ClassLoaderContext is a special shared library.
08-02 16:06:12.093  1890  1890 I chatty  : uid=1000 system_server identical 39 lines
08-02 16:06:12.097  1890  1890 I system_server: The ClassLoaderContext is a special shared library.
08-02 16:06:12.100  1874  1874 E ipv6proxy: Failed to forward Router Advertisement from eth0 to wlan1: Network is unreachable
08-02 16:06:12.101  1890  1890 I system_server: The ClassLoaderContext is a special shared library.
08-02 16:06:12.169  1890  1890 D SystemServerTiming: UpdatePackagesIfNeeded took to complete: 1843ms
08-02 16:06:12.169  1890  1890 I SystemServer: PerformFstrimIfNeeded
08-02 16:06:12.170  1890  1890 W PackageManager: No disk maintenance in 1659445572170; running immediately
08-02 16:06:12.170  1890  1890 D SystemServerTiming: PerformFstrimIfNeeded took to complete: 1ms
08-02 16:06:12.170  1890  1890 I SystemServer: StartLockSettingsService
08-02 16:06:12.170  1890  1890 I SystemServiceManager: Starting com.android.server.locksettings.LockSettingsService$Lifecycle
08-02 16:06:12.172  1890  1973 I StorageManagerService: Running fstrim idle maintenance
08-02 16:06:12.173  1544  1983 D vold    : Starting trim of /data
08-02 16:06:12.173  1544  1983 W vold    : Trim failed on /data: Operation not supported on transport endpoint
08-02 16:06:12.180  1890  1890 D SystemServerTiming: StartLockSettingsService took to complete: 10ms
08-02 16:06:12.163  1890  1890 I chatty  : uid=1000 system_server identical 17 lines
08-02 16:06:12.169  1890  1890 I system_server: The ClassLoaderContext is a special shared library.
08-02 16:06:12.180  1536  1536 W hwservicemanager: getTransport: Cannot find entry android.hardware.oemlock@1.0::IOemLock/default in either framework or device manifest.
08-02 16:06:12.181  1890  1890 I OemLock : OemLock HAL not present on device
08-02 16:06:12.181  1890  1890 I SystemServer: StartDeviceIdleController
08-02 16:06:12.181  1890  1890 I SystemServiceManager: Starting com.android.server.DeviceIdleController
08-02 16:06:12.182  1890  1890 D SystemServerTiming: StartDeviceIdleController took to complete: 1ms
08-02 16:06:12.182  1890  1890 I SystemServer: StartDevicePolicyManager
08-02 16:06:12.182  1890  1890 I SystemServiceManager: Starting com.android.server.devicepolicy.DevicePolicyManagerService$Lifecycle
08-02 16:06:12.189  1890  1890 D SystemServerTiming: StartDevicePolicyManager took to complete: 7ms
08-02 16:06:12.189  1890  1890 I SystemServer: StartStatusBarManagerService
08-02 16:06:12.189  1890  1890 D SystemServerTiming: StartStatusBarManagerService took to complete: 0ms
08-02 16:06:12.189  1890  1890 I SystemServer: StartClipboardService
08-02 16:06:12.189  1890  1890 I SystemServiceManager: Starting com.android.server.clipboard.ClipboardService
08-02 16:06:12.192  1890  1890 D SystemServerTiming: StartClipboardService took to complete: 3ms
08-02 16:06:12.192  1890  1890 I SystemServer: StartNetworkManagementService
08-02 16:06:12.193  1890  1985 I NetworkManagement: onDaemonConnected()
08-02 16:06:12.193  1890  1890 D SystemServerTiming: StartNetworkManagementService took to complete: 1ms
08-02 16:06:12.193  1890  1890 I SystemServer: StartIpSecService
08-02 16:06:12.193  1890  1890 D SystemServerTiming: StartIpSecService took to complete: 0ms
08-02 16:06:12.193  1890  1890 I SystemServer: StartTextServicesManager
08-02 16:06:12.194  1890  1890 I SystemServiceManager: Starting com.android.server.TextServicesManagerService$Lifecycle
08-02 16:06:12.195  1890  1890 D SystemServerTiming: StartTextServicesManager took to complete: 2ms
08-02 16:06:12.195  1890  1890 I SystemServer: StartTextClassificationManagerService
08-02 16:06:12.195  1890  1890 I SystemServiceManager: Starting com.android.server.textclassifier.TextClassificationManagerService$Lifecycle
08-02 16:06:12.195  1890  1890 D SystemServerTiming: StartTextClassificationManagerService took to complete: 0ms
08-02 16:06:12.195  1890  1890 I SystemServer: StartNetworkScoreService
08-02 16:06:12.195  1890  1890 I SystemServiceManager: Starting com.android.server.NetworkScoreService$Lifecycle
08-02 16:06:12.196  1890  1890 I NetworkScoreService: Registering network_score
08-02 16:06:12.197  1890  1890 D SystemServerTiming: StartNetworkScoreService took to complete: 2ms
08-02 16:06:12.197  1890  1890 I SystemServer: StartNetworkStatsService
08-02 16:06:12.198  1890  1890 D SystemServerTiming: StartNetworkStatsService took to complete: 1ms
08-02 16:06:12.198  1890  1890 I SystemServer: StartNetworkPolicyManagerService
08-02 16:06:12.210  1890  1890 D SystemServerTiming: StartNetworkPolicyManagerService took to complete: 12ms
08-02 16:06:12.210  1890  1890 I SystemServer: StartWifi
08-02 16:06:12.232  1890  1890 I SystemServiceManager: Starting com.android.server.wifi.WifiService
08-02 16:06:12.276  1877  1877 I hostapd : wlan1: interface state COUNTRY_UPDATE->HT_SCAN
08-02 16:06:12.302  1890  1890 D WifiApConfigStore: 2G band allowed channels are:1,6,11
08-02 16:06:12.302  1890  1890 E WifiApConfigStore: Error reading hotspot configuration java.io.FileNotFoundException: /data/misc/wifi/softap.conf (No such file or directory)
08-02 16:06:12.302  1890  1890 D WifiApConfigStore: Fallback to use default AP configuration
08-02 16:06:12.310  1890  1890 I WifiScoringParams: rssi2=-85:-85:-73:-60,rssi5=-82:-82:-70:-57,pps=0:1:100,horizon=15,nud=8,expid=0
08-02 16:06:12.325  1890  1890 D WifiStateMachine: EnableConnectedMacRandomization Setting changed to false
08-02 16:06:12.325  1890  1890 E WifiStateMachine: getWifiLinkLayerStats called without an interface
08-02 16:06:12.325  1890  1890 D WifiStateMachinePrime: Starting Wifi in WifiDisabledState
08-02 16:06:12.326  1890  1991 D WifiStateMachinePrime: Entering WifiDisabledState
08-02 16:06:12.326  1890  1991 D ActiveModeManager: sending scan available broadcast: false
08-02 16:06:12.330  1890  1890 D WifiOpenNetworkNotifier: Settings toggle enabled=true
08-02 16:06:12.330  1890  1890 D WifiCarrierNetworkNotifier: Settings toggle enabled=true
08-02 16:06:12.333  1890  1890 D WakeupController: WifiWake enabled
08-02 16:06:12.335  1890  1890 D WifiController: isAirplaneModeOn = false, isWifiEnabled = true, isScanningAvailable = false, isLocationModeActive = false
08-02 16:06:12.338  1890  1890 E SupplicantStaIfaceHal: Can't call setDebugParams, ISupplicant is null
08-02 16:06:12.339  1890  1890 W WifiDiags: no ring buffers found
08-02 16:06:12.339  1890  1890 W WifiDiags: Failed to start packet fate monitoring
08-02 16:06:12.339  1890  1890 I WifiService: Registering wifi
08-02 16:06:12.339  1890  1890 D SystemServerTiming: StartWifi took to complete: 129ms
08-02 16:06:12.339  1890  1890 I SystemServer: StartWifiScanning
08-02 16:06:12.339  1890  1890 I SystemServiceManager: Starting com.android.server.wifi.scanner.WifiScanningService
08-02 16:06:12.339  1890  1890 I WifiScanningService: Creating wifiscanner
08-02 16:06:12.341  1890  1890 I WifiScanningService: Publishing wifiscanner
08-02 16:06:12.341  1890  1890 D SystemServerTiming: StartWifiScanning took to complete: 2ms
08-02 16:06:12.341  1890  1890 I SystemServer: StartWifiP2P
08-02 16:06:12.341  1890  1890 I SystemServiceManager: Starting com.android.server.wifi.p2p.WifiP2pService
08-02 16:06:12.349  1890  1890 W HalDevMgr: isWifiStarted called but mWifi is null!?
08-02 16:06:12.349  1890  1890 I WifiP2pService: Registering wifip2p
08-02 16:06:12.350  1890  1890 D SystemServerTiming: StartWifiP2P took to complete: 9ms
08-02 16:06:12.350  1890  1890 I SystemServer: StartConnectivityService
08-02 16:06:12.350  1890  1890 D ConnectivityService: ConnectivityService starting up
08-02 16:06:12.352  1890  1890 D ConnectivityService: wifiOnly=false
08-02 16:06:12.358  1890  1890 D SystemServerTiming: StartConnectivityService took to complete: 8ms
08-02 16:06:12.358  1890  1890 I SystemServer: StartNsdService
08-02 16:06:12.359  1890  1890 D NsdService: Network service discovery is enabled
08-02 16:06:12.362  1890  1890 D SystemServerTiming: StartNsdService took to complete: 4ms
08-02 16:06:12.362  1890  1890 I SystemServer: StartSystemUpdateManagerService
08-02 16:06:12.362  1890  1890 I SystemUpdateManagerService: No existing info file /data/system/system-update-info.xml
08-02 16:06:12.362  1890  1890 D SystemServerTiming: StartSystemUpdateManagerService took to complete: 0ms
08-02 16:06:12.362  1890  1890 I SystemServer: StartUpdateLockService
08-02 16:06:12.363  1890  1890 D SystemServerTiming: StartUpdateLockService took to complete: 1ms
08-02 16:06:12.363  1890  1890 I SystemServer: StartNotificationManager
08-02 16:06:12.363  1890  1890 I SystemServiceManager: Starting com.android.server.notification.NotificationManagerService
08-02 16:06:12.372  1890  1890 D ConditionProviders.SCP: new ScheduleConditionProvider()
08-02 16:06:12.374  1890  1890 I ConditionProviders:  Allowing condition provider com.google.android.apps.restore/com.google.android.apps.pixelmigrate.component.NotificationConsolidatorService
08-02 16:06:12.374  1890  1890 I NotificationListeners:  Allowing notification listener com.google.android.apps.restore/com.google.android.apps.pixelmigrate.component.NotificationConsolidatorService
08-02 16:06:12.374  1890  1890 I ConditionProviders:  Allowing condition provider com.android.camera2
08-02 16:06:12.374  1890  1890 I ConditionProviders:  Allowing condition provider com.google.android.ext.services/android.ext.services.notification.Assistant
08-02 16:06:12.374  1890  1890 I NotificationAssistants:  Allowing notification assistant com.google.android.ext.services/android.ext.services.notification.Assistant
08-02 16:06:12.375  1890  1890 D ZenLog  : set_zen_mode: off,init
08-02 16:06:12.382  1890  1890 D SystemServerTiming: StartNotificationManager took to complete: 19ms
08-02 16:06:12.382  1890  1890 I SystemServer: StartDeviceMonitor
08-02 16:06:12.382  1890  1890 I SystemServiceManager: Starting com.android.server.storage.DeviceStorageMonitorService
08-02 16:06:12.383  1890  1890 D SystemServerTiming: StartDeviceMonitor took to complete: 1ms
08-02 16:06:12.383  1890  1890 I SystemServer: StartLocationManagerService
08-02 16:06:12.384  1890  1890 D SystemServerTiming: StartLocationManagerService took to complete: 1ms
08-02 16:06:12.384  1890  1890 I SystemServer: StartCountryDetectorService
08-02 16:06:12.384  1890  1890 D SystemServerTiming: StartCountryDetectorService took to complete: 0ms
08-02 16:06:12.385  1890  1890 I SystemServer: StartSearchManagerService
08-02 16:06:12.385  1890  1890 I SystemServiceManager: Starting com.android.server.search.SearchManagerService$Lifecycle
08-02 16:06:12.385  1890  1890 D SystemServerTiming: StartSearchManagerService took to complete: 0ms
08-02 16:06:12.385  1890  1890 I SystemServer: StartWallpaperManagerService
08-02 16:06:12.385  1890  1890 I SystemServiceManager: Starting com.android.server.wallpaper.WallpaperManagerService$Lifecycle
08-02 16:06:12.385  1890  1890 D SystemServerTiming: StartWallpaperManagerService took to complete: 0ms
08-02 16:06:12.385  1890  1890 I SystemServer: StartAudioService
08-02 16:06:12.385  1890  1890 I SystemServiceManager: Starting com.android.server.audio.AudioService$Lifecycle
08-02 16:06:12.388  1890  1890 W TelecomManager: Telecom Service not found.
08-02 16:06:12.389  1609  1609 D PermissionCache: checking android.permission.MODIFY_AUDIO_ROUTING for uid=1000 => granted (293 us)
08-02 16:06:12.389  1609  1609 D PermissionCache: checking android.permission.MODIFY_AUDIO_SETTINGS for uid=1000 => granted (103 us)
08-02 16:06:12.390  1609  1680 W AudioFlinger: no wake lock to update, system not ready yet
08-02 16:06:12.391  1589  1668 W DeviceHAL: Error from HAL Device in function set_mic_mute: Function not implemented
08-02 16:06:12.404  1609  1609 D AudioFlinger: isLowRamDevice:false totalMemory:2096123904 mClientSharedHeapSize:4194304
08-02 16:06:12.405  1890  1890 D SystemServerTiming: StartAudioService took to complete: 20ms
08-02 16:06:12.406  1890  1890 I SystemServer: StartDockObserver
08-02 16:06:12.406  1890  1890 I SystemServiceManager: Starting com.android.server.DockObserver
08-02 16:06:12.406  1890  1890 W DockObserver: This kernel does not have dock station support
08-02 16:06:12.406  1890  1890 D SystemServerTiming: StartDockObserver took to complete: 0ms
08-02 16:06:12.406  1890  1890 I SystemServer: StartWiredAccessoryManager
08-02 16:06:12.406  1890  1890 W WiredAccessoryManager: This kernel does not have usb audio support
08-02 16:06:12.407  1890  1890 W WiredAccessoryManager: This kernel does not have HDMI audio support
08-02 16:06:12.407  1890  1890 D SystemServerTiming: StartWiredAccessoryManager took to complete: 1ms
08-02 16:06:12.407  1890  1890 I SystemServer: StartMidiManager
08-02 16:06:12.407  1890  1890 I SystemServiceManager: Starting com.android.server.midi.MidiService$Lifecycle
08-02 16:06:12.408  1890  1890 D SystemServerTiming: StartMidiManager took to complete: 1ms
08-02 16:06:12.408  1890  1890 I SystemServer: StartUsbService
08-02 16:06:12.408  1890  1890 I SystemServiceManager: Starting com.android.server.usb.UsbService$Lifecycle
08-02 16:06:12.412  1890  1890 E UsbDeviceManager: failed to write to /sys/class/android_usb/android0/f_rndis/ethaddr
08-02 16:06:12.412  1536  1536 W hwservicemanager: getTransport: Cannot find entry android.hardware.usb.gadget@1.0::IUsbGadget/default in either framework or device manifest.
08-02 16:06:12.417  1890  1890 I UsbDeviceManager: USB GADGET HAL not present in the device
08-02 16:06:12.417  1890  1890 I UsbDeviceManager: java.util.NoSuchElementException
08-02 16:06:12.417  1890  1890 I UsbDeviceManager: 	at android.os.HwBinder.getService(Native Method)
08-02 16:06:12.417  1890  1890 I UsbDeviceManager: 	at android.hardware.usb.gadget.V1_0.IUsbGadget.getService(IUsbGadget.java:40)
08-02 16:06:12.417  1890  1890 I UsbDeviceManager: 	at android.hardware.usb.gadget.V1_0.IUsbGadget.getService(IUsbGadget.java:44)
08-02 16:06:12.417  1890  1890 I UsbDeviceManager: 	at com.android.server.usb.UsbDeviceManager.<init>(UsbDeviceManager.java:267)
08-02 16:06:12.417  1890  1890 I UsbDeviceManager: 	at com.android.server.usb.UsbService.<init>(UsbService.java:139)
08-02 16:06:12.417  1890  1890 I UsbDeviceManager: 	at com.android.server.usb.UsbService$Lifecycle.onStart(UsbService.java:73)
08-02 16:06:12.417  1890  1890 I UsbDeviceManager: 	at com.android.server.SystemServiceManager.startService(SystemServiceManager.java:126)
08-02 16:06:12.417  1890  1890 I UsbDeviceManager: 	at com.android.server.SystemServiceManager.startService(SystemServiceManager.java:113)
08-02 16:06:12.417  1890  1890 I UsbDeviceManager: 	at com.android.server.SystemServiceManager.startService(SystemServiceManager.java:72)
08-02 16:06:12.417  1890  1890 I UsbDeviceManager: 	at com.android.server.SystemServer.startOtherServices(SystemServer.java:1299)
08-02 16:06:12.417  1890  1890 I UsbDeviceManager: 	at com.android.server.SystemServer.run(SystemServer.java:431)
08-02 16:06:12.417  1890  1890 I UsbDeviceManager: 	at com.android.server.SystemServer.main(SystemServer.java:294)
08-02 16:06:12.417  1890  1890 I UsbDeviceManager: 	at java.lang.reflect.Method.invoke(Native Method)
08-02 16:06:12.417  1890  1890 I UsbDeviceManager: 	at com.android.internal.os.RuntimeInit$MethodAndArgsCaller.run(RuntimeInit.java:493)
08-02 16:06:12.417  1890  1890 I UsbDeviceManager: 	at com.android.internal.os.ZygoteInit.main(ZygoteInit.java:838)
08-02 16:06:12.417  1890  1890 E UsbDeviceManagerJNI: could not open control for mtp No such file or directory
08-02 16:06:12.417  1890  1890 E UsbDeviceManager: Failed to open control for mtp
08-02 16:06:12.417  1890  1890 E UsbDeviceManagerJNI: could not open control for ptp No such file or directory
08-02 16:06:12.421  1890  1890 W StorageManagerService: No primary storage defined yet; hacking together a stub
08-02 16:06:12.422  1890  1890 E UsbDeviceManagerJNI: could not open /dev/usb_accessory
08-02 16:06:12.422  1890  1890 I android_os_HwBinder: HwBinder: Starting thread pool for default::android.hidl.manager@1.0::IServiceManager
08-02 16:06:12.423  1536  1536 W hwservicemanager: getTransport: Cannot find entry android.hardware.usb@1.0::IUsb/default in either framework or device manifest.
08-02 16:06:12.417  1890  1890 E UsbDeviceManager: Failed to open control for mtp
08-02 16:06:12.424  1890  1890 E UsbPortManager: connectToProxy: usb hal service not found. Did the service fail to start?
08-02 16:06:12.424  1890  1890 E UsbPortManager: java.util.NoSuchElementException
08-02 16:06:12.424  1890  1890 E UsbPortManager: 	at android.os.HwBinder.getService(Native Method)
08-02 16:06:12.424  1890  1890 E UsbPortManager: 	at android.os.HwBinder.getService(HwBinder.java:91)
08-02 16:06:12.424  1890  1890 E UsbPortManager: 	at android.hardware.usb.V1_0.IUsb.getService(IUsb.java:48)
08-02 16:06:12.424  1890  1890 E UsbPortManager: 	at android.hardware.usb.V1_0.IUsb.getService(IUsb.java:52)
08-02 16:06:12.424  1890  1890 E UsbPortManager: 	at com.android.server.usb.UsbPortManager.connectToProxy(UsbPortManager.java:531)
08-02 16:06:12.424  1890  1890 E UsbPortManager: 	at com.android.server.usb.UsbPortManager.<init>(UsbPortManager.java:137)
08-02 16:06:12.424  1890  1890 E UsbPortManager: 	at com.android.server.usb.UsbService.<init>(UsbService.java:142)
08-02 16:06:12.424  1890  1890 E UsbPortManager: 	at com.android.server.usb.UsbService$Lifecycle.onStart(UsbService.java:73)
08-02 16:06:12.424  1890  1890 E UsbPortManager: 	at com.android.server.SystemServiceManager.startService(SystemServiceManager.java:126)
08-02 16:06:12.424  1890  1890 E UsbPortManager: 	at com.android.server.SystemServiceManager.startService(SystemServiceManager.java:113)
08-02 16:06:12.424  1890  1890 E UsbPortManager: 	at com.android.server.SystemServiceManager.startService(SystemServiceManager.java:72)
08-02 16:06:12.424  1890  1890 E UsbPortManager: 	at com.android.server.SystemServer.startOtherServices(SystemServer.java:1299)
08-02 16:06:12.424  1890  1890 E UsbPortManager: 	at com.android.server.SystemServer.run(SystemServer.java:431)
08-02 16:06:12.424  1890  1890 E UsbPortManager: 	at com.android.server.SystemServer.main(SystemServer.java:294)
08-02 16:06:12.424  1890  1890 E UsbPortManager: 	at java.lang.reflect.Method.invoke(Native Method)
08-02 16:06:12.424  1890  1890 E UsbPortManager: 	at com.android.internal.os.RuntimeInit$MethodAndArgsCaller.run(RuntimeInit.java:493)
08-02 16:06:12.424  1890  1890 E UsbPortManager: 	at com.android.internal.os.ZygoteInit.main(ZygoteInit.java:838)
08-02 16:06:12.425  1890  1890 D SystemServerTiming: StartUsbService took to complete: 17ms
08-02 16:06:12.425  1890  1890 I SystemServer: StartSerialService
08-02 16:06:12.425  1890  1890 D SystemServerTiming: StartSerialService took to complete: 0ms
08-02 16:06:12.425  1890  1890 I SystemServer: StartHardwarePropertiesManagerService
08-02 16:06:12.426  1536  1536 W hwservicemanager: getTransport: Cannot find entry android.hardware.thermal@1.0::IThermal/default in either framework or device manifest.
08-02 16:06:12.426  1890  1890 E HardwarePropertiesManagerService-JNI: Unable to get Thermal service.
08-02 16:06:12.426  1890  1890 D SystemServerTiming: StartHardwarePropertiesManagerService took to complete: 1ms
08-02 16:06:12.426  1890  1890 I SystemServer: StartTwilightService
08-02 16:06:12.426  1890  1890 I SystemServiceManager: Starting com.android.server.twilight.TwilightService
08-02 16:06:12.426  1890  1890 D SystemServerTiming: StartTwilightService took to complete: 0ms
08-02 16:06:12.426  1890  1890 I SystemServer: StartJobScheduler
08-02 16:06:12.426  1890  1890 I SystemServiceManager: Starting com.android.server.job.JobSchedulerService
08-02 16:06:12.429  1890  1890 I JobStore: Read 0 jobs
08-02 16:06:12.433  1890  1890 D SystemServerTiming: StartJobScheduler took to complete: 7ms
08-02 16:06:12.433  1890  1890 I SystemServer: StartSoundTrigger
08-02 16:06:12.433  1890  1890 I SystemServiceManager: Starting com.android.server.soundtrigger.SoundTriggerService
08-02 16:06:12.433  1890  1890 D SystemServerTiming: StartSoundTrigger took to complete: 0ms
08-02 16:06:12.433  1890  1890 I SystemServer: StartTrustManager
08-02 16:06:12.433  1890  1890 I SystemServiceManager: Starting com.android.server.trust.TrustManagerService
08-02 16:06:12.433  1890  1890 D SystemServerTiming: StartTrustManager took to complete: 0ms
08-02 16:06:12.433  1890  1890 I SystemServer: StartBackupManager
08-02 16:06:12.433  1890  1890 I SystemServiceManager: Starting com.android.server.backup.BackupManagerService$Lifecycle
08-02 16:06:12.435  1890  1890 D SystemServerTiming: StartBackupManager took to complete: 2ms
08-02 16:06:12.435  1890  1890 I SystemServer: StartAppWidgerService
08-02 16:06:12.435  1890  1890 I SystemServiceManager: Starting com.android.server.appwidget.AppWidgetService
08-02 16:06:12.439  1890  1890 D OpenGLRenderer: Skia GL Pipeline
08-02 16:06:12.442  1890  1890 D SystemServerTiming: StartAppWidgerService took to complete: 6ms
08-02 16:06:12.442  1890  1890 I SystemServer: StartVoiceRecognitionManager
08-02 16:06:12.442  1890  1890 I SystemServiceManager: Starting com.android.server.voiceinteraction.VoiceInteractionManagerService
08-02 16:06:12.442  1890  1890 D SystemServerTiming: StartVoiceRecognitionManager took to complete: 0ms
08-02 16:06:12.443  1890  1890 I SystemServer: StartGestureLauncher
08-02 16:06:12.443  1890  1890 I SystemServiceManager: Starting com.android.server.GestureLauncherService
08-02 16:06:12.443  1890  1890 D SystemServerTiming: StartGestureLauncher took to complete: 0ms
08-02 16:06:12.443  1890  1890 I SystemServer: StartSensorNotification
08-02 16:06:12.443  1890  1890 I SystemServiceManager: Starting com.android.server.SensorNotificationService
08-02 16:06:12.443  1890  1890 D SystemServerTiming: StartSensorNotification took to complete: 0ms
08-02 16:06:12.443  1890  1890 I SystemServer: StartContextHubSystemService
08-02 16:06:12.443  1890  1890 I SystemServiceManager: Starting com.android.server.ContextHubSystemService
08-02 16:06:12.443  1890  1952 D SystemServerInitThreadPool: Started executing Init ContextHubSystemService
08-02 16:06:12.444  1536  1536 W hwservicemanager: getTransport: Cannot find entry android.hardware.contexthub@1.0::IContexthub/default in either framework or device manifest.
08-02 16:06:12.444  1890  1890 D SystemServerTiming: StartContextHubSystemService took to complete: 1ms
08-02 16:06:12.444  1890  1890 I SystemServer: StartDiskStatsService
08-02 16:06:12.444  1890  1890 D SystemServerTiming: StartDiskStatsService took to complete: 0ms
08-02 16:06:12.444  1890  1890 I SystemServer: StartNetworkTimeUpdateService
08-02 16:06:12.445  1890  1952 I ContextHubService: Context Hub HAL service not found
08-02 16:06:12.445  1890  1952 D SystemServerInitThreadPool: Finished executing Init ContextHubSystemService
08-02 16:06:12.445  1890  1890 D SystemServerTiming: StartNetworkTimeUpdateService took to complete: 1ms
08-02 16:06:12.445  1890  1890 I SystemServer: StartCommonTimeManagementService
08-02 16:06:12.445  1890  1890 D SystemServerTiming: StartCommonTimeManagementService took to complete: 0ms
08-02 16:06:12.445  1890  1890 I SystemServer: CertBlacklister
08-02 16:06:12.445  1890  1890 D SystemServerTiming: CertBlacklister took to complete: 0ms
08-02 16:06:12.445  1890  1890 I SystemServer: StartEmergencyAffordanceService
08-02 16:06:12.445  1890  1890 I SystemServiceManager: Starting com.android.server.emergency.EmergencyAffordanceService
08-02 16:06:12.445  1890  1890 D SystemServerTiming: StartEmergencyAffordanceService took to complete: 0ms
08-02 16:06:12.446  1890  1890 I SystemServer: StartDreamManager
08-02 16:06:12.446  1890  1890 I SystemServiceManager: Starting com.android.server.dreams.DreamManagerService
08-02 16:06:12.446  1890  1890 D SystemServerTiming: StartDreamManager took to complete: 0ms
08-02 16:06:12.446  1890  1890 I SystemServer: AddGraphicsStatsService
08-02 16:06:12.450  1890  1890 D SystemServerTiming: AddGraphicsStatsService took to complete: 4ms
08-02 16:06:12.450  1890  1890 I SystemServer: StartPrintManager
08-02 16:06:12.451  1890  1890 I SystemServiceManager: Starting com.android.server.print.PrintManagerService
08-02 16:06:12.451  1890  1890 D SystemServerTiming: StartPrintManager took to complete: 0ms
08-02 16:06:12.451  1890  1890 I SystemServer: StartRestrictionManager
08-02 16:06:12.451  1890  1890 I SystemServiceManager: Starting com.android.server.restrictions.RestrictionsManagerService
08-02 16:06:12.452  1890  1890 D SystemServerTiming: StartRestrictionManager took to complete: 1ms
08-02 16:06:12.452  1890  1890 I SystemServer: StartMediaSessionService
08-02 16:06:12.452  1890  1890 I SystemServiceManager: Starting com.android.server.media.MediaSessionService
08-02 16:06:12.453  1890  1890 D SystemServerTiming: StartMediaSessionService took to complete: 1ms
08-02 16:06:12.453  1890  1890 I SystemServer: StartMediaUpdateService
08-02 16:06:12.453  1890  1890 I SystemServiceManager: Starting com.android.server.media.MediaUpdateService
08-02 16:06:12.453  1890  1890 D SystemServerTiming: StartMediaUpdateService took to complete: 0ms
08-02 16:06:12.453  1890  1890 I SystemServer: StartMediaResourceMonitor
08-02 16:06:12.453  1890  1890 I SystemServiceManager: Starting com.android.server.media.MediaResourceMonitorService
08-02 16:06:12.453  1890  1890 D SystemServerTiming: StartMediaResourceMonitor took to complete: 0ms
08-02 16:06:12.453  1890  1890 I SystemServer: StartMediaRouterService
08-02 16:06:12.454  1890  1890 D SystemServerTiming: StartMediaRouterService took to complete: 1ms
08-02 16:06:12.454  1890  1890 I SystemServer: StartFingerprintSensor
08-02 16:06:12.454  1890  1890 I SystemServiceManager: Starting com.android.server.fingerprint.FingerprintService
08-02 16:06:12.455  1890  1890 D SystemServerTiming: StartFingerprintSensor took to complete: 1ms
08-02 16:06:12.455  1890  1953 D SystemServerInitThreadPool: Started executing FingerprintService.onStart
08-02 16:06:12.455  1890  1890 I SystemServer: StartBackgroundDexOptService
08-02 16:06:12.455  1890  1953 V FingerprintService: mDaemon was null, reconnect to fingerprint
08-02 16:06:12.455  1890  1890 W BackgroundDexOptService: SysProp pm.dexopt.downgrade_after_inactive_days not set
08-02 16:06:12.455  1890  1890 D SystemServerTiming: StartBackgroundDexOptService took to complete: 0ms
08-02 16:06:12.456  1890  1890 I SystemServer: StartPruneInstantAppsJobService
08-02 16:06:12.456  1890  1890 D SystemServerTiming: StartPruneInstantAppsJobService took to complete: 0ms
08-02 16:06:12.456  1890  1890 I SystemServer: StartShortcutServiceLifecycle
08-02 16:06:12.456  1890  1890 I SystemServiceManager: Starting com.android.server.pm.ShortcutService$Lifecycle
08-02 16:06:12.456  1890  1953 I android_os_HwBinder: HwBinder: Starting thread pool for default::android.hardware.biometrics.fingerprint@2.1::IBiometricsFingerprint
08-02 16:06:12.457  1890  1953 V FingerprintService: Fingerprint HAL id: 4093808640
08-02 16:06:12.457  1762  1762 D FingerprintHal: ----------------> fingerprint_set_active_group -----------------> path /data/vendor_de/0/fpdata
08-02 16:06:12.457  1762  1762 D FingerprintHal: ----------------> loadFingerprints ----------------->
08-02 16:06:12.457  1762  1762 E FingerprintHal: Could not load fingerprints from storage at /data/vendor_de/0/fpdata/emufp.bin; it has not yet been created.
08-02 16:06:12.457  1762  1762 D FingerprintHal: ----------------> loadAuthenticatorId ----------------->
08-02 16:06:12.457  1762  1762 E FingerprintHal: Could not load authenticator id from storage at /data/vendor_de/0/fpdata/emuauthid.bin; it has not yet been created.
08-02 16:06:12.457  1762  1762 D FingerprintHal: ----------------> get_64bit_rand ----------------->
08-02 16:06:12.457  1762  1762 D FingerprintHal: ----------------> saveAuthenticatorId ----------------->
08-02 16:06:12.457  1762  1762 D FingerprintHal: Save authenticator id (0x6b8b4567327b23c6)
08-02 16:06:12.457  1890  1953 V FingerprintService: Enumerating user(0)
08-02 16:06:12.457  1890  1890 D SystemServerTiming: StartShortcutServiceLifecycle took to complete: 1ms
08-02 16:06:12.457  1890  1890 I SystemServer: StartLauncherAppsService
08-02 16:06:12.457  1890  1890 I SystemServiceManager: Starting com.android.server.pm.LauncherAppsService
08-02 16:06:12.457  1890  1953 V FingerprintService: starting client InternalEnumerateClient(android), initiatedByClient = true
08-02 16:06:12.457  1762  1762 D FingerprintHal: ----------------> fingerprint_enumerate ----------------->
08-02 16:06:12.457  1762  1762 D android.hardware.biometrics.fingerprint@2.1-service: onEnumerate(fid=0, gid=0, rem=0)
08-02 16:06:12.458  1890  1890 D SystemServerTiming: StartLauncherAppsService took to complete: 1ms
08-02 16:06:12.458  1890  1890 I SystemServer: StartCrossProfileAppsService
08-02 16:06:12.458  1890  1890 I SystemServiceManager: Starting com.android.server.pm.CrossProfileAppsService
08-02 16:06:12.458  1890  1953 D SystemServerInitThreadPool: Finished executing FingerprintService.onStart
08-02 16:06:12.458  1890  1890 D SystemServerTiming: StartCrossProfileAppsService took to complete: 0ms
08-02 16:06:12.458  1890  1890 I SystemServer: StartMediaProjectionManager
08-02 16:06:12.458  1890  1890 I SystemServiceManager: Starting com.android.server.media.projection.MediaProjectionManagerService
08-02 16:06:12.460  1890  1890 V MediaRouter: Adding route: RouteInfo{ name=Phone, description=null, status=null, category=RouteCategory{ name=System types=ROUTE_TYPE_LIVE_AUDIO ROUTE_TYPE_LIVE_VIDEO  groupable=false }, supportedTypes=ROUTE_TYPE_LIVE_AUDIO ROUTE_TYPE_LIVE_VIDEO , presentationDisplay=null }
08-02 16:06:12.460  1890  1890 V MediaRouter: Selecting route: RouteInfo{ name=Phone, description=null, status=null, category=RouteCategory{ name=System types=ROUTE_TYPE_LIVE_AUDIO ROUTE_TYPE_LIVE_VIDEO  groupable=false }, supportedTypes=ROUTE_TYPE_LIVE_AUDIO ROUTE_TYPE_LIVE_VIDEO , presentationDisplay=null }
08-02 16:06:12.461  1890  1890 D SystemServerTiming: StartMediaProjectionManager took to complete: 3ms
08-02 16:06:12.461  1890  1890 I SystemServer: StartSliceManagerService
08-02 16:06:12.461  1890  1890 I SystemServiceManager: Starting com.android.server.slice.SliceManagerService$Lifecycle
08-02 16:06:12.462  1890  1890 D SystemServerTiming: StartSliceManagerService took to complete: 1ms
08-02 16:06:12.462  1890  1890 I SystemServer: StartCameraServiceProxy
08-02 16:06:12.462  1890  1890 I SystemServiceManager: Starting com.android.server.camera.CameraServiceProxy
08-02 16:06:12.466  1890  1890 D SystemServerTiming: StartCameraServiceProxy took to complete: 4ms
08-02 16:06:12.466  1890  1890 I SystemServer: StartStatsCompanionService
08-02 16:06:12.466  1890  1890 I SystemServiceManager: Starting com.android.server.stats.StatsCompanionService$Lifecycle
08-02 16:06:12.467  1890  1890 E KernelUidCpuFreqTimeReader: Failed to read /proc/uid_time_in_state: java.io.FileNotFoundException: /proc/uid_time_in_state (No such file or directory)
08-02 16:06:12.467  1890  1890 D SystemServerTiming: StartStatsCompanionService took to complete: 1ms
08-02 16:06:12.467  1890  1890 I WindowManager: SAFE MODE not enabled
08-02 16:06:12.467  1890  1890 I SystemServer: StartJitCompilation
08-02 16:06:12.467  1890  1890 D SystemServerTiming: StartJitCompilation took to complete: 0ms
08-02 16:06:12.467  1890  1890 I SystemServer: StartMmsService
08-02 16:06:12.467  1890  1890 I SystemServiceManager: Starting com.android.server.MmsServiceBroker
08-02 16:06:12.467  1890  1890 D SystemServerTiming: StartMmsService took to complete: 0ms
08-02 16:06:12.467  1890  1890 I SystemServer: StartAutoFillService
08-02 16:06:12.467  1890  1890 I SystemServiceManager: Starting com.android.server.autofill.AutofillManagerService
08-02 16:06:12.468  1890  1890 I AutofillManagerService: Setting debug to true
08-02 16:06:12.468  1890  1890 D SystemServerTiming: StartAutoFillService took to complete: 1ms
08-02 16:06:12.468  1890  1890 I SystemServer: MakeVibratorServiceReady
08-02 16:06:12.469  1890  1890 D SystemServerTiming: MakeVibratorServiceReady took to complete: 1ms
08-02 16:06:12.469  1890  1890 I SystemServer: MakeLockSettingsServiceReady
08-02 16:06:12.481  1890  1890 I LockSettingsService: Migrated lock settings to new location
08-02 16:06:12.481  1890  1890 I LockSettingsService: Migrated per-user lock settings to new location
08-02 16:06:12.482  1890  1890 I LockSettingsService: Migrated biometric weak to use the fallback instead
08-02 16:06:12.482  1890  1890 I LockSettingsService: Migrated lockscreen disabled flag
08-02 16:06:12.487  1536  1536 W hwservicemanager: getTransport: Cannot find entry android.hardware.weaver@1.0::IWeaver/default in either framework or device manifest.
08-02 16:06:12.487  1890  1890 I SyntheticPasswordManager: Device does not support weaver
08-02 16:06:12.487  1536  1536 W hwservicemanager: getTransport: Cannot find entry android.hardware.authsecret@1.0::IAuthSecret/default in either framework or device manifest.
08-02 16:06:12.487  1890  1890 I LockSettingsService: Device doesn't implement AuthSecret HAL
08-02 16:06:12.488  1890  1890 E LockSettingsStorage: Cannot read file java.io.FileNotFoundException: /data/system/gatekeeper.password.key: open failed: ENOENT (No such file or directory)
08-02 16:06:12.488  1890  1890 E LockSettingsStorage: Cannot read file java.io.FileNotFoundException: /data/system/password.key: open failed: ENOENT (No such file or directory)
08-02 16:06:12.488  1890  1890 E LockSettingsStorage: Cannot read file java.io.FileNotFoundException: /data/system/gatekeeper.pattern.key: open failed: ENOENT (No such file or directory)
08-02 16:06:12.488  1890  1890 E LockSettingsStorage: Cannot read file java.io.FileNotFoundException: /data/system/gatekeeper.gesture.key: open failed: ENOENT (No such file or directory)
08-02 16:06:12.488  1890  1890 E LockSettingsStorage: Cannot read file java.io.FileNotFoundException: /data/system/gesture.key: open failed: ENOENT (No such file or directory)
08-02 16:06:12.489  1890  1890 D SystemServerTiming: MakeLockSettingsServiceReady took to complete: 20ms
08-02 16:06:12.489  1890  1890 I SystemServer: StartBootPhaseLockSettingsReady
08-02 16:06:12.489  1890  1890 I SystemServiceManager: Starting phase 480
08-02 16:06:12.491  1890  1911 D SystemServerInitThreadPool: Started executing DevicePolicyManager
08-02 16:06:12.491  1890  1911 D SystemServerInitThreadPool: Finished executing DevicePolicyManager
08-02 16:06:12.493  1890  1890 D SystemServerTiming: StartBootPhaseLockSettingsReady took to complete: 4ms
08-02 16:06:12.493  1890  1890 I SystemServer: StartBootPhaseSystemServicesReady
08-02 16:06:12.493  1890  1890 I SystemServiceManager: Starting phase 500
08-02 16:06:12.494  1890  1890 D AppStandbyController: Setting app idle enabled state
08-02 16:06:12.494  1890  1890 D AppStandbyController: Initializing defaults for system apps on user 0, appIdleEnabled=false
08-02 16:06:12.495  1890  1890 E AppIdleHistory: Unable to read app idle file for user 0
08-02 16:06:12.496  1890  1890 I VrManagerService: No default vr listener service found.
08-02 16:06:12.497  1890  1890 I WifiService: WifiService starting up with Wi-Fi enabled
08-02 16:06:12.500  1890  1991 I android_os_HwBinder: HwBinder: Starting thread pool for default::android.hidl.manager@1.0::IServiceManager
08-02 16:06:12.500  1890  2008 D HalDevMgr: IWifi registration notification: fqName=android.hardware.wifi@1.0::IWifi, name=default, preexisting=true
08-02 16:06:12.501  1890  1991 I android_os_HwBinder: HwBinder: Starting thread pool for default::android.hardware.wifi@1.0::IWifi
08-02 16:06:12.501  1890  1991 D WificondControl: tearing down interfaces in wificond
08-02 16:06:12.503  1890  1890 D WifiService: setWifiEnabled: true pid=1890, uid=1000, package=android
08-02 16:06:12.503  1890  1890 I WifiService: setWifiEnabled package=android uid=1000 enable=true
08-02 16:06:12.503  1890  1890 I WifiScanningService: Starting wifiscanner
08-02 16:06:12.508  1890  1890 D ZenLog  : config: cleanUpZenRules,ZenModeConfig[user=0,allowAlarms=true,allowMedia=true,allowSystem=false,allowReminders=false,allowEvents=false,allowCalls=true,allowRepeatCallers=true,allowMessages=false,allowCallsFrom=stars,allowMessagesFrom=contacts,suppressedVisualEffects=511,areChannelsBypassingDnd=false,automaticRules={EVENTS_DEFAULT_RULE=ZenRule[enabled=false,snoozing=false,name=Event,zenMode=ZEN_MODE_IMPORTANT_INTERRUPTIONS,conditionId=condition://android/event?userId=-10000&calendar=&reply=1,condition=null,component=ComponentInfo{android/com.android.server.notification.EventConditionProvider},id=EVENTS_DEFAULT_RULE,creationTime=1659445572371,enabler=null], EVERY_NIGHT_DEFAULT_RULE=ZenRule[enabled=false,snoozing=false,name=Sleeping,zenMode=ZEN_MODE_IMPORTANT_INTERRUPTIONS,conditionId=condition://android/schedule?days=1.2.3.4.5.6.7&start=22.0&end=7.0&exitAtAlarm=true,condition=null,component=ComponentInfo{android/com.android.server.notification.ScheduleConditionProvider},id=EVERY_NIGHT_DEFAULT_RULE,creationTime=1659445572371,enabler=null]},manualRule=null],Diff[]
08-02 16:06:12.508  1890  1890 D ZenLog  : set_zen_mode: off,onSystemReady
08-02 16:06:12.511  1609  1609 D PermissionCache: checking android.permission.CAPTURE_AUDIO_HOTWORD for uid=1000 => granted (176 us)
08-02 16:06:12.512  1890  1890 W SoundTriggerHelper: listModules status=0, # of modules=0
08-02 16:06:12.512  1890  1890 D ContextHubSystemService: onBootPhase: PHASE_SYSTEM_SERVICES_READY
08-02 16:06:12.512  1890  1890 D SystemServerTiming: StartBootPhaseSystemServicesReady took to complete: 19ms
08-02 16:06:12.512  1890  1890 I SystemServer: MakeWindowManagerServiceReady
08-02 16:06:12.521  1890  1890 I android_os_HwBinder: HwBinder: Starting thread pool for default::android.hardware.configstore@1.0::ISurfaceFlingerConfigs
08-02 16:06:12.521  1890  1890 D SystemServerTiming: MakeWindowManagerServiceReady took to complete: 9ms
08-02 16:06:12.521  1890  1890 I SystemServer: MakePowerManagerServiceReady
