08-02 16:06:13.213  2018  2018 I ModuleManager: Key 'module:com.google.android.apps.inputmethod.libs.search.IGifKeyboardExtension' has value 'res/xml/extension_gif_search.xml'
08-02 16:06:13.214  2018  2018 I ModuleManager: Adding [GIMS_UserUnlocked] NotificationListener for module com.google.android.apps.inputmethod.libs.search.gif.GifExtensionImpl
08-02 16:06:13.214  2018  2018 I ModuleManager: Key 'module:com.google.android.apps.inputmethod.libs.search.IEmoticonExtension' has value 'res/xml/extension_emoticon.xml'
08-02 16:06:13.214  2018  2018 I ModuleManager: Adding [GIMS_UserUnlocked] NotificationListener for module com.google.android.apps.inputmethod.libs.search.emoji.EmoticonExtension
08-02 16:06:13.214  2018  2018 I ModuleManager: Unexpected key 'com.google.android.backup.api_key' does not match 'module:'
08-02 16:06:13.214  2018  2018 I ModuleManager: Key 'module:com.google.android.apps.inputmethod.libs.handwriting.ime.IHandwritingImeExtension' has value 'res/xml/extension_handwriting_ime.xml'
08-02 16:06:13.215  2018  2018 I ModuleManager: Adding [GIMS_UserUnlocked] NotificationListener for module com.google.android.apps.inputmethod.libs.handwriting.ime.HandwritingImeExtension
08-02 16:06:13.215  2018  2018 I ModuleManager: Key 'module:com.google.android.apps.inputmethod.libs.search.IEmojiDataExtension' has value 'res/xml/extension_emoji_data.xml'
08-02 16:06:13.215  2018  2018 I ModuleManager: Adding [GIMS_UserUnlocked] NotificationListener for module com.google.android.apps.inputmethod.libs.search.emojidata.EmojiDataExtension
08-02 16:06:13.215  2018  2018 I ModuleManager: Key 'module:com.google.android.apps.inputmethod.libs.search.IEmojiOrGifExtension' has value 'res/xml/extension_emoji_or_gif.xml'
08-02 16:06:13.216  2018  2018 I ModuleManager: Adding [GIMS_UserUnlocked] NotificationListener for module com.google.android.apps.inputmethod.libs.search.ArtExtension
08-02 16:06:13.216  2018  2018 I ModuleManager: Key 'module:com.google.android.apps.inputmethod.libs.search.INativeCardExtension' has value 'res/xml/extension_native_card.xml'
08-02 16:06:13.216  2018  2018 I ModuleManager: Adding [GIMS_UserUnlocked] NotificationListener for module com.google.android.apps.inputmethod.libs.search.nativecard.NativeCardExtension
08-02 16:06:13.216  2018  2018 I ModuleManager: Key 'module:com.google.android.apps.inputmethod.libs.voiceime.IVoiceImeExtension' has value 'res/xml/extension_voice_ime.xml'
08-02 16:06:13.229  1742  1839 I OMXClient: IOmx service obtained
08-02 16:06:13.229  1748  1748 I OMXMaster: makeComponentInstance(OMX.google.h264.decoder) in omx@1.0-service process
08-02 16:06:13.235  1890  1949 D PackageManager: Instant App installer not found with android.intent.action.INSTALL_INSTANT_APP_PACKAGE
08-02 16:06:13.235  1890  1949 D PackageManager: Clear ephemeral installer activity
08-02 16:06:13.244  2147  2147 I m.android.phon: The ClassLoaderContext is a special shared library.
08-02 16:06:13.257  1748  1748 E OMXNodeInstance: getExtensionIndex(0xf27a6b40:google.h264.decoder, OMX.google.android.index.configureVideoTunnelMode) ERROR: UnsupportedIndex(0x8000101a)
08-02 16:06:13.257  1748  1748 E OMXNodeInstance: getExtensionIndex(0xf27a6b40:google.h264.decoder, OMX.google.android.index.enableAndroidNativeBuffers) ERROR: UnsupportedIndex(0x8000101a)
08-02 16:06:13.258  1742  1839 I OMXClient: IOmx service obtained
08-02 16:06:13.258  1748  1748 I OMXMaster: makeComponentInstance(OMX.google.h263.decoder) in omx@1.0-service process
08-02 16:06:13.263  1890  1890 E BluetoothAdapter: Bluetooth binder is null
08-02 16:06:13.264  2159  2159 D CryptKeeper: Disabling component ComponentInfo{com.android.settings/com.android.settings.CryptKeeper}
08-02 16:06:13.264  1890  1907 D PackageManager: Instant App installer not found with android.intent.action.INSTALL_INSTANT_APP_PACKAGE
08-02 16:06:13.264  1890  1907 D PackageManager: Clear ephemeral installer activity
08-02 16:06:13.265  1748  1748 E OMXNodeInstance: getExtensionIndex(0xf27a6b40:google.h263.decoder, OMX.google.android.index.configureVideoTunnelMode) ERROR: UnsupportedIndex(0x8000101a)
08-02 16:06:13.265  1748  1748 E OMXNodeInstance: getExtensionIndex(0xf27a6b40:google.h263.decoder, OMX.google.android.index.enableAndroidNativeBuffers) ERROR: UnsupportedIndex(0x8000101a)
08-02 16:06:13.268  1742  1839 I OMXClient: IOmx service obtained
08-02 16:06:13.268  1748  1748 I OMXMaster: makeComponentInstance(OMX.google.hevc.decoder) in omx@1.0-service process
08-02 16:06:13.269  1890  2221 I Telecom : BluetoothRouteManager: getBluetoothAudioConnectedDevice: no headset service available.
08-02 16:06:13.280  2048  2048 W SoundPool: Use of stream types is deprecated for operations other than volume control
08-02 16:06:13.280  2048  2048 W SoundPool: See the documentation of SoundPool() for what to use instead with android.media.AudioAttributes to qualify your playback use case
08-02 16:06:13.282  2048  2048 D SystemUIBootTiming: StartServicescom.android.systemui.keyguard.KeyguardViewMediator took to complete: 120ms
08-02 16:06:13.287  1748  2133 E OMXNodeInstance: getExtensionIndex(0xf27a6b40:google.hevc.decoder, OMX.google.android.index.configureVideoTunnelMode) ERROR: UnsupportedIndex(0x8000101a)
08-02 16:06:13.287  1748  2133 E OMXNodeInstance: getExtensionIndex(0xf27a6b40:google.hevc.decoder, OMX.google.android.index.enableAndroidNativeBuffers) ERROR: UnsupportedIndex(0x8000101a)
08-02 16:06:13.290  1742  1839 I OMXClient: IOmx service obtained
08-02 16:06:13.290  1748  2133 I OMXMaster: makeComponentInstance(OMX.google.mpeg4.decoder) in omx@1.0-service process
08-02 16:06:13.290  1748  2133 E OMXNodeInstance: getExtensionIndex(0xf27a6b40:google.mpeg4.decoder, OMX.google.android.index.configureVideoTunnelMode) ERROR: UnsupportedIndex(0x8000101a)
08-02 16:06:13.290  1748  2133 E OMXNodeInstance: getExtensionIndex(0xf27a6b40:google.mpeg4.decoder, OMX.google.android.index.enableAndroidNativeBuffers) ERROR: UnsupportedIndex(0x8000101a)
08-02 16:06:13.291  1890  1908 I ActivityManager: START u0 {act=android.intent.action.MAIN cat=[android.intent.category.HOME] flg=0x10000100 cmp=com.google.android.setupwizard/.SetupWizardActivity} from uid 0
08-02 16:06:13.293  1742  1839 I OMXClient: IOmx service obtained
08-02 16:06:13.293  1748  2133 I OMXMaster: makeComponentInstance(OMX.google.vp8.decoder) in omx@1.0-service process
08-02 16:06:13.295  2153  2153 I wpa_supplicant: rfkill: Cannot get wiphy information
08-02 16:06:13.296  1890  1890 I Telecom : SystemStateProvider: Registering car mode receiver: android.content.IntentFilter@ba4690: TS.init@AAA
08-02 16:06:13.301  2048  2048 D OpenGLRenderer: Skia GL Pipeline
08-02 16:06:13.302  1748  2133 E OMXNodeInstance: getExtensionIndex(0xf27a6b40:google.vp8.decoder, OMX.google.android.index.configureVideoTunnelMode) ERROR: UnsupportedIndex(0x8000101a)
08-02 16:06:13.302  1748  2133 E OMXNodeInstance: getExtensionIndex(0xf27a6b40:google.vp8.decoder, OMX.google.android.index.enableAndroidNativeBuffers) ERROR: UnsupportedIndex(0x8000101a)
08-02 16:06:13.306  1890  1915 I ActivityManager: Start proc 2236:com.google.android.setupwizard/u0a31 for activity com.google.android.setupwizard/.SetupWizardActivity
08-02 16:06:13.310  2030  2030 E ActivityThread: Failed to find provider info for com.google.android.gsf.gservices
08-02 16:06:13.314  2236  2236 W oid.setupwizar: Unexpected CPU variant for X86 using defaults: x86
08-02 16:06:13.316  1890  2008 I android_os_HwBinder: HwBinder: Starting thread pool for default::android.hardware.wifi.supplicant@1.0::ISupplicant
08-02 16:06:13.320  2018  2018 I ModuleManager: Adding [App_UserUnlocked] NotificationListener for module com.google.android.apps.inputmethod.libs.voiceime.VoiceImeExtension
08-02 16:06:13.320  2018  2018 I ModuleManager: Unexpected key 'com.google.android.gms.version' does not match 'module:'
08-02 16:06:13.320  2018  2018 I ModuleManager: Key 'module:com.google.android.apps.inputmethod.libs.search.IEmojiSearchExtension' has value 'res/xml/extension_emoji_search.xml'
08-02 16:06:13.321  1890  2250 I Telecom : Logging.Events: Non-call EVENT: AUDIO_ROUTE, Entering state QuiescentSpeakerRoute
08-02 16:06:13.321  1890  2250 I Telecom : BluetoothRouteManager: getBluetoothAudioConnectedDevice: no headset service available.
08-02 16:06:13.321  2018  2018 I ModuleManager: Adding [GIMS_UserUnlocked] NotificationListener for module com.google.android.apps.inputmethod.libs.search.emoji.EmojiSearchExtension
08-02 16:06:13.321  2018  2018 I ModuleManager: Key 'module:com.google.android.apps.inputmethod.libs.textediting.ITextEditingExtension' has value 'res/xml/extension_text_editing.xml'
08-02 16:06:13.322  2018  2018 I ModuleManager: Adding [GIMS_UserUnlocked] NotificationListener for module com.google.android.apps.inputmethod.libs.textediting.TextEditingExtension
08-02 16:06:13.322  2018  2018 I ModuleManager: Key 'module:com.google.android.apps.inputmethod.libs.search.IGifEntryPointCandidateExtension' has value 'res/xml/extension_gif_entry_point_candidate.xml'
08-02 16:06:13.323  2018  2018 I ModuleManager: Adding [GIMS_UserUnlocked] NotificationListener for module com.google.android.apps.inputmethod.libs.search.gif.GifEntryPointCandidateExtension
08-02 16:06:13.323  2018  2018 I ModuleManager: Key 'module:com.google.android.apps.inputmethod.libs.search.IBitmojiExtension' has value 'res/xml/extension_bitmoji.xml'
08-02 16:06:13.323  2018  2018 I ModuleManager: Adding [GIMS_UserUnlocked] NotificationListener for module com.google.android.apps.inputmethod.libs.search.sticker.BitmojiExtension
08-02 16:06:13.323  2018  2018 I ModuleManager: Key 'module:com.google.android.apps.inputmethod.libs.search.IFeatureCardNoticeExtension' has value 'res/xml/extension_feature_notice.xml'
08-02 16:06:13.324  2018  2018 I ModuleManager: Adding [GIMS_UserUnlocked] NotificationListener for module com.google.android.apps.inputmethod.libs.search.nativecard.FeatureCardNoticeExtension
08-02 16:06:13.324  2018  2018 I LatinApp: onCreate()
08-02 16:06:13.327  1890  1890 I Telecom : MissedCallNotifierImpl: reloadFromDatabase: Boot not yet complete -- call log db may not be available. Deferring loading until boot complete for user 0: TS.init@AAA
08-02 16:06:13.327  2030  2030 E ActivityThread: Failed to find provider info for com.google.android.gsf.gservices
08-02 16:06:13.327  1890  2254 I Telecom : CallAudioModeStateMachine: Message received: null.: TS.init->CAMSM.pM_1@AAA
08-02 16:06:13.328  1742  1839 I OMXClient: IOmx service obtained
08-02 16:06:13.328  1748  2194 I OMXMaster: makeComponentInstance(OMX.google.vp9.decoder) in omx@1.0-service process
08-02 16:06:13.328  1748  2194 E OMXNodeInstance: getExtensionIndex(0xf27a6d80:google.vp9.decoder, OMX.google.android.index.configureVideoTunnelMode) ERROR: UnsupportedIndex(0x8000101a)
08-02 16:06:13.328  1748  2194 E OMXNodeInstance: getExtensionIndex(0xf27a6d80:google.vp9.decoder, OMX.google.android.index.enableAndroidNativeBuffers) ERROR: UnsupportedIndex(0x8000101a)
08-02 16:06:13.328  1890  1890 E BluetoothAdapter: Bluetooth binder is null
08-02 16:06:13.329  1890  1890 I Telecom : Class: TelecomSystem.INSTANCE being set
08-02 16:06:13.330  1890  1890 W Looper  : Slow dispatch took 152ms main h=android.app.ActivityThread$H c=null m=121
08-02 16:06:13.330  1890  1890 E BluetoothAdapter: Bluetooth binder is null
08-02 16:06:13.347  1890  2008 I SupplicantStaIfaceHal: Completed initialization of ISupplicant.
08-02 16:06:13.351  1604  1604 I android.hardware.wifi@1.0-service: Adding interface handle for wlan0
08-02 16:06:13.351  1604  1604 E android.hardware.wifi@1.0-service: Failed to register radio mode change callback
08-02 16:06:13.351  1604  1604 I android.hardware.wifi@1.0-service: Configured chip in mode 0
08-02 16:06:13.351  1604  1604 E android.hardware.wifi@1.0-service: Failed to set DFS flag; DFS channels may be unavailable.
08-02 16:06:13.362  1742  1839 I OMXClient: IOmx service obtained
08-02 16:06:13.362  1748  2194 I OMXMaster: makeComponentInstance(OMX.google.h264.encoder) in omx@1.0-service process
08-02 16:06:13.363  2030  2030 E ActivityThread: Failed to find provider info for com.google.android.gsf.gservices
08-02 16:06:13.363  2030  2030 E ActivityThread: Failed to find provider info for com.google.android.gsf.gservices
08-02 16:06:13.367  1890  1890 V SettingsProvider: Notifying for 0: content://settings/secure/accessibility_enabled
08-02 16:06:13.367  1890  1890 V SettingsProvider: Notifying for 0: content://settings/secure/accessibility_shortcut_target_service
08-02 16:06:13.367  1890  1890 V SettingsProvider: Notifying for 0: content://settings/secure/accessibility_shortcut_enabled
08-02 16:06:13.367  1890  1890 V SettingsProvider: Notifying for 0: content://settings/global/webview_provider
08-02 16:06:13.372  1742  1839 W OMXUtils: do not know color format 0x7f000789 = 2130708361
08-02 16:06:13.385  2030  2030 W DirectBootExitBR: User is in direct boot mode.
08-02 16:06:13.385  2030  2030 E ActivityThread: Failed to find provider info for com.google.android.gsf.gservices
08-02 16:06:13.394  1742  1839 I OMXClient: IOmx service obtained
08-02 16:06:13.394  1748  2194 I OMXMaster: makeComponentInstance(OMX.google.h263.encoder) in omx@1.0-service process
08-02 16:06:13.395  2236  2236 I oid.setupwizar: The ClassLoaderContext is a special shared library.
08-02 16:06:13.400  1737  1942 D installd: Found quota mount /dev/block/dm-1 at /data
08-02 16:06:13.400  1737  1942 D installd: Found storage mount /data/media at /mnt/runtime/default/emulated
08-02 16:06:13.400  1748  2194 I SoftMPEG4Encoder: Construct SoftMPEG4Encoder
08-02 16:06:13.401  1742  1839 W OMXUtils: do not know color format 0x7f000789 = 2130708361
08-02 16:06:13.401  1748  2194 E OMXNodeInstance: getConfig(0xf27a6d80:google.h263.encoder, ConfigAndroidIntraRefresh(0x6f60000a)) ERROR: Undefined(0x80001001)
08-02 16:06:13.402  2236  2236 I oid.setupwizar: The ClassLoaderContext is a special shared library.
08-02 16:06:13.386  2030  2030 E ActivityThread: Failed to find provider info for com.google.android.gsf.gservices
08-02 16:06:13.407  1890  1890 V SettingsProvider: Notifying for 0: content://settings/global/boot_count
08-02 16:06:13.407  1890  1890 V SettingsProvider: Notifying for 0: content://settings/global/emergency_affordance_needed
08-02 16:06:13.408  1890  1890 I system_server: The ClassLoaderContext is a special shared library.
08-02 16:06:13.409  1890  1890 I system_server: The ClassLoaderContext is a special shared library.
08-02 16:06:13.413  1890  1991 D WificondControl: Setting up interface for client mode
08-02 16:06:13.413  1746  1746 I wificond: create scanner for interface with index: 3
08-02 16:06:13.413  1746  1746 I wificond: subscribe scan result for interface with index: 3
08-02 16:06:13.414  1536  1536 W hwservicemanager: getTransport: Cannot find entry android.hardware.wifi.offload@1.0::IOffload/default in either framework or device manifest.
08-02 16:06:13.414  1746  1746 E wificond: No Offload Service available
08-02 16:06:13.414  1746  1746 I wificond: Offload HAL not supported 
08-02 16:06:13.416  1742  1839 I OMXClient: IOmx service obtained
08-02 16:06:13.416  1748  2194 I OMXMaster: makeComponentInstance(OMX.google.mpeg4.encoder) in omx@1.0-service process
08-02 16:06:13.416  2030  2030 E ActivityThread: Failed to find provider info for com.google.android.gsf.gservices
08-02 16:06:13.417  1748  2194 I SoftMPEG4Encoder: Construct SoftMPEG4Encoder
08-02 16:06:13.418  1742  1839 W OMXUtils: do not know color format 0x7f000789 = 2130708361
08-02 16:06:13.418  1748  2194 E OMXNodeInstance: getConfig(0xf27a6d80:google.mpeg4.encoder, ConfigAndroidIntraRefresh(0x6f60000a)) ERROR: Undefined(0x80001001)
08-02 16:06:13.418  1890  1991 E SupplicantStaIfaceHal: Can't call setupIface, ISupplicantStaIface is null
08-02 16:06:13.419  1890  1991 I android_os_HwBinder: HwBinder: Starting thread pool for default::android.hardware.wifi.supplicant@1.0::ISupplicant
08-02 16:06:13.420  1890  1991 I android_os_HwBinder: HwBinder: Starting thread pool for default::android.hardware.wifi.supplicant@1.0::ISupplicant
08-02 16:06:13.423  1742  1839 I OMXClient: IOmx service obtained
08-02 16:06:13.423  1748  1748 I OMXMaster: makeComponentInstance(OMX.google.vp8.encoder) in omx@1.0-service process
08-02 16:06:13.423  1890  1991 I android_os_HwBinder: HwBinder: Starting thread pool for default::android.hardware.wifi.supplicant@1.0::ISupplicant
08-02 16:06:13.432  1742  1839 W OMXUtils: do not know color format 0x7f000789 = 2130708361
08-02 16:06:13.432  1748  1748 E OMXNodeInstance: getConfig(0xf27a6a20:google.vp8.encoder, ConfigAndroidIntraRefresh(0x6f60000a)) ERROR: Undefined(0x80001001)
08-02 16:06:13.433  1890  1991 I WifiNative: Interface state changed on Iface:{Name=wlan0,Id=0,Type=STA}, isUp=true
08-02 16:06:13.433  1743  1829 D CommandListener: Clearing all IP addresses on wlan0
08-02 16:06:13.435  1890  1890 D GpsNetInitiatedHandler: location enabled :true
08-02 16:06:13.420  2030  2030 I chatty  : uid=10012 com.google.android.gms.persistent identical 2 lines
08-02 16:06:13.420  2030  2030 E ActivityThread: Failed to find provider info for com.google.android.gsf.gservices
08-02 16:06:13.436  1890  1890 V WiredAccessoryManager: notifyWiredAccessoryChanged: when=0 bits= mask=54
08-02 16:06:13.436  1890  1890 V WiredAccessoryManager: newName=h2w newState=0 headsetState=0 prev headsetState=0
08-02 16:06:13.436  1890  1890 E WiredAccessoryManager: No state change.
08-02 16:06:13.436  1890  1890 V WiredAccessoryManager: init()
08-02 16:06:13.444  1890  1890 V NotificationListeners: enabling notification listener for 0: ComponentInfo{com.google.android.apps.restore/com.google.android.apps.pixelmigrate.component.NotificationConsolidatorService}
08-02 16:06:13.444  1890  1890 V NotificationListeners: binding: Intent { act=android.service.notification.NotificationListenerService cmp=com.google.android.apps.restore/com.google.android.apps.pixelmigrate.component.NotificationConsolidatorService (has extras) }
08-02 16:06:13.444  1890  1890 W ActivityManager: Unable to start service Intent { act=android.service.notification.NotificationListenerService cmp=com.google.android.apps.restore/com.google.android.apps.pixelmigrate.component.NotificationConsolidatorService } U=0: not found
08-02 16:06:13.444  1890  1890 W NotificationListeners: Unable to bind notification listener service: Intent { act=android.service.notification.NotificationListenerService cmp=com.google.android.apps.restore/com.google.android.apps.pixelmigrate.component.NotificationConsolidatorService (has extras) }
08-02 16:06:13.444  1890  1890 V NotificationAssistants: enabling notification assistant for 0: ComponentInfo{com.google.android.ext.services/android.ext.services.notification.Assistant}
08-02 16:06:13.444  1890  1890 V NotificationAssistants: binding: Intent { act=android.service.notification.NotificationAssistantService cmp=com.google.android.ext.services/android.ext.services.notification.Assistant (has extras) }
08-02 16:06:13.447  2030  2030 I GmsApplication: Staging modules and/or updating config
08-02 16:06:13.448  2030  2030 E ActivityThread: Failed to find provider info for com.google.android.gsf.gservices
08-02 16:06:13.450  2030  2030 E ChimeraCfgMgr: Failed to read module config: java.io.FileNotFoundException: /data/user_de/0/com.google.android.gms/app_chimera/current_config.fb (No such file or directory)
08-02 16:06:13.451  1890  1991 I WifiNative: Successfully setup Iface:{Name=wlan0,Id=0,Type=STA}
08-02 16:06:13.451  1890  1991 D WifiClientModeManager: sending scan available broadcast: false
08-02 16:06:13.451  1890  1991 D WifiClientModeManager: entering StartedState
08-02 16:06:13.451  1890  1991 D WifiClientModeManager: Wifi is ready to use for client mode
08-02 16:06:13.451  1890  1991 D WifiClientModeManager: sending scan available broadcast: true
08-02 16:06:13.451  1890  1991 D WifiStateMachinePrime: State changed from client mode. state = 3
08-02 16:06:13.451  1890  1991 D WifiStateMachinePrime: client mode active
08-02 16:06:13.452  1890  1991 D WifiStateMachine: entering ConnectModeState: ifaceName = wlan0
08-02 16:06:13.452  1890  1991 D WifiStateMachine: setupClientMode() ifacename = wlan0
08-02 16:06:13.455  2236  2236 I SetupWizard: [FrpHelper] Start loading FRP status
08-02 16:06:13.457  2030  2030 I GmsApplication: Staging modules
08-02 16:06:13.460  2030  2030 I FileApkMgr: Extracting modules...
08-02 16:06:13.461  1742  1839 D MediaCodecList: ignored a null builder
08-02 16:06:13.462  1890  2074 I OMXClient: IOmx service obtained
08-02 16:06:13.462  1748  2194 I OMXMaster: makeComponentInstance(OMX.google.vorbis.decoder) in omx@1.0-service process
08-02 16:06:13.463  2048  2241 I OMXClient: IOmx service obtained
08-02 16:06:13.463  1748  1748 I OMXMaster: makeComponentInstance(OMX.google.vorbis.decoder) in omx@1.0-service process
08-02 16:06:13.464  1748  1831 E OMXNodeInstance: getConfig(0xf27a6a20:google.vorbis.decoder, ConfigAndroidVendorExtension(0x6f100004)) ERROR: Undefined(0x80001001)
08-02 16:06:13.464  1743  1829 D CommandListener: Clearing all IP addresses on wlan0
08-02 16:06:13.464  1890  1991 D WifiConfigManager: Legacy store files not found. No migration needed!
08-02 16:06:13.464  1890  1991 D WifiStateMachine: Setting OUI to DA-A1-19
08-02 16:06:13.464  1586  1586 W AshmemAllocator: ashmem_create_region(32768) returning hidl_memory(0xf441c180, 32768)
08-02 16:06:13.464  1748  1831 E OMXNodeInstance: getConfig(0xf27a6de0:google.vorbis.decoder, ConfigAndroidVendorExtension(0x6f100004)) ERROR: Undefined(0x80001001)
08-02 16:06:13.464  1890  1991 I WifiVendorHal: Driver: 1.0 Firmware: 1.0
08-02 16:06:13.466  1586  1586 W AshmemAllocator: ashmem_create_region(32768) returning hidl_memory(0xf441c180, 32768)
08-02 16:06:13.470  1589  1681 W DeviceHAL: Error from HAL Device in function set_mic_mute: Function not implemented
08-02 16:06:13.470  1586  1586 W AshmemAllocator: ashmem_create_region(32768) returning hidl_memory(0xf441c180, 32768)
08-02 16:06:13.474  1586  1586 I chatty  : uid=1000(system) allocator@1.0-s identical 10 lines
08-02 16:06:13.474  1586  1586 W AshmemAllocator: ashmem_create_region(32768) returning hidl_memory(0xf441c180, 32768)
08-02 16:06:13.475  1890  1991 D WakeupController: reset()
08-02 16:06:13.475  1890  1991 I WifiStateMachine: disconnectedstate enter
08-02 16:06:13.475  2030  2030 E ConfigFileUtils: Failed to read config file: /data/user_de/0/com.google.android.gms/app_chimera/current_fileapks.pb (No such file or directory)
08-02 16:06:13.476  1890  1917 E BatteryExternalStatsWorker: no controller energy info supplied for wifi
08-02 16:06:13.477  1890  1993 E WifiP2pService: Unexpected disable request when WifiChannel is null
08-02 16:06:13.477  1890  1890 D WifiP2pService: Wifi enabled=false, P2P Interface availability=true
08-02 16:06:13.480  1890  1890 V SettingsProvider: Notifying for 0: content://settings/secure/enabled_notification_listeners
08-02 16:06:13.480  1890  1890 V SettingsProvider: Notifying for 0: content://settings/secure/enabled_notification_assistant
08-02 16:06:13.480  1890  1890 V SettingsProvider: Notifying for 0: content://settings/secure/enabled_notification_policy_access_packages
08-02 16:06:13.481  1890  1890 V SettingsProvider: Notifying for 0: content://settings/global/zen_mode_config_etag
08-02 16:06:13.481  1890  1890 D ConditionProviders.SCP: onSubscribe condition://android/schedule?days=1.2.3.4.5.6.7&start=22.0&end=7.0&exitAtAlarm=true
08-02 16:06:13.481  1890  1890 D ConditionProviders.SCP: setRegistered true
08-02 16:06:13.486  2236  2236 I SetupWizard: [SetupWizardActivity] DEVICE_PROVISIONED=false USER_SETUP_COMPLETE=false
08-02 16:06:13.486  1890  1917 E BatteryExternalStatsWorker: no controller energy info supplied for wifi
08-02 16:06:13.487  2236  2236 I SetupWizard: [SetupWizardActivity] Early exit: provisioningMode=DISABLED
08-02 16:06:13.496  1586  1586 W AshmemAllocator: ashmem_create_region(32768) returning hidl_memory(0xf441c180, 32768)
08-02 16:06:13.496  2236  2236 E ActivityThread: Failed to find provider info for com.google.android.gsf.gservices
08-02 16:06:13.497  2236  2236 E ActivityThread: Failed to find provider info for com.google.android.gsf.gservices
08-02 16:06:13.500  2236  2236 E ActivityThread: Failed to find provider info for com.google.settings
08-02 16:06:13.507  1890  2000 E ActivityThread: Failed to find provider info for com.android.calendar
08-02 16:06:13.500  1586  1586 I chatty  : uid=1000(system) allocator@1.0-s identical 4 lines
08-02 16:06:13.500  1586  1586 W AshmemAllocator: ashmem_create_region(32768) returning hidl_memory(0xf441c180, 32768)
08-02 16:06:13.508  2236  2236 E GoogleSettings: Can't set key use_location_for_services in content://com.google.settings/partner
08-02 16:06:13.508  2236  2236 E GoogleSettings: java.lang.IllegalArgumentException: Unknown URL content://com.google.settings/partner
08-02 16:06:13.508  2236  2236 E GoogleSettings: 	at android.content.ContentResolver.insert(ContentResolver.java:1583)
08-02 16:06:13.508  2236  2236 E GoogleSettings: 	at com.google.android.gsf.GoogleSettingsContract$NameValueTable.putString(GoogleSettingsContract.java:160)
08-02 16:06:13.508  2236  2236 E GoogleSettings: 	at com.google.android.gsf.GoogleSettingsContract$Partner.putString(GoogleSettingsContract.java:237)
08-02 16:06:13.508  2236  2236 E GoogleSettings: 	at com.google.android.gsf.GoogleSettingsContract$Partner.putInt(GoogleSettingsContract.java:249)
08-02 16:06:13.508  2236  2236 E GoogleSettings: 	at com.google.android.gsf.UseLocationForServices.forceSetUseLocationForServices(UseLocationForServices.java:153)
08-02 16:06:13.508  2236  2236 E GoogleSettings: 	at com.google.android.setupwizard.lifecycle.InitialSetupLifecycleCallback.onExit(InitialSetupLifecycleCallback.java:70)
08-02 16:06:13.508  2236  2236 E GoogleSettings: 	at com.google.android.setupwizard.common.lifecycle.LifecycleManager$Callback.onExit(LifecycleManager.java:294)
08-02 16:06:13.508  2236  2236 E GoogleSettings: 	at com.google.android.setupwizard.common.lifecycle.LifecycleManager.notifyExit(LifecycleManager.java:132)
08-02 16:06:13.508  2236  2236 E GoogleSettings: 	at com.google.android.setupwizard.util.ExitHelper.finishSetup(ExitHelper.java:76)
08-02 16:06:13.508  2236  2236 E GoogleSettings: 	at com.google.android.setupwizard.SetupWizardActivity.runForSuw(SetupWizardActivity.java:136)
08-02 16:06:13.508  2236  2236 E GoogleSettings: 	at com.google.android.setupwizard.SetupWizardActivity.onCreate(SetupWizardActivity.java:88)
08-02 16:06:13.508  2236  2236 E GoogleSettings: 	at android.app.Activity.performCreate(Activity.java:7136)
08-02 16:06:13.508  2236  2236 E GoogleSettings: 	at android.app.Activity.performCreate(Activity.java:7127)
08-02 16:06:13.508  2236  2236 E GoogleSettings: 	at android.app.Instrumentation.callActivityOnCreate(Instrumentation.java:1271)
08-02 16:06:13.508  2236  2236 E GoogleSettings: 	at android.app.ActivityThread.performLaunchActivity(ActivityThread.java:2893)
08-02 16:06:13.508  2236  2236 E GoogleSettings: 	at android.app.ActivityThread.handleLaunchActivity(ActivityThread.java:3048)
08-02 16:06:13.508  2236  2236 E GoogleSettings: 	at android.app.servertransaction.LaunchActivityItem.execute(LaunchActivityItem.java:78)
08-02 16:06:13.508  2236  2236 E GoogleSettings: 	at android.app.servertransaction.TransactionExecutor.executeCallbacks(TransactionExecutor.java:108)
08-02 16:06:13.508  2236  2236 E GoogleSettings: 	at android.app.servertransaction.TransactionExecutor.execute(TransactionExecutor.java:68)
08-02 16:06:13.508  2236  2236 E GoogleSettings: 	at android.app.ActivityThread$H.handleMessage(ActivityThread.java:1808)
08-02 16:06:13.508  2236  2236 E GoogleSettings: 	at android.os.Handler.dispatchMessage(Handler.java:106)
08-02 16:06:13.508  2236  2236 E GoogleSettings: 	at android.os.Looper.loop(Looper.java:193)
08-02 16:06:13.508  2236  2236 E GoogleSettings: 	at android.app.ActivityThread.main(ActivityThread.java:6669)
08-02 16:06:13.508  2236  2236 E GoogleSettings: 	at java.lang.reflect.Method.invoke(Native Method)
08-02 16:06:13.508  2236  2236 E GoogleSettings: 	at com.android.internal.os.RuntimeInit$MethodAndArgsCaller.run(RuntimeInit.java:493)
08-02 16:06:13.508  2236  2236 E GoogleSettings: 	at com.android.internal.os.ZygoteInit.main(ZygoteInit.java:858)
08-02 16:06:13.509  2048  2048 D SystemUIBootTiming: StartServicescom.android.systemui.recents.Recents took to complete: 227ms
08-02 16:06:13.511  1586  1586 W AshmemAllocator: ashmem_create_region(32768) returning hidl_memory(0xf441c180, 32768)
08-02 16:06:13.515  1890  2000 E ActivityThread: Failed to find provider info for com.android.calendar
08-02 16:06:13.512  1586  1586 I chatty  : uid=1000(system) allocator@1.0-s identical 2 lines
08-02 16:06:13.512  1586  1586 W AshmemAllocator: ashmem_create_region(32768) returning hidl_memory(0xf441c180, 32768)
08-02 16:06:13.516  2048  2048 I vol.Events: writeEvent collection_started
08-02 16:06:13.519  2236  2236 I SetupWizard: [AddContactsReceiver] Starting intent to add contacts
08-02 16:06:13.522  2236  2236 W SetupWizard: [GservicesValue] Bad attempt to access Gservices value before user is unlocked. Returning default value for google_setup:device_origin_wipe_out_delay
08-02 16:06:13.525  2236  2236 E ActivityThread: Failed to find provider info for com.google.android.gsf.gservices
08-02 16:06:13.531  1890  1908 W AccountManagerService: Blocking binding to authenticator ComponentInfo{com.google.android.gms/com.google.android.gms.auth.account.authenticator.GoogleAccountAuthenticatorService} which isn't encryption aware
08-02 16:06:13.531  1890  1908 D AccountManagerService: bind attempt failed for Session: expectLaunch false, connected false, stats (0/0/0), lifetime 0.0, getAccountsByTypeAndFeatures, service_usm
08-02 16:06:13.531  2236  2236 I SetupWizard: [ComponentLifecycleCallback] Resetting enabled state of all components
08-02 16:06:13.536  2048  2304 I vol.Events: writeEvent external_ringer_mode_changed normal
08-02 16:06:13.536  2048  2304 I vol.Events: writeEvent internal_ringer_mode_changed normal
08-02 16:06:13.540  1890  1890 D ConditionProviders.SCP: evaluateSubscriptionLocked cal=ScheduleCalendar[mDays={1, 2, 3, 4, 5, 6, 7}, mSchedule=ScheduleInfo{days=[1, 2, 3, 4, 5, 6, 7], startHour=22, startMinute=0, endHour=7, endMinute=0, exitAtAlarm=true, nextAlarm=Thu Jan 01 00:00:00 GMT 1970 (0)}], now=Tue Aug 02 13:06:13 GMT 2022 (1659445573481), nextUserAlarmTime=Thu Jan 01 00:00:00 GMT 1970 (0)
08-02 16:06:13.540  1890  1890 D ConditionProviders.SCP: notifyCondition condition://android/schedule?days=1.2.3.4.5.6.7&start=22.0&end=7.0&exitAtAlarm=true STATE_FALSE reason=!meetsSchedule
08-02 16:06:13.541  1890  1890 D ConditionProviders.SCP: Scheduling evaluate for Tue Aug 02 22:00:00 GMT 2022 (1659477600000), in +8h53m46s519ms, now=Tue Aug 02 13:06:13 GMT 2022 (1659445573481)
08-02 16:06:13.542  1890  2016 I SyncManager: Got SyncJobService instance.
08-02 16:06:13.545  1890  2301 I OMXClient: IOmx service obtained
08-02 16:06:13.545  1748  1831 I OMXMaster: makeComponentInstance(OMX.google.vorbis.decoder) in omx@1.0-service process
08-02 16:06:13.546  1748  1831 E OMXNodeInstance: getConfig(0xf27a6de0:google.vorbis.decoder, ConfigAndroidVendorExtension(0x6f100004)) ERROR: Undefined(0x80001001)
08-02 16:06:13.548  1586  1586 W AshmemAllocator: ashmem_create_region(32768) returning hidl_memory(0xf441c180, 32768)
08-02 16:06:13.550  1890  2293 D PackageManager: Instant App installer not found with android.intent.action.INSTALL_INSTANT_APP_PACKAGE
08-02 16:06:13.550  1890  2293 D PackageManager: Clear ephemeral installer activity
08-02 16:06:13.551  1890  1890 V SettingsProvider: Notifying for 0: content://settings/secure/sysui_tuner_version
08-02 16:06:13.551  1890  1890 I Telecom : WiredHeadsetManager: ACTION_HEADSET_PLUG event, plugged in: false, : WHC.oADA@AAE
08-02 16:06:13.549  1586  1586 I chatty  : uid=1000(system) allocator@1.0-s identical 1 line
08-02 16:06:13.550  1586  1586 W AshmemAllocator: ashmem_create_region(32768) returning hidl_memory(0xf441c180, 32768)
08-02 16:06:13.552  1890  1890 D MediaSessionService: Global priority session is changed from null to com.android.server.telecom/HeadsetMediaButton (userId=0)
08-02 16:06:13.553  1586  1586 W AshmemAllocator: ashmem_create_region(32768) returning hidl_memory(0xf441c180, 32768)
08-02 16:06:13.554  1586  1586 W AshmemAllocator: ashmem_create_region(32768) returning hidl_memory(0xf441c180, 32768)
08-02 16:06:13.555  1890  1890 I DefaultPermGrantPolicy: Granting permissions to default dialer app for user:0
08-02 16:06:13.556  2030  2030 E ActivityThread: Failed to find provider info for com.google.android.gsf.gservices
08-02 16:06:13.556  2030  2030 E ActivityThread: Failed to find provider info for com.google.android.gsf.gservices
08-02 16:06:13.557  1890  1890 I Telecom : PhoneAccountRegistrar: SimCallManager queried, returning: null: TSI.gSCM@AAM
08-02 16:06:13.559  1586  1586 W AshmemAllocator: ashmem_create_region(32768) returning hidl_memory(0xf441c180, 32768)
08-02 16:06:13.559  2048  2308 I OMXClient: IOmx service obtained
08-02 16:06:13.559  1748  1831 I OMXMaster: makeComponentInstance(OMX.google.vorbis.decoder) in omx@1.0-service process
08-02 16:06:13.559  1586  1586 W AshmemAllocator: ashmem_create_region(32768) returning hidl_memory(0xf441c180, 32768)
08-02 16:06:13.560  1586  1586 W AshmemAllocator: ashmem_create_region(32768) returning hidl_memory(0xf441c180, 32768)
08-02 16:06:13.562  1748  1831 E OMXNodeInstance: getConfig(0xf20ac5a0:google.vorbis.decoder, ConfigAndroidVendorExtension(0x6f100004)) ERROR: Undefined(0x80001001)
08-02 16:06:13.563  1586  1586 W AshmemAllocator: ashmem_create_region(32768) returning hidl_memory(0xf441c180, 32768)
08-02 16:06:13.571  1890  1890 V SettingsProvider: Notifying for 0: content://settings/global/network_recommendations_enabled
08-02 16:06:13.571  1890  1890 D AutofillManagerService: Autofill restriction did not change for user 0
08-02 16:06:13.565  1586  1586 I chatty  : uid=1000(system) allocator@1.0-s identical 6 lines
08-02 16:06:13.565  1586  1586 W AshmemAllocator: ashmem_create_region(32768) returning hidl_memory(0xf441c180, 32768)
08-02 16:06:13.571  1890  1890 D WifiP2pService: Wifi enabled=true, P2P Interface availability=true, Number of clients=0
08-02 16:06:13.571  1890  1890 D WifiP2pService: Wifi enabled=true, P2P Interface availability=true
08-02 16:06:13.572  1890  1992 I WifiScanningService: wifi driver unloaded
08-02 16:06:13.574  1890  1992 E WifiVendorHal: getBgScanCapabilities(l.671) failed {.code = ERROR_NOT_SUPPORTED, .description = }
08-02 16:06:13.575  1890  2293 W AccountManagerService: Blocking binding to authenticator ComponentInfo{com.google.android.gms/com.google.android.gms.auth.account.authenticator.GoogleAccountAuthenticatorService} which isn't encryption aware
08-02 16:06:13.575  1890  2293 D AccountManagerService: bind attempt failed for Session: expectLaunch false, connected false, stats (0/0/0), lifetime 0.0, getAccountsByTypeAndFeatures, service_usm
08-02 16:06:13.576  1890  2293 I ActivityManager: START u0 {act=android.intent.action.MAIN cat=[android.intent.category.HOME] flg=0x10000100 cmp=com.android.settings/.FallbackHome} from uid 0
08-02 16:06:13.576  1890  1992 I WifiScanningService: wifi driver loaded with scan capabilities: max buckets=16
08-02 16:06:13.579  1890  1890 V SettingsProvider: Notifying for 0: content://settings/secure/allowed_geolocation_origins
08-02 16:06:13.579  1890  1890 V SettingsProvider: Notifying for 0: content://settings/secure/last_setup_shown
08-02 16:06:13.580  1890  1890 D ZenLog  : config: conditionChanged,ZenModeConfig[user=0,allowAlarms=true,allowMedia=true,allowSystem=false,allowReminders=false,allowEvents=false,allowCalls=true,allowRepeatCallers=true,allowMessages=false,allowCallsFrom=stars,allowMessagesFrom=contacts,suppressedVisualEffects=511,areChannelsBypassingDnd=false,automaticRules={EVENTS_DEFAULT_RULE=ZenRule[enabled=false,snoozing=false,name=Event,zenMode=ZEN_MODE_IMPORTANT_INTERRUPTIONS,conditionId=condition://android/event?userId=-10000&calendar=&reply=1,condition=Condition[id=condition://android/event?userId=-10000&calendar=&reply=1,summary=...,line1=...,line2=...,icon=0,state=STATE_FALSE,flags=2],component=ComponentInfo{android/com.android.server.notification.EventConditionProvider},id=EVENTS_DEFAULT_RULE,creationTime=1659445572371,enabler=null], EVERY_NIGHT_DEFAULT_RULE=ZenRule[enabled=false,snoozing=false,name=Sleeping,zenMode=ZEN_MODE_IMPORTANT_INTERRUPTIONS,conditionId=condition://android/schedule?days=1.2.3.4.5.6.7&start=22.0&end=7.0&exitAtAlarm=true,condition=null,component=ComponentInfo{android/com.android.server.notification.ScheduleConditionProvider},id=EVERY_NIGHT_DEFAULT_RULE,creationTime=1659445572371,enabler=null]},manualRule=null],Diff[automaticRule[EVENTS_DEFAULT_RULE].condition:null->Condition[id=condition://android/event?userId=-10000&calendar=&reply=1,summary=...,line1=...,line2=...,icon=0,state=STATE_FALSE,flags=2]]
08-02 16:06:13.580  1890  1890 V SettingsProvider: Notifying for 0: content://settings/secure/snoozed_schedule_condition_provider
08-02 16:06:13.580  1890  1890 D ZenLog  : config: conditionChanged,ZenModeConfig[user=0,allowAlarms=true,allowMedia=true,allowSystem=false,allowReminders=false,allowEvents=false,allowCalls=true,allowRepeatCallers=true,allowMessages=false,allowCallsFrom=stars,allowMessagesFrom=contacts,suppressedVisualEffects=511,areChannelsBypassingDnd=false,automaticRules={EVENTS_DEFAULT_RULE=ZenRule[enabled=false,snoozing=false,name=Event,zenMode=ZEN_MODE_IMPORTANT_INTERRUPTIONS,conditionId=condition://android/event?userId=-10000&calendar=&reply=1,condition=Condition[id=condition://android/event?userId=-10000&calendar=&reply=1,summary=...,line1=...,line2=...,icon=0,state=STATE_FALSE,flags=2],component=ComponentInfo{android/com.android.server.notification.EventConditionProvider},id=EVENTS_DEFAULT_RULE,creationTime=1659445572371,enabler=null], EVERY_NIGHT_DEFAULT_RULE=ZenRule[enabled=false,snoozing=false,name=Sleeping,zenMode=ZEN_MODE_IMPORTANT_INTERRUPTIONS,conditionId=condition://android/schedule?days=1.2.3.4.5.6.7&start=22.0&end=7.0&exitAtAlarm=true,condition=Condition[id=condition://android/schedule?days=1.2.3.4.5.6.7&start=22.0&end=7.0&exitAtAlarm=true,summary=...,line1=...,line2=...,icon=0,state=STATE_FALSE,flags=2],component=ComponentInfo{android/com.android.server.notification.ScheduleConditionProvider},id=EVERY_NIGHT_DEFAULT_RULE,creationTime=1659445572371,enabler=null]},manualRule=null],Diff[automaticRule[EVERY_NIGHT_DEFAULT_RULE].condition:null->Condition[id=condition://android/schedule?days=1.2.3.4.5.6.7&start=22.0&end=7.0&exitAtAlarm=true,summary=...,line1=...,line2=...,icon=0,state=STATE_FALSE,flags=2]]
08-02 16:06:13.580  1890  1890 I LockSettingsService: Reporting device setup complete to IGateKeeperService
08-02 16:06:13.581  2236  2236 E ActivityThread: Failed to find provider info for com.google.android.gsf.gservices
08-02 16:06:13.582  2236  2236 I SetupWizard: [PreDeferredLifecycleScheduler] Scheduled job#2650 to run at Tue Aug 02 13:06:14 GMT 2022
08-02 16:06:13.585  1756  1756 D PermissionCache: checking android.permission.ACCESS_KEYGUARD_SECURE_STORAGE for uid=1000 => granted (241 us)
08-02 16:06:13.585  1756  1756 I gatekeeperd: cold boot: clearing state
08-02 16:06:13.585  1890  1890 V SettingsProvider: Notifying for 0: content://settings/global/device_provisioned
08-02 16:06:13.585  1890  1890 V SettingsProvider: Notifying for 0: content://settings/secure/user_setup_complete
08-02 16:06:13.586  1890  1912 E AutofillManagerServiceImpl: Bad AutofillService name: com.google.android.gms/.autofill.service.AutofillService
08-02 16:06:13.586  1890  1912 D AutofillManagerServiceImpl: Reset component for user 0 (com.google.android.gms/.autofill.service.AutofillService)
08-02 16:06:13.586  1890  1912 E AutofillManagerServiceImpl: Bad AutofillService name: com.google.android.gms/.autofill.service.AutofillService
08-02 16:06:13.586  1890  1912 D AutofillManagerServiceImpl: Reset component for user 0 (com.google.android.gms/.autofill.service.AutofillService)
08-02 16:06:13.586  1890  1912 D FieldClassificationStrategy: reset(): service is not bound. Do nothing.
08-02 16:06:13.586  1890  1914 D AutofillUI: destroySaveUiUiThread(): already destroyed
08-02 16:06:13.586  1890  1890 I FusedLocation: engine started (com.android.location.fused)
08-02 16:06:13.586  1890  1890 W Looper  : Drained
08-02 16:06:13.587  1890  1890 D ZenLog  : set_zen_mode: off,conditionChanged
08-02 16:06:13.590  1890  1915 I ActivityManager: Start proc 2321:com.android.settings/1000 for activity com.android.settings/.FallbackHome
08-02 16:06:13.590  1586  1586 W AshmemAllocator: ashmem_create_region(32768) returning hidl_memory(0xf441c180, 32768)
08-02 16:06:13.600  1890  1890 D ZenLog  : set_zen_mode: off,conditionChanged
08-02 16:06:13.602  1890  1890 I DevicePolicyManager: Set ro.device_owner property to false
08-02 16:06:13.590  1586  1586 I chatty  : uid=1000(system) allocator@1.0-s identical 2 lines
08-02 16:06:13.590  1586  1586 W AshmemAllocator: ashmem_create_region(32768) returning hidl_memory(0xf441c180, 32768)
08-02 16:06:13.619  2048  2330 I OMXClient: IOmx service obtained
08-02 16:06:13.619  1748  1831 I OMXMaster: makeComponentInstance(OMX.google.vorbis.decoder) in omx@1.0-service process
08-02 16:06:13.621  1877  1877 E hostapd : Using interface wlan1 with hwaddr 02:40:e2:00:01:00 and ssid "AndroidWifi"
08-02 16:06:13.621  1877  1877 I hostapd : wlan1: interface state HT_SCAN->ENABLED
08-02 16:06:13.621  1877  1877 I hostapd : wlan1: AP-ENABLED 
08-02 16:06:13.624  1748  1831 E OMXNodeInstance: getConfig(0xf20ac000:google.vorbis.decoder, ConfigAndroidVendorExtension(0x6f100004)) ERROR: Undefined(0x80001001)
08-02 16:06:13.625  1586  1586 W AshmemAllocator: ashmem_create_region(32768) returning hidl_memory(0xf441c180, 32768)
08-02 16:06:13.628  1586  1586 I chatty  : uid=1000(system) allocator@1.0-s identical 10 lines
08-02 16:06:13.628  1586  1586 W AshmemAllocator: ashmem_create_region(32768) returning hidl_memory(0xf441c180, 32768)
08-02 16:06:13.632  2321  2321 W ndroid.setting: Unexpected CPU variant for X86 using defaults: x86
08-02 16:06:13.642  1890  1890 V SettingsProvider: Notifying for 0: content://settings/global/zen_mode_config_etag
08-02 16:06:13.642  2048  2304 I vol.Events: writeEvent level_changed STREAM_VOICE_CALL 4
08-02 16:06:13.650  2048  2304 I vol.Events: writeEvent level_changed STREAM_SYSTEM 5
08-02 16:06:13.650  2048  2304 I vol.Events: writeEvent level_changed STREAM_RING 5
08-02 16:06:13.651  2048  2304 I vol.Events: writeEvent level_changed STREAM_MUSIC 5
08-02 16:06:13.652  2048  2304 I vol.Events: writeEvent level_changed STREAM_ALARM 6
08-02 16:06:13.652  2048  2304 I vol.Events: writeEvent level_changed STREAM_BLUETOOTH_SCO 7
08-02 16:06:13.654  2048  2304 I vol.Events: writeEvent zen_mode_config_changed [disallowAlarms=false disallowMedia=false disallowSystem=true disallowRinger=false]
08-02 16:06:13.673  2321  2321 I ndroid.setting: The ClassLoaderContext is a special shared library.
08-02 16:06:13.673  2018  2018 I FeaturePermissions: onSharedPreferenceChanged() : Key = current_input_method_entry : Feature = null
08-02 16:06:13.674  2321  2321 I ndroid.setting: The ClassLoaderContext is a special shared library.
08-02 16:06:13.648  1890  1890 V SettingsProvider: Notifying for 0: content://settings/global/zen_mode_config_etag
08-02 16:06:13.679  2048  2048 D SystemUIBootTiming: StartServicescom.android.systemui.volume.VolumeUI took to complete: 170ms
08-02 16:06:13.679  1890  2345 I OMXClient: IOmx service obtained
08-02 16:06:13.679  1748  2194 I OMXMaster: makeComponentInstance(OMX.google.vorbis.decoder) in omx@1.0-service process
08-02 16:06:13.680  1748  2194 E OMXNodeInstance: getConfig(0xf20ac000:google.vorbis.decoder, ConfigAndroidVendorExtension(0x6f100004)) ERROR: Undefined(0x80001001)
08-02 16:06:13.680  1586  1586 W AshmemAllocator: ashmem_create_region(32768) returning hidl_memory(0xf441c180, 32768)
08-02 16:06:13.681  1586  1586 I chatty  : uid=1000(system) allocator@1.0-s identical 6 lines
08-02 16:06:13.681  1586  1586 W AshmemAllocator: ashmem_create_region(32768) returning hidl_memory(0xf441c180, 32768)
08-02 16:06:13.703  1732  1750 E SurfaceFlinger: ro.sf.lcd_density must be defined as a build property
08-02 16:06:13.729  2321  2321 D OpenGLRenderer: Skia GL Pipeline
08-02 16:06:13.730  2048  2048 D SystemUIBootTiming: StartServicescom.android.systemui.stackdivider.Divider took to complete: 51ms
08-02 16:06:13.733  1732  1974 E SurfaceFlinger: ro.sf.lcd_density must be defined as a build property
08-02 16:06:13.753  1890  2361 I OMXClient: IOmx service obtained
08-02 16:06:13.753  1748  2194 I OMXMaster: makeComponentInstance(OMX.google.vorbis.decoder) in omx@1.0-service process
08-02 16:06:13.755  1748  2194 E OMXNodeInstance: getConfig(0xf20ac000:google.vorbis.decoder, ConfigAndroidVendorExtension(0x6f100004)) ERROR: Undefined(0x80001001)
08-02 16:06:13.755  1586  1586 W AshmemAllocator: ashmem_create_region(32768) returning hidl_memory(0xf441c180, 32768)
08-02 16:06:13.756  1586  1586 I chatty  : uid=1000(system) allocator@1.0-s identical 6 lines
08-02 16:06:13.756  1586  1586 W AshmemAllocator: ashmem_create_region(32768) returning hidl_memory(0xf441c180, 32768)
08-02 16:06:13.756  1890  2232 I WifiService: getWifiServiceMessenger uid=10038
08-02 16:06:13.758  1599  1792 D gralloc_ranchu: gralloc_alloc: Creating ashmem region of size 8298496
08-02 16:06:13.759  2321  2359 D HostConnection: HostConnection::get() New Host Connection established 0xe7d9e230, tid 2359
08-02 16:06:13.770  1599  1792 D gralloc_ranchu: gralloc_alloc: Creating ashmem region of size 8298496
08-02 16:06:13.770  1599  1599 D gralloc_ranchu: gralloc_alloc: Creating ashmem region of size 8298496
08-02 16:06:13.776  2321  2359 D HostConnection: HostComposition ext ANDROID_EMU_CHECKSUM_HELPER_v1 ANDROID_EMU_native_sync_v2 ANDROID_EMU_native_sync_v3 ANDROID_EMU_native_sync_v4 ANDROID_EMU_dma_v1 ANDROID_EMU_YUV420_888_to_NV21 ANDROID_EMU_YUV_Cache ANDROID_EMU_sync_buffer_data GL_OES_EGL_image_external_essl3 GL_OES_vertex_array_object GL_KHR_texture_compression_astc_ldr ANDROID_EMU_host_side_tracing ANDROID_EMU_gles_max_version_3_0 
08-02 16:06:13.780  1890  2356 D ConnectivityService: requestNetwork for uid/pid:10038/2048 NetworkRequest [ TRACK_DEFAULT id=9, [ Capabilities: INTERNET&NOT_RESTRICTED&TRUSTED Unwanted:  Uid: 10038] ]
08-02 16:06:13.781  2321  2359 I ConfigStore: android::hardware::configstore::V1_0::ISurfaceFlingerConfigs::hasWideColorDisplay retrieved: 0
08-02 16:06:13.781  2321  2359 I ConfigStore: android::hardware::configstore::V1_0::ISurfaceFlingerConfigs::hasHDRDisplay retrieved: 0
08-02 16:06:13.781  2321  2359 I OpenGLRenderer: Initialized EGL, version 1.4
08-02 16:06:13.781  2321  2359 D OpenGLRenderer: Swap behavior 1
08-02 16:06:13.782  2321  2359 W OpenGLRenderer: Failed to choose config with EGL_SWAP_BEHAVIOR_PRESERVED, retrying without...
08-02 16:06:13.782  2321  2359 D OpenGLRenderer: Swap behavior 0
08-02 16:06:13.782  2321  2359 D eglCodecCommon: setVertexArrayObject: set vao to 0 (0) 0 0
08-02 16:06:13.782  2321  2359 D EGL_emulation: eglCreateContext: 0xe7d85120: maj 3 min 0 rcv 3
08-02 16:06:13.783  2321  2359 D EGL_emulation: eglMakeCurrent: 0xe7d85120: ver 3 0 (tinfo 0xe7d835c0)
08-02 16:06:13.785  1732  2368 E SurfaceFlinger: ro.sf.lcd_density must be defined as a build property
08-02 16:06:13.792  1890  2044 I Zygote  : Process: zygote socket ABSTRACT/com.android.internal.os.WebViewZygoteInit/0c7d31aa-08fa-43f6-ad42-411df15fd49c opened, supported ABIS: x86,armeabi-v7a,armeabi
08-02 16:06:13.792  1890  2044 D WebViewZygote: Preloading package /system/app/Chrome/Chrome.apk /system/app/Chrome/lib/x86:/system/app/Chrome/Chrome.apk!/lib/x86
08-02 16:06:13.803  1890  2044 I Zygote  : Process: zygote socket ABSTRACT/com.android.internal.os.WebViewZygoteInit/0c7d31aa-08fa-43f6-ad42-411df15fd49c opened, supported ABIS: x86,armeabi-v7a,armeabi
08-02 16:06:13.804  2147  2147 D TelephonyProvider: dbh.onCreate:+ db=SQLiteDatabase: /data/user_de/0/com.android.providers.telephony/databases/telephony.db
08-02 16:06:13.804  2147  2147 D TelephonyProvider: dbh.createSimInfoTable:+ siminfo
08-02 16:06:13.805  2147  2147 D TelephonyProvider: dbh.createSimInfoTable:-
08-02 16:06:13.805  2147  2147 D TelephonyProvider: dbh.createCarriersTable: carriers
08-02 16:06:13.806  2147  2147 D TelephonyProvider: dbh.createCarriersTable:-
08-02 16:06:13.806  2147  2147 D TelephonyProvider: dbh.onCreate: Apply apns from xml.
08-02 16:06:13.807  2147  2147 D TelephonyProvider: Load APNs from /system/etc/apns-conf.xml instead of /oem/telephony/apns-conf.xml
08-02 16:06:13.807  2147  2147 D TelephonyProvider: Load APNs from /data/misc/apns/apns-conf.xml instead of /system/etc/apns-conf.xml
08-02 16:06:13.808  2147  2147 D TelephonyProvider: confFile = /data/misc/apns/apns-conf.xml
08-02 16:06:13.809  2018  2018 I FeaturePermissions: onSharedPreferenceChanged() : Key = pref_key_access_points_showing_order_migrated : Feature = null
08-02 16:06:13.813  2056  2056 I WebViewZygoteInit: Beginning package preload
08-02 16:06:13.815  2056  2056 I webview_zygote: The ClassLoaderContext is a special shared library.
08-02 16:06:13.817  2321  2359 D HostConnection: createUnique: call
08-02 16:06:13.817  2321  2359 D HostConnection: HostConnection::get() New Host Connection established 0xe7d9e500, tid 2359
